6000: .core.__START_PROGRAM
6018: .core.__CALL_BACK__
601A: .core.ZXBASIC_MEM_HEAP
601A: .core.ZXBASIC_USER_DATA
701A: ._x
701B: ._y
701C: ._mbutt
701D: ._rx
701E: ._ry
701F: ._click
7020: ._rx2
7021: ._xx
7022: ._yy
7023: ._temp_ch_len
7025: ._moy
7027: ._mox
7029: ._count
702B: ._temp_wav_len
702C: ._playing
702D: ._tempbyte
702E: ._tsize
702F: ._detune_a
7031: ._detune_b
7033: ._detune_c
7035: ._temp_wav_add
7037: ._debugv
7039: ._clicktimer
703A: ._timing
703B: ._audiomask
703C: ._lastclick
703D: ._psgclock
7041: ._file
7043: ._t
7045: ._fname
7047: ._songinfo
7049: ._selxx
704A: ._selyy
704B: ._col
704C: ._max
704D: ._maxoffset
704E: ._cha_state
704F: ._chb_state
7050: ._chc_state
7051: ._cha_wave_len
7052: ._chb_wave_len
7053: ._chc_wave_len
7054: ._chan_select
7055: ._loadstate
7056: ._sinoff
7057: ._sinspeed
7058: ._keydown
7059: ._position
705A: ._keytimer
705B: ._editmode
705C: ._stars_x
705D: ._stars_y
705E: ._stars_s
705F: ._stars_cx
7060: ._stars_cy
7061: ._stars_cs
7062: ._stars_fc
7064: ._stars_c
7066: ._stars_add
7068: ._files
706A: ._files.__DATA__.__PTR__
706C: ._files.__DATA__
726E: .LABEL.__LABEL414
7271: ._size
7273: ._size.__DATA__.__PTR__
7275: ._size.__DATA__
7679: .LABEL.__LABEL415
767C: .core.ZXBASIC_USER_DATA_END
767C: .core.__MAIN_PROGRAM__
7686: .LABEL._filename
7686: .filename
77C6: .endfilename
77C6: .nbtempstackstart
77C9: .shadowlayerbit
77CA: .nextbuild_file_end
7851: .LABEL._Mouse
7851: .Mouse
787E: .LABEL.__LABEL4
7913: .LABEL.__LABEL1
7924: .startup
7936: .irq
7A0E: .LABEL.__LABEL6
7A24: .LABEL.__LABEL9
7A37: .LABEL.__LABEL11
7A3A: .LABEL._bardata
7A3A: .bardata
7A7A: .LABEL._sindata
7ABA: .LABEL._stringtemp
7ABA: .stringtemp
7B0A: .LABEL._wavea
7B0A: .test_waveforma
7B0A: .wavea
7B2A: .LABEL._waveb
7B2A: .test_waveformb
7B2A: .waveb
7B4A: .LABEL._wavec
7B4A: .test_waveformc
7B6A: .noduty_waveform
7B8A: .muted_waveform
7BAA: .LABEL._ENDOFPROG
7BAA: .LABEL._coloffsets
7BAA: .LABEL._notetable
7BB0: .LABEL._xxoffset
7BBA: .LABEL._Stardata
7BBA: .startdata
7EA9: .LABEL._header
7EA9: .header
7F2F: .LABEL._defaults
7F2F: .defaults
7FB8: .core.__END_PROGRAM
7FC6: ._MMU8
7FDC: ._MMU8__leave
7FE6: ._checkints
7FFB: .itbuff
7FFC: ._checkints__leave
7FFD: ._GetReg
800F: ._GetReg__leave
8018: ._ShowLayer2
8024: ._ShowLayer2__leave
8025: ._NextRegA
802E: ._NextRegA__leave
802F: ._InitSprites
8047: .sploop
8050: ._InitSprites__leave
805B: ._UpdateSprite
808F: ._UpdateSprite__leave
8093: .__EXIT_FUNCTION
809D: ._LoadSD
80C4: .carryon
811E: .LABEL._filesize
811E: .filesize
8134: .loadsdout2
8137: ._LoadSD__leave
8151: ._SaveSD
818D: .LABEL.__LABEL16
81C0: .LABEL.__LABEL13
820C: .filewrite
8232: .savesdout
823B: ._SaveSD__leave
8253: ._PalUpload
8288: ._PalUpload__leave
8294: ._printat42
82A8: ._printat42__leave
82B2: ._print42
84A1: ._print42__leave
84B7: ._printat64
84CB: ._printat64__leave
84D5: ._print64
873E: ._print64__leave
8754: ._hex
8794: ._hex__leave
8795: ._hex16
87C8: ._hex16__leave
87DE: ._hex8
880C: ._hex8__leave
8822: ._right
8849: ._right__leave
8860: ._lcase2
887F: ._lcase2__leave
8880: ._lcase
889D: ._lcase__leave
88B3: ._checkkeys
88E4: .LABEL.__LABEL383
8904: .LABEL.__LABEL21
890B: .LABEL.__LABEL22
890E: .LABEL.__LABEL19
8928: .LABEL.__LABEL384
8945: .LABEL.__LABEL24
895F: .LABEL.__LABEL385
897C: .LABEL.__LABEL27
8996: .LABEL.__LABEL386
89B3: .LABEL.__LABEL30
89CD: .LABEL.__LABEL387
89E1: .LABEL.__LABEL33
89FB: .LABEL.__LABEL388
8A0F: .LABEL.__LABEL36
8A29: .LABEL.__LABEL389
8A3D: .LABEL.__LABEL39
8A57: .LABEL.__LABEL390
8A67: .LABEL.__LABEL42
8A81: .LABEL.__LABEL391
8A91: .LABEL.__LABEL45
8AAB: .LABEL.__LABEL392
8AC0: .LABEL.__LABEL48
8ADA: .LABEL.__LABEL393
8AF0: .LABEL.__LABEL51
8B0A: .LABEL.__LABEL394
8B22: .LABEL.__LABEL54
8B3C: .LABEL.__LABEL395
8B55: .LABEL.__LABEL57
8B6F: .LABEL.__LABEL396
8B81: .LABEL.__LABEL60
8B9B: .LABEL.__LABEL397
8BAA: .LABEL.__LABEL63
8BC4: .LABEL.__LABEL398
8BDA: .LABEL.__LABEL66
8BF4: .LABEL.__LABEL399
8C0A: .LABEL.__LABEL69
8C24: .LABEL.__LABEL400
8C51: .LABEL.__LABEL76
8C68: .LABEL.__LABEL75
8C70: .LABEL.__LABEL72
8C8C: ._checkkeys__leave
8C9E: ._loadpt3
8D10: .LABEL.__LABEL88
8D58: .LABEL.__LABEL85
8D74: .LABEL.__LABEL91
8DA0: .oldloadsp
8DA1: .LABEL.__LABEL84
8DB9: ._loadpt3__leave
8DC2: ._savent3
8E9B: ._savent3__leave
8EAD: ._loadnt3
8F01: ._loadnt3__leave
8F13: ._setnt3
8FA2: ._setnt3__leave
8FA3: ._adjustwavelength
8FC1: .LABEL.__LABEL93
8FD7: .LABEL.__LABEL95
8FEB: .LABEL.__LABEL94
9000: .LABEL.__LABEL99
900B: .LABEL.__LABEL100
902A: ._adjustwavelength__leave
9034: ._adjustshiftlength
904C: .LABEL.__LABEL103
905C: .LABEL.__LABEL105
906A: .LABEL.__LABEL104
9083: .LABEL.__LABEL109
908E: .LABEL.__LABEL110
9095: ._adjustshiftlength__leave
909F: ._drawwave
90B0: .prnloop
90BD: ._drawwave__leave
90BE: ._refreshsettings
9215: .LABEL.__LABEL116
92A1: ._refreshsettings__leave
92A2: ._displaywaveform
92C6: .LABEL.__LABEL121
92D9: .LABEL.__LABEL123
92EA: .LABEL.__LABEL122
930A: .LABEL.__LABEL130
9340: .LABEL.__LABEL127
9353: ._displaywaveform__leave
935C: ._drawwavpartial
938D: .LABEL.__LABEL133
93A0: .LABEL.__LABEL135
93B1: .LABEL.__LABEL134
93D1: .LABEL.__LABEL142
93F5: .LABEL.__LABEL144
940C: .LABEL.__LABEL143
9410: .LABEL.__LABEL139
9419: ._drawwavpartial__leave
9422: ._newmouse
944A: .bl
946E: .bd
948A: .getmouse
94A3: .rangehl
94B1: .mi
94B5: .mousex
94B6: .mousey
94B7: .omousex
94B8: .omousey
94B9: .nmousex
94BA: .nmousey
94BB: .mouseb
94BC: .omouseb
94BD: .rmousex
94BF: .rmousey
94C1: .dmousex
94C2: .dmousey
94C3: .mouseend
94D5: ._newmouse__leave
94D6: ._makestars
94E2: .LABEL.__LABEL149
951E: .LABEL.__LABEL146
952B: ._makestars__leave
952C: ._updatestars
9538: .LABEL.__LABEL154
955D: .LABEL._here
9589: .LABEL.__LABEL151
9596: ._updatestars__leave
9597: ._fplot
95AB: ._fplot__leave
95B5: ._barvus
95DC: .LABEL.__LABEL159
9602: .LABEL.__LABEL156
960A: .LABEL.__LABEL158
9655: .LABEL._hhj
965C: .LABEL.__LABEL166
9682: .LABEL.__LABEL163
968A: .LABEL.__LABEL165
96DC: .LABEL.__LABEL173
9702: .LABEL.__LABEL170
970A: .LABEL.__LABEL172
9753: .LABEL.__LABEL180
9797: .LABEL.__LABEL177
97B0: .decloop
97B5: .nodec
97B8: ._barvus__leave
97BD: ._mono
97D4: ._mono__leave
97D5: ._enable_cha
97E8: .LABEL.__LABEL182
97F6: .LABEL.__LABEL183
981B: ._enable_cha__leave
981C: ._enable_chb
982F: .LABEL.__LABEL186
983D: .LABEL.__LABEL187
9864: ._enable_chb__leave
9865: ._enable_chc
9878: .LABEL.__LABEL190
9886: .LABEL.__LABEL191
98AD: ._enable_chc__leave
98AE: ._detune_cha_a
98C7: .LABEL.__LABEL194
98D6: .LABEL.__LABEL195
98DC: ._detune_cha_a__leave
98E5: ._detune_cha_b
98FE: .LABEL.__LABEL198
990D: .LABEL.__LABEL199
9913: ._detune_cha_b__leave
991C: ._detune_cha_c
9935: .LABEL.__LABEL202
9944: .LABEL.__LABEL203
994A: ._detune_cha_c__leave
9953: ._updatevumeters
9988: .makevu
9995: .drawloop
999C: .blankend
99A1: ._updatevumeters__leave
99A1: .skipcha
99A2: ._processMouse2
9A14: .LABEL.__LABEL207
9A2B: .LABEL.__LABEL401
9A8C: .LABEL.__LABEL214
9AF5: .LABEL.__LABEL215
9B6D: .LABEL.__LABEL211
9B70: .LABEL.__LABEL208
9B87: .LABEL.__LABEL402
9B91: .LABEL.__LABEL222
9BAA: .LABEL.__LABEL226
9BAD: ._processMouse2__leave
9BB2: ._mainpage
9BCE: ._mainpage__leave
9BCF: ._nextsid_stop
9BD2: ._nextsid_stop__leave
9BD3: ._processMouse
9C47: .LABEL.__LABEL229
9C5E: .LABEL.__LABEL403
9C76: .LABEL.__LABEL404
9C96: .LABEL.__LABEL234
9CB2: .LABEL.__LABEL236
9CCB: .LABEL.__LABEL233
9CDD: .LABEL.__LABEL405
9CF9: .LABEL.__LABEL242
9D10: .LABEL.__LABEL244
9D26: .LABEL.__LABEL241
9D3A: .LABEL.__LABEL406
9D56: .LABEL.__LABEL250
9D6F: .LABEL.__LABEL252
9D85: .LABEL.__LABEL249
9D9E: .LABEL.__LABEL258
9DAC: .LABEL.__LABEL259
9DAF: .LABEL.__LABEL256
9DC8: .LABEL.__LABEL264
9DD6: .LABEL.__LABEL265
9DD9: .LABEL.__LABEL262
9DF2: .LABEL.__LABEL270
9E00: .LABEL.__LABEL271
9E03: .LABEL.__LABEL268
9E1F: .LABEL.__LABEL276
9E31: .LABEL.__LABEL277
9E39: .LABEL.__LABEL274
9E5C: .LABEL.__LABEL282
9E69: .LABEL.__LABEL284
9E77: .LABEL.__LABEL286
9E82: .LABEL.__LABEL283
9E8A: .LABEL.__LABEL280
9EB3: .LABEL.__LABEL292
9EC0: .LABEL.__LABEL294
9ECE: .LABEL.__LABEL296
9F06: .LABEL.__LABEL301
9F09: .LABEL.__LABEL298
9F2B: .LABEL.__LABEL293
9F33: .LABEL.__LABEL290
9F88: .LABEL.__LABEL306
9F9A: .LABEL.__LABEL308
9FA8: .LABEL.__LABEL310
9FE0: .LABEL.__LABEL315
9FE7: .LABEL.__LABEL312
A00D: .LABEL.__LABEL307
A010: .LABEL.__LABEL304
A043: .LABEL.__LABEL407
A056: .LABEL.__LABEL257
A06B: .LABEL.__LABEL408
A078: .LABEL.__LABEL409
A0C3: .LABEL.__LABEL325
A0CD: .LABEL.__LABEL328
A0D0: .LABEL.__LABEL230
A0E7: .LABEL.__LABEL410
A0FD: .LABEL.__LABEL411
A117: .LABEL.__LABEL333
A12F: .LABEL.__LABEL335
A144: .LABEL.__LABEL332
A14E: .LABEL.__LABEL340
A151: .LABEL.__LABEL329
A170: .LABEL.__LABEL412
A17D: .LABEL.__LABEL413
A1C4: .LABEL.__LABEL344
A1C8: ._processMouse__leave
A1CD: ._defaultsettings
A1DB: ._defaultsettings__leave
A1DC: ._setpsgclock
A1E0: ._setpsgclock__leave
A1E1: ._abc
A1F0: ._abc__leave
A1F1: ._chiptype
A200: ._chiptype__leave
A201: ._DrawRequester
A21D: .LABEL.__LABEL348
A253: .LABEL.__LABEL350
A258: .LABEL.__LABEL351
A267: .LABEL.__LABEL353
A2BA: .LABEL.__LABEL349
A2BE: .LABEL.__LABEL345
A305: ._DrawRequester__leave
A306: ._DrawColours
A31B: .LABEL.__LABEL363
A346: .LABEL.__LABEL365
A34B: .LABEL.__LABEL366
A35A: .LABEL.__LABEL368
A3A0: .LABEL.__LABEL364
A3A4: .LABEL.__LABEL360
A3AF: ._DrawColours__leave
A3B0: ._readdir
A3DA: .initdrive
A3F1: .dirloop
A401: .genlenthtloop
A410: .donelength
A500: .LABEL._dirbuffera
A505: .handle
A506: .dirbuffer
A605: .dir
A608: .print_fname
A610: .donedir
A62C: .LABEL.__LABEL381
A633: ._readdir__leave
A645: ._PeekMem
A645: .peekmem.main
A652: .peekmem.copyloop
A65D: .peekmem.endcopy
A669: ._PeekMem__leave
A66A: ._changedir
A68D: .chdirsuccess
A69D: ._changedir__leave
A6A6: ._PeekMemLen
A6BC: ._PeekMemLen__leave
A6BD: ._backupsysvar
A6D1: ._backupsysvar__leave
A6D2: .LABEL.__LABEL0
A6F4: .LABEL.__LABEL12
A6F7: .LABEL.__LABEL18
A6FA: .LABEL.__LABEL23
A6FD: .LABEL.__LABEL26
A700: .LABEL.__LABEL29
A703: .LABEL.__LABEL32
A706: .LABEL.__LABEL35
A709: .LABEL.__LABEL38
A70C: .LABEL.__LABEL41
A70F: .LABEL.__LABEL44
A712: .LABEL.__LABEL47
A715: .LABEL.__LABEL50
A718: .LABEL.__LABEL53
A71B: .LABEL.__LABEL56
A71E: .LABEL.__LABEL59
A721: .LABEL.__LABEL62
A724: .LABEL.__LABEL65
A727: .LABEL.__LABEL68
A72A: .LABEL.__LABEL71
A72D: .LABEL.__LABEL78
A743: .LABEL.__LABEL92
A748: .LABEL.__LABEL113
A74E: .LABEL.__LABEL114
A757: .LABEL.__LABEL117
A75B: .LABEL.__LABEL118
A75E: .LABEL.__LABEL119
A765: .LABEL.__LABEL120
A768: .LABEL.__LABEL132
A76B: .LABEL.__LABEL220
A770: .LABEL.__LABEL221
A779: .LABEL.__LABEL326
A781: .LABEL.__LABEL358
A789: .LABEL.__LABEL359
A791: .LABEL.__LABEL373
A7A1: .LABEL.__LABEL374
A7A3: .LABEL.__LABEL375
A7A8: .LABEL.__LABEL376
A7AB: .core.__ERROR
A7AF: .core.__ERROR_CODE
A7B1: .core.__STOP
A7B5: .core.__MEM_INIT
A7BB: .core.__MEM_INIT2
A7D9: .core.MEM_ALLOC
A7D9: .core.__MEM_ALLOC
A828: .core.__MUL16
A83F: .core.__ARRAY_PTR
A843: .core.__ARRAY
A886: .core.MEM_FREE
A886: .core.__MEM_FREE
A8D8: .core.__ASC
A8EE: .core.__BAND16
A8F5: .core.__BOR16
A8FC: .core.CHR
A927: .core.__CHR_END
A92D: .core.SCREEN_ADDR
A92F: .core.SCREEN_ATTR_ADDR
A931: .core.__IN_SCREEN
A93B: .core.__OUT_OF_SCREEN_ERR
A940: .core.__ATTR_ADDR
A951: .core.SET_ATTR
A958: .core.__SET_ATTR
A958: .core.__SET_ATTR2
A965: .core.__LOAD_S_POSN
A971: .core.__SAVE_S_POSN
A97A: .core.__SET_SCR_PTR
A997: .core.__zxnbackup_sysvar_bank
A9AD: .core.__zxnbackup_sysvar_bank_restore
A9B2: .core.CLS
A9E6: .core.JUMP_HL_PLUS_2A
A9E7: .core.JUMP_HL_PLUS_A
A9EA: .core.JUMP_HL_PLUS_DE
A9EF: .core.CALL_HL
A9F0: .core.INK
AA12: .core.INK_TMP
AA1B: .core.PAPER
AA49: .core.FLASH
AA4C: .core.__SET_FLASH
AA63: .core.FLASH_TMP
AA68: .core.BRIGHT
AA6B: .core.__SET_BRIGHT
AA82: .core.BRIGHT_TMP
AA87: .core.OVER
AAB5: .core.INVERSE
AAC2: .core.INVERSE_TMP
AAD0: .core.BOLD
AADD: .core.BOLD_TMP
AAE9: .core.ITALIC
AAF6: .core.ITALIC_TMP
AB04: .core.__PRINT_INIT
AB29: .core.__PRINTCHAR
AB2D: .core.__PRINT_CHR
AB6A: .core.__PRGRAPH0
AB87: .core.PRINT_MODE
AB88: .core.INVERSE_MODE
ABA1: .core.__PRINT_SPECIAL
ABA8: .core.__PRINT_0Dh
ABB9: .core.__PRINT_EOL_END
ABEA: .core.__PRINT_AT
ABEF: .core.__PRINT_NOP
ABEF: .core.__PRINT_RESTART
AC14: .core.__PRINT_DEL
AC2F: .core.__PRINT_INK2
AC39: .core.__PRINT_PAP2
AC3E: .core.__PRINT_FLA
AC43: .core.__PRINT_FLA2
AC48: .core.__PRINT_BRI
AC4D: .core.__PRINT_BRI2
AC52: .core.__PRINT_INV
AC57: .core.__PRINT_INV2
AC5C: .core.__PRINT_OVR
AC61: .core.__PRINT_OVR2
ACB7: .core.PRINT_COMMA
ACBF: .core.PRINT_TAB
AD0E: .core.COPY_ATTR
AD52: .core.__ABS16
AD55: .core.__NEGHL
AD5D: .core.__DIVU16
AD5D: .core.__DIVU16_FAST
AD64: .core.__DIV16LOOP
AD6F: .core.__DIV16NOADD
AD75: .core.__MODU16
AD7A: .core.__DIVI16
AD7A: .core.__DIVI16_FAST
AD88: .core.__DIVI16A
AD8D: .core.__DIVI16B
AD96: .core.__MODI16
AD9B: .core.__ABS32
AD9E: .core.__NEG32
ADB0: .core.__DIVU32
ADB4: .core.__DIVU32START
ADC7: .core.__DIV32LOOP
ADE6: .core.__DIV32NOADD
ADF4: .core.__MODU32
ADFB: .core.__MODU32START
AE02: .core.__DIVI32
AE06: .core.__DIVI32START
AE23: .core.__MODI32
AE2D: .core.__DIVU8
AE2F: .core.__DIVU8_FAST
AE34: .core.__DIV8LOOP
AE3C: .core.__DIV8NOSUB
AE41: .core.__DIVI8
AE43: .core.__DIVI8_FAST
AE4B: .core.__DIV8A
AE54: .core.__DIV8B
AE5F: .core.__MODU8
AE61: .core.__MODU8_FAST
AE66: .core.__MODI8
AE68: .core.__MODI8_FAST
AE6D: .core.__EQ16
AE73: .core.__EQ32
AE8A: .core.__FTOU32REG
AEA7: .core.__FTOU32REG_LOOP
AEBB: .core.__FTOU32REG_END
AED3: .core.__FTOU8
AED8: .core.__ILOAD32
AEE2: .core.INKEY
AF0F: .core.__ILOADSTR
AF16: .core.__LOADSTR
AF2F: .core.__MUL32_64START
AF39: .core.__LMUL
AF46: .core.__LMULLOOP
AF4D: .core.__LMULNOADD
AF57: .core.__LMULSTART
AF63: .core.__MUL32
AF6B: .core.__TO32BIT
AF72: .core.__FPSTACK_PUSH2
AF83: .core.__FPSTACK_I16
AF8E: .core.__MULF
AF97: .core.PRINT_STR
AF97: .core.__PRINTSTR
AFBC: .core.__PRINT_STR
AFC4: .core.__PISTORE32
AFCA: .core.__ISTORE32
AFCE: .core.__STORE32
AFD6: .core.__PSTORE32
AFDF: .core.__PISTORE_STR2
AFE3: .core.__ISTORE_STR2
AFE7: .core.__STORE_STR2
AFF7: .core.__PSTORE_STR2
AFFE: .core.RANDOMIZE
B019: .core.RAND
B042: .core.RND
B065: .core.__REALLOC
B099: .core.__STRASSIGN
B0CD: .core.__STRCPY
B0E2: .core.__PISTORE_STR
B0E6: .core.__ISTORE_STR
B0EA: .core.__STORE_STR
B0FA: .core.__STR
B0FA: .core.__STR_FAST
B135: .core.__STR_BANKS
B138: .core.__STRLEN
B140: .core.__ADDSTR
B140: .core.__STRCAT2
B169: .core.__STR_CONT1
B172: .core.__STRCAT
B195: .core.__STR_ISNULL
B19B: .core.__STRCMP
B1DD: .core.__STREQ
B1EA: .core.__STRNE
B1F4: .core.__STRLT
B202: .core.__STRLE
B20D: .core.__STRGT
B21B: .core.__STRGE
B223: .core.__FREE_STR
B239: .core.__STRSLICE
B23D: .core.__STRSLICE_FAST
B284: .core.__SUB32
B298: .core.__SWAP32
B2A3: .core.__I8TOFREG
B2A9: .core.__I32TOFREG
B2B7: .core.__U8TOFREG
B2BC: .core.__U32TOFREG
B2D0: .core.__U32TOFREG_LOOP