6000: .core.__START_PROGRAM
6018: .core.__CALL_BACK__
601A: .core.ZXBASIC_MEM_HEAP
601A: .core.ZXBASIC_USER_DATA
681A: ._y
681B: ._spriteflag
681C: ._im
681D: ._x
681F: ._p
6820: ._tx
6822: ._ty
6823: ._sp
6824: ._id
6825: ._di
6826: ._dd
6827: ._ve
6828: ._spr
6829: ._sprites
682B: ._sprites.__DATA__.__PTR__
682D: ._sprites.__DATA__
6CB6: .LABEL.__LABEL76
6CBB: .core.ZXBASIC_USER_DATA_END
6CBB: .core.__MAIN_PROGRAM__
6CBF: .nbtempstackstart
6CC9: .LABEL._filename
6CC9: .filename
6E09: .endfilename
6E09: .shadowlayerbit
6E0A: .nextbuild_file_end
6E42: .LABEL.__LABEL3
6F50: .LABEL.__LABEL0
6F82: .LABEL.__LABEL8
6FA7: .LABEL.__LABEL14
6FB0: .LABEL.__LABEL19
6FB7: .LABEL.__LABEL70
700A: .LABEL.__LABEL16
701B: .LABEL.__LABEL11
7024: .LABEL.__LABEL21
70FA: .LABEL.__LABEL33
7101: .LABEL.__LABEL73
7139: .LABEL.__LABEL30
7163: .LABEL.__LABEL35
717C: .LABEL.__LABEL38
7252: .LABEL.__LABEL43
7259: .LABEL.__LABEL74
7297: .LABEL.__LABEL40
72C2: .LABEL.__LABEL45
72D4: .LABEL._spritepal
7317: .core.__END_PROGRAM
7325: ._checkints
733A: .itbuff
733B: ._checkints__leave
733C: ._InitSprites2
736A: ._InitSprites2__leave
736B: ._UpdateSprite
739F: ._UpdateSprite__leave
73A3: .__EXIT_FUNCTION
73AD: ._PalUpload
73E2: ._PalUpload__leave
73EE: ._WaitRetrace
7402: ._WaitRetrace__leave
7403: ._WaitRetrace2
7424: ._WaitRetrace2__leave
7425: ._WaitKey
7461: .exit_wait_key
7462: ._WaitKey__leave
7463: ._GetKeyScanCode
7476: ._GetKeyScanCode__leave
7477: ._BinToString
74A7: ._BinToString__leave
74A8: ._update_all_sprites
74C4: .LABEL.__LABEL50
7566: .LABEL.__LABEL57
7569: .LABEL.__LABEL54
759C: .LABEL.__LABEL55
75C2: .LABEL.__LABEL65
75C5: .LABEL.__LABEL62
75EA: .LABEL.__LABEL63
75F1: .LABEL.__LABEL75
764C: .LABEL.__LABEL53
7660: .LABEL.__LABEL47
7669: ._update_all_sprites__leave
766E: .LABEL.__LABEL5
767B: .LABEL.__LABEL24
768B: .LABEL.__LABEL25
768F: .LABEL.__LABEL26
769F: .LABEL.__LABEL27
76AF: .LABEL.__LABEL28
76BF: .LABEL.__LABEL29
76CF: .LABEL.__LABEL37
76D1: .core.__ERROR
76D5: .core.__ERROR_CODE
76D7: .core.__STOP
76DB: .core.__MEM_INIT
76E1: .core.__MEM_INIT2
76FF: .core.MEM_ALLOC
76FF: .core.__MEM_ALLOC
774E: .core.__MUL16
7751: .core.__MUL16_FAST
7765: .core.__ARRAY_PTR
7769: .core.__ARRAY
77AC: .core.SCREEN_ADDR
77AE: .core.SCREEN_ATTR_ADDR
77B0: .core.__IN_SCREEN
77BA: .core.__OUT_OF_SCREEN_ERR
77BF: .core.__ATTR_ADDR
77D0: .core.SET_ATTR
77D7: .core.__SET_ATTR
77D7: .core.__SET_ATTR2
77E4: .core.__LOAD_S_POSN
77F0: .core.__SAVE_S_POSN
77F9: .core.__SET_SCR_PTR
7816: .core.__zxnbackup_sysvar_bank
782C: .core.__zxnbackup_sysvar_bank_restore
7831: .core.CLS
7865: .core.JUMP_HL_PLUS_2A
7866: .core.JUMP_HL_PLUS_A
7869: .core.JUMP_HL_PLUS_DE
786E: .core.CALL_HL
786F: .core.INK
7891: .core.INK_TMP
789A: .core.PAPER
78BF: .core.PAPER_TMP
78C8: .core.FLASH
78CB: .core.__SET_FLASH
78E2: .core.FLASH_TMP
78E7: .core.BRIGHT
78EA: .core.__SET_BRIGHT
7901: .core.BRIGHT_TMP
7906: .core.OVER
791C: .core.OVER_TMP
7934: .core.INVERSE
7941: .core.INVERSE_TMP
794F: .core.BOLD
795C: .core.BOLD_TMP
7968: .core.ITALIC
7975: .core.ITALIC_TMP
7983: .core.__PRINT_INIT
79A8: .core.__PRINTCHAR
79AC: .core.__PRINT_CHR
79E9: .core.__PRGRAPH0
7A06: .core.PRINT_MODE
7A07: .core.INVERSE_MODE
7A20: .core.__PRINT_SPECIAL
7A27: .core.__PRINT_0Dh
7A38: .core.__PRINT_EOL_END
7A69: .core.__PRINT_AT
7A6E: .core.__PRINT_NOP
7A6E: .core.__PRINT_RESTART
7A93: .core.__PRINT_DEL
7AAE: .core.__PRINT_INK2
7AB8: .core.__PRINT_PAP2
7ABD: .core.__PRINT_FLA
7AC2: .core.__PRINT_FLA2
7AC7: .core.__PRINT_BRI
7ACC: .core.__PRINT_BRI2
7AD1: .core.__PRINT_INV
7AD6: .core.__PRINT_INV2
7ADB: .core.__PRINT_OVR
7AE0: .core.__PRINT_OVR2
7B36: .core.PRINT_COMMA
7B3E: .core.PRINT_TAB
7B8D: .core.COPY_ATTR
7BD1: .core.__EQ16
7BD7: .core.__ABS32
7BDA: .core.__NEG32
7BEC: .core.__FTOU32REG
7C09: .core.__FTOU32REG_LOOP
7C1D: .core.__FTOU32REG_END
7C35: .core.__FTOU8
7C3A: .core.INKEY
7C67: .core.__FPSTACK_PUSH2
7C78: .core.__FPSTACK_I16
7C83: .core.__MULF
7C8C: .core.MEM_FREE
7C8C: .core.__MEM_FREE
7CDE: .core.PRINT_STR
7CDE: .core.__PRINTSTR
7D03: .core.__PRINT_STR
7D0B: .core.__PRINTU_START
7D1E: .core.__PRINT_MINUS
7D23: .core.__DIVU8
7D25: .core.__DIVU8_FAST
7D2A: .core.__DIV8LOOP
7D32: .core.__DIV8NOSUB
7D37: .core.__DIVI8
7D39: .core.__DIVI8_FAST
7D41: .core.__DIV8A
7D4A: .core.__DIV8B
7D55: .core.__MODU8
7D57: .core.__MODU8_FAST
7D5C: .core.__MODI8
7D5E: .core.__MODI8_FAST
7D63: .core.__PRINTI8
7D6E: .core.__PRINTU8
7D84: .core.RANDOMIZE
7D9F: .core.RAND
7DC8: .core.RND
7DEB: .core.__STR_ISNULL
7DF1: .core.__STRCMP
7E33: .core.__STREQ
7E40: .core.__STRNE
7E4A: .core.__STRLT
7E58: .core.__STRLE
7E63: .core.__STRGT
7E71: .core.__STRGE
7E79: .core.__FREE_STR