8000: .core.__START_PROGRAM
8015: .core.__CALL_BACK__
8017: .core.ZXBASIC_MEM_HEAP
8017: .core.ZXBASIC_USER_DATA
8817: ._k
8819: ._kdown
881A: ._n
881B: .core.ZXBASIC_USER_DATA_END
881B: .core.__MAIN_PROGRAM__
881E: .nbtempstackstart
8828: .LABEL._filename
8828: .filename
8968: .endfilename
8968: .shadowlayerbit
8969: .nextbuild_file_end
89B8: .LABEL.__LABEL3
89DB: .LABEL.__LABEL9
89DE: .LABEL.__LABEL5
89FD: .LABEL.__LABEL11
8A1C: .LABEL.__LABEL14
8A6F: .LABEL.__LABEL6
8A72: .core.__END_PROGRAM
8A80: ._checkints
8A95: .itbuff
8A96: ._checkints__leave
8A97: ._L2Text
8AEA: .PlotTextTile
8B20: .textfontdone
8B25: .endofl2text
8B2C: ._L2Text__leave
8B46: ._CLS256
8B4E: .Cls256
8B65: .LoadAll
8B6B: .ClearLoop
8B8E: ._CLS256__leave
8B97: ._NewMusic
8BAC: ._NewMusic__leave
8BAD: ._PlaySFX
8BB0: ._PlaySFX__leave
8BB1: ._InitMusic
8BF3: .aybank1
8BFB: .ayseta
8C07: .aysetde
8C15: .aysetde2
8C17: .aysetde1
8C24: .exitplayerinit
8C30: .ayrepairestack
8C34: .ayplayerstack
8CB4: .playmusicnl
8D00: .exitplayernl
8D0C: .ayrepairestack2
8D0D: .re_init_music
8D1B: .re_init_music2
8D1D: .re_init_music1
8D35: .mustplayernl
8D3F: ._InitMusic__leave
8D40: ._SetUpIM
8E00: .IM_vector
8F02: ._exit_im_setup
8F09: ._SetUpIM__leave
8F0A: ._ISR
8F59: .no_sfx_to_play
8F62: .skipfxplayernl
8F72: .skipmusicplayer
8F88: .out_isr_sp
900D: .temp_isr_sp
900F: ._ISR__leave
9010: .PlaySFX
9010: ._PlaySFXSys
9040: .AFXPLAY
9046: .afxBnkAdr
9054: .afxPlay0
9065: .afxPlay1
907F: ._PlaySFXSys__leave
9080: ._InitSFX
90B0: .AFXINIT
90BD: .afxInit0
90CC: .afxInit1
90EB: ._InitSFX__leave
90EC: .AFXFRAME
90EC: ._CallbackSFX
9121: .afxFrame0
9159: .afxFrame1
9168: .afxFrame2
916C: .afxFrame3
9171: .afxFrame4
917F: .afxFrame5
9186: .afxFrame6
9192: .afxFrame7
91C2: ._CallbackSFX__leave
91C3: ._InitInterupts
91FA: ._InitInterupts__leave
9206: .LABEL.__LABEL0
9224: .LABEL.__LABEL1
923E: .LABEL.__LABEL2
924F: .LABEL.__LABEL7
9251: .LABEL.__LABEL10
9254: .LABEL.__LABEL13
9257: .LABEL.__LABEL16
925A: .LABEL.__LABEL19
9261: .LABEL.__LABEL20
9264: .core.__MEM_INIT
926A: .core.__MEM_INIT2
9288: .core.MEM_FREE
9288: .core.__MEM_FREE
92DA: .core.__ERROR
92DE: .core.__ERROR_CODE
92E0: .core.__STOP
92E4: .core.MEM_ALLOC
92E4: .core.__MEM_ALLOC
9333: .core.INKEY
9360: .core.__ILOADSTR
9367: .core.__LOADSTR
9380: .core.__PISTORE_STR2
9384: .core.__ISTORE_STR2
9388: .core.__STORE_STR2
9398: .core.__FPSTACK_PUSH2
93A9: .core.__FPSTACK_I16
93B4: .core.SCREEN_ADDR
93B6: .core.SCREEN_ATTR_ADDR
93B8: .core.__zxnbackup_sysvar_bank
93CE: .core.__zxnbackup_sysvar_bank_restore
93D3: .core.__STR
93D3: .core.__STR_FAST
940E: .core.__STR_BANKS
9411: .core.__STRLEN
9419: .core.__ADDSTR
9419: .core.__STRCAT2
9442: .core.__STR_CONT1
944B: .core.__STRCAT
946E: .core.__STR_ISNULL
9474: .core.__STRCMP
94B6: .core.__STREQ
94C3: .core.__STRNE
94CD: .core.__STRLT
94DB: .core.__STRLE
94E6: .core.__STRGT
94F4: .core.__STRGE
94FC: .core.__FREE_STR
9512: .core.__ABS32
9515: .core.__NEG32
9527: .core.__I8TOFREG
952D: .core.__I32TOFREG
953B: .core.__U8TOFREG
9540: .core.__U32TOFREG
9554: .core.__U32TOFREG_LOOP