8000: .core.__START_PROGRAM
8015: .core.__CALL_BACK__
8017: .core.ZXBASIC_MEM_HEAP
8017: .core.ZXBASIC_USER_DATA
8817: ._k
8819: ._basex
881A: ._basey
881B: ._kdown
881C: ._n
881D: ._a1
881E: ._b1
881F: ._c1
8820: ._a2
8821: ._b2
8822: ._c2
8823: .core.ZXBASIC_USER_DATA_END
8823: .core.__MAIN_PROGRAM__
8826: .nbtempstackstart
8830: .LABEL._filename
8830: .filename
8970: .endfilename
8970: .shadowlayerbit
8971: .nextbuild_file_end
89DC: .LABEL.__LABEL3
89FF: .LABEL.__LABEL9
8A02: .LABEL.__LABEL5
8A21: .LABEL.__LABEL11
8A40: .LABEL.__LABEL14
8A93: .LABEL.__LABEL6
8A9B: .core.__END_PROGRAM
8AA9: ._checkints
8ABE: .itbuff
8ABF: ._checkints__leave
8AC0: ._InitSprites2
8AEE: ._InitSprites2__leave
8AEF: ._UpdateSprite
8B23: ._UpdateSprite__leave
8B27: .__EXIT_FUNCTION
8B31: ._L2Text
8B84: .PlotTextTile
8BBA: .textfontdone
8BBF: .endofl2text
8BC6: ._L2Text__leave
8BE0: ._CLS256
8BE8: .Cls256
8BFF: .LoadAll
8C05: .ClearLoop
8C28: ._CLS256__leave
8C31: ._WaitRetrace2
8C52: ._WaitRetrace2__leave
8C53: ._NewMusic
8C68: ._NewMusic__leave
8C69: ._PlaySFX
8C6C: ._PlaySFX__leave
8C6D: ._InitMusic
8CAF: .aybank1
8CB7: .ayseta
8CC3: .aysetde
8CD1: .aysetde2
8CD3: .aysetde1
8CE0: .exitplayerinit
8CEC: .ayrepairestack
8CF0: .ayplayerstack
8D70: .playmusicnl
8DBC: .exitplayernl
8DC8: .ayrepairestack2
8DC9: .re_init_music
8DD7: .re_init_music2
8DD9: .re_init_music1
8DF1: .mustplayernl
8DFB: ._InitMusic__leave
8DFC: ._SetUpIM
8F00: .IM_vector
9002: ._exit_im_setup
9009: ._SetUpIM__leave
900A: ._ISR
905C: .no_sfx_to_play
9065: .skipfxplayernl
9075: .skipmusicplayer
908B: .out_isr_sp
9110: .temp_isr_sp
9112: ._ISR__leave
9113: .PlaySFX
9113: ._PlaySFXSys
9143: .AFXPLAY
9149: .afxBnkAdr
9157: .afxPlay0
9168: .afxPlay1
9182: ._PlaySFXSys__leave
9183: ._InitSFX
91B3: .AFXINIT
91C0: .afxInit0
91CF: .afxInit1
91EE: ._InitSFX__leave
91EF: .AFXFRAME
91EF: ._CallbackSFX
9224: .afxFrame0
925C: .afxFrame1
926B: .afxFrame2
926F: .afxFrame3
9274: .afxFrame4
9282: .afxFrame5
9289: .afxFrame6
9295: .afxFrame7
92C5: ._CallbackSFX__leave
92C6: ._MyCustomISR
92DB: ._MyCustomISR__leave
92DC: ._UpdateVus
93C8: ._UpdateVus__leave
93C9: ._InitInterupts
93FA: ._InitInterupts__leave
9406: .LABEL.__LABEL0
9424: .LABEL.__LABEL1
943E: .LABEL.__LABEL2
944F: .LABEL.__LABEL7
9451: .LABEL.__LABEL10
9454: .LABEL.__LABEL13
9457: .LABEL.__LABEL16
945A: .LABEL.__LABEL19
9461: .LABEL.__LABEL20
9464: .core.__MEM_INIT
946A: .core.__MEM_INIT2
9488: .core.MEM_FREE
9488: .core.__MEM_FREE
94DA: .core.__ERROR
94DE: .core.__ERROR_CODE
94E0: .core.__STOP
94E4: .core.MEM_ALLOC
94E4: .core.__MEM_ALLOC
9533: .core.INKEY
9560: .core.__ILOADSTR
9567: .core.__LOADSTR
9580: .core.__PISTORE_STR2
9584: .core.__ISTORE_STR2
9588: .core.__STORE_STR2
9598: .core.__FPSTACK_PUSH2
95A9: .core.__FPSTACK_I16
95B4: .core.SCREEN_ADDR
95B6: .core.SCREEN_ATTR_ADDR
95B8: .core.__zxnbackup_sysvar_bank
95CE: .core.__zxnbackup_sysvar_bank_restore
95D3: .core.__STR
95D3: .core.__STR_FAST
960E: .core.__STR_BANKS
9611: .core.__STRLEN
9619: .core.__ADDSTR
9619: .core.__STRCAT2
9642: .core.__STR_CONT1
964B: .core.__STRCAT
966E: .core.__STR_ISNULL
9674: .core.__STRCMP
96B6: .core.__STREQ
96C3: .core.__STRNE
96CD: .core.__STRLT
96DB: .core.__STRLE
96E6: .core.__STRGT
96F4: .core.__STRGE
96FC: .core.__FREE_STR
9712: .core.__ABS32
9715: .core.__NEG32
9727: .core.__I8TOFREG
972D: .core.__I32TOFREG
973B: .core.__U8TOFREG
9740: .core.__U32TOFREG
9754: .core.__U32TOFREG_LOOP