8000: .core.__START_PROGRAM
8012: .core.__CALL_BACK__
8014: ._x
8014: .core.ZXBASIC_USER_DATA
8015: .core.ZXBASIC_USER_DATA_END
8015: .core.__MAIN_PROGRAM__
801F: .LABEL._filename
801F: .filename
811F: .endfilename
811F: .nbtempstackstart
8122: .shadowlayerbit
813B: .LABEL.__LABEL0
8150: .LABEL.__LABEL2
8154: .LABEL.__LABEL3
815A: .ctc_sample_table
817B: .core.__END_PROGRAM
8188: ._checkints
819D: .itbuff
819E: ._checkints__leave
819F: ._WaitKey
81DB: .exit_wait_key
81DC: ._WaitKey__leave
81DD: ._StopMusic
81E2: ._StopMusic__leave
81E3: ._PlaySFX
81E6: ._PlaySFX__leave
81E7: ._InitMusic
822A: .aybank1
8232: .ayseta
823E: .aysetde
824C: .exitplayerinit
8258: .ayrepairestack
8263: .ayplayerstack
82E3: .playmusicnl
8315: .exitplayernl
8321: .ayrepairestack2
8322: .re_init_music
8330: .mustplayernl
833A: ._InitMusic__leave
833B: ._ISR
8352: .no_sample_to_play
835C: .no_sfx_to_play
8365: .skipfxplayernl
8375: .skipmusicplayer
837E: .isr_replace_port
838D: .out_isr_sp
83D1: .temp_isr_sp
83D3: ._ISR__leave
83D4: .PlaySFX
83D4: ._PlaySFXSys
8404: .AFXPLAY
840A: .afxBnkAdr
8418: .afxPlay0
8429: .afxPlay1
8443: ._PlaySFXSys__leave
8444: ._InitSFX
8474: .AFXINIT
8481: .afxInit0
8490: .afxInit1
84AF: ._InitSFX__leave
84B0: .AFXFRAME
84B0: ._CallbackSFX
84E5: .afxFrame0
851D: .afxFrame1
852C: .afxFrame2
8530: .afxFrame3
8535: .afxFrame4
8543: .afxFrame5
854A: .afxFrame6
8556: .afxFrame7
8582: ._CallbackSFX__leave
8583: ._SetUPCTC
8583: .startup
8592: .irq
85AA: .patch_interrupt
8601: .set_ctc
862C: .timing_tab
863C: .sampletiming
863D: .tunemamebuffer
863F: .raster_line
8642: .ctc0
8660: .temp_isr_sp2
8662: .ctc1
866B: .nextsid_50hz_count
8675: .call_isr
8676: .nextsid_50hz_reset
867A: .no_call_isr
867B: .out_isr_sp3
8681: .raster_frame
8685: ._SetUPCTC__leave
8686: ._PlaySample
8689: ._PlaySample__leave
868A: ._PlayCTC
868A: .play_sample
868D: .process_sample
86A7: .sampread
86B3: .sampread2
86C0: .sample
86C1: .sample_bank
86C2: .sample_loop
86C3: .sample_start
86C5: .sample_length
86C7: .sample_offset
86C9: .play_ctc_sample
86EC: .playing
871B: .playbankout
8723: .ctc0a_port
8723: .done_playing
872B: ._PlayCTC__leave
872C: ._InitInterupts
875A: ._InitInterupts__leave