8000: .core.__START_PROGRAM
8015: .core.__CALL_BACK__
8017: .core.ZXBASIC_MEM_HEAP
8017: .core.ZXBASIC_USER_DATA
8817: ._x
8818: .core.ZXBASIC_USER_DATA_END
8818: .core.__MAIN_PROGRAM__
8822: .LABEL._filename
8822: .filename
8962: .endfilename
8962: .nbtempstackstart
8965: .shadowlayerbit
8966: .nextbuild_file_end
8983: .LABEL.__LABEL0
8998: .LABEL.__LABEL2
899C: .LABEL.__LABEL3
89AE: .LABEL.__LABEL6
89B4: .ctc_sample_table
89D5: .core.__END_PROGRAM
89E3: ._checkints
89F8: .itbuff
89F9: ._checkints__leave
89FA: ._WaitKey
8A36: .exit_wait_key
8A37: ._WaitKey__leave
8A38: ._PlayMusic
8A3D: ._PlayMusic__leave
8A3E: ._PlaySFX
8A41: ._PlaySFX__leave
8A42: ._InitMusic
8A84: .aybank1
8A8C: .ayseta
8A98: .aysetde
8AB5: .exitplayerinit
8AC1: .ayrepairestack
8AC5: .ayplayerstack
8B45: .playmusicnl
8B91: .exitplayernl
8B9D: .ayrepairestack2
8B9E: .re_init_music
8BC6: .mustplayernl
8BD0: ._InitMusic__leave
8BD1: ._ISR
8BEF: .no_sample_to_play
8BF9: .no_sfx_to_play
8C02: .skipfxplayernl
8C12: .skipmusicplayer
8C1B: .isr_replace_port
8C31: .out_isr_sp
8CB5: .temp_isr_sp
8CBA: ._ISR__leave
8CBB: .PlaySFX
8CBB: ._PlaySFXSys
8CEB: .AFXPLAY
8CF1: .afxBnkAdr
8CFF: .afxPlay0
8D10: .afxPlay1
8D2A: ._PlaySFXSys__leave
8D2B: ._InitSFX
8D5B: .AFXINIT
8D68: .afxInit0
8D77: .afxInit1
8D96: ._InitSFX__leave
8D97: .AFXFRAME
8D97: ._CallbackSFX
8DC9: .afxFrame0
8E01: .afxFrame1
8E10: .afxFrame2
8E14: .afxFrame3
8E19: .afxFrame4
8E27: .afxFrame5
8E2E: .afxFrame6
8E3A: .afxFrame7
8E63: ._CallbackSFX__leave
8E64: ._SetUpCTC
8E64: .startup
8E73: .irq
8E8B: .patch_interrupt
8EE1: .set_ctc
8F09: .timing_tab
8F19: .sampletiming
8F1A: .tunemamebuffer
8F1C: .raster_line
8F22: .ctc0
8F34: .out_isr_sp1
8F7A: .temp_isr_sp2
8F7C: .ctc1
8F85: .nextsid_50hz_count
8F8F: .call_isr
8F90: .nextsid_50hz_reset
8F91: .no_call_isr
8F92: .out_isr_sp3
8FD8: .temp_isr_sp3
8FDA: .raster_frame
8FDE: ._SetUpCTC__leave
8FDF: ._PlaySample
8FE3: ._PlaySample__leave
8FE4: ._PlayCTC
8FE4: .play_sample
8FE7: .process_sample
9001: .sampread
900D: .sampread2
901A: .sample
901B: .sample_bank
901C: .sample_loop
901D: .sample_start
901F: .sample_length
9021: .sample_offset
9023: .play_ctc_sample
9046: .playing
9075: .playbankout
907D: .ctc0a_port
907D: .done_playing
9085: ._PlayCTC__leave
9086: ._InitInterupts
90B4: ._InitInterupts__leave
90BF: .LABEL.__LABEL4
90C2: .core.__ERROR
90C6: .core.__ERROR_CODE
90C8: .core.__STOP
90CC: .core.__MEM_INIT
90D2: .core.__MEM_INIT2
90F0: .core.MEM_ALLOC
90F0: .core.__MEM_ALLOC
913F: .core.INKEY
916C: .core.MEM_FREE
916C: .core.__MEM_FREE
91BE: .core.__STR_ISNULL
91C4: .core.__STRCMP
9206: .core.__STREQ
9213: .core.__STRNE
921D: .core.__STRLT
922B: .core.__STRLE
9236: .core.__STRGT
9244: .core.__STRGE
924C: .core.__FREE_STR