6000: .core.__START_PROGRAM
6015: .core.__CALL_BACK__
6017: .core.ZXBASIC_MEM_HEAP
6017: .core.ZXBASIC_USER_DATA
6217: ._C
6219: ._ca
621A: ._cb
621B: ._lp
621C: ._Color
621D: ._cc
621E: ._nc
621F: ._H
6220: ._rx
6221: ._X
6222: ._Y
6223: ._a
6224: ._kx
6226: ._mouse_mbutt
6227: ._mouse_mox
6228: ._mouse_moy
6229: ._mouse_spry
622A: ._mouse_sprx
622C: ._copperx
622D: ._copperi
622E: ._copperb
622F: ._copperl
6230: ._copperc
6231: ._copperd
6232: ._coppere
6233: ._copperj
6234: ._co
6236: ._co.__DATA__.__PTR__
6238: ._co.__DATA__
6338: .LABEL.__LABEL53
633B: ._si
633D: ._si.__DATA__.__PTR__
633F: ._si.__DATA__
643F: .LABEL.__LABEL54
6442: .core.ZXBASIC_USER_DATA_END
6442: .core.__MAIN_PROGRAM__
644B: .core.__END_PROGRAM
6463: .LABEL._filename
6463: .filename
65A3: .endfilename
65A3: .shadowlayerbit
65A4: .LABEL._sindata
65A4: .nextbuild_file_end
65A4: .sindata
6BCF: .LABEL._rainbow
6FD5: ._NStr
6FF5: .CharToAsc
701E: ._NStr__leave
7034: ._checkints
7049: .itbuff
704A: ._checkints__leave
704B: ._ScrollLayer
7054: ._ScrollLayer__leave
7055: ._PlotL2
705E: .LABEL._LayerShadow
7068: .skip_wrap2
706D: ._PlotL2__leave
706E: ._InitSprites2
709C: ._InitSprites2__leave
709D: ._UpdateSprite
70D1: ._UpdateSprite__leave
70D5: .__EXIT_FUNCTION
70DF: ._L2Text
7132: .PlotTextTile
7168: .textfontdone
716D: .endofl2text
7174: ._L2Text__leave
718E: ._PalUpload
71C3: ._PalUpload__leave
71CF: ._ClipLayer2
71EF: ._ClipLayer2__leave
71FB: ._WaitRetrace
720F: ._WaitRetrace__leave
7210: ._StopMusic
7215: ._StopMusic__leave
7216: ._PlayMusic
721B: ._PlayMusic__leave
721C: ._NewMusic
7231: ._NewMusic__leave
7232: ._PlaySFX
7235: ._PlaySFX__leave
7236: ._GetKey2
7284: ._GetKey2__leave
7285: ._fSin
72B0: .LABEL.__LABEL0
72EB: .LABEL.__LABEL2
732A: .LABEL.__LABEL3
7369: .LABEL.__LABEL4
736D: .LABEL.__LABEL5
73A5: .LABEL.__LABEL7
7464: .LABEL._sinetable
7492: ._fSin__leave
749C: ._fCos
74C0: ._fCos__leave
74CA: ._copper_stop
74D2: ._copper_stop__leave
74D3: ._reset_palette
74DE: .reset_pal_loop
74E8: ._reset_palette__leave
74E9: ._ProcessMouse
7511: .bl
7535: .bd
7561: .getmouse
757A: .rangehl
7588: .mi
758C: .mousex
758D: .mousey
758E: .omousex
758F: .omousey
7590: .nmousex
7591: .nmousey
7592: .mouseb
7593: .omouseb
7594: .rmousex
7596: .rmousey
7598: .dmousex
7599: .dmousey
759A: ._ProcessMouse__leave
759A: .mouseend
759B: ._UpdatePointer
75DB: ._UpdatePointer__leave
75E4: ._Init
75E9: ._Init__leave
75EA: ._Main
762E: .LABEL.__LABEL8
76A9: .LABEL.__LABEL11
76B0: .LABEL.__LABEL17
76FB: .LABEL.__LABEL14
7799: .LABEL.__LABEL23
77C6: .LABEL.__LABEL26
77E3: .LABEL.__LABEL28
77F4: .LABEL.__LABEL29
7802: .LABEL.__LABEL31
7816: .LABEL.__LABEL33
782A: .LABEL.__LABEL35
783E: .LABEL.__LABEL37
7853: .LABEL.__LABEL51
788A: .LABEL.__LABEL42
788E: .LABEL.__LABEL43
7895: .LABEL.__LABEL39
78AA: .LABEL.__LABEL52
78E4: .LABEL.__LABEL47
78E8: .LABEL.__LABEL48
78EF: .LABEL.__LABEL44
78FA: .LABEL.__LABEL30
7911: ._Main__leave
7916: ._copper_wobble
7916: .copper_wobble
7939: .cop_upload_copperloop
79A6: .wait_raster_copperline
79B5: ._copper_wobble__leave
79B6: .LABEL.__LABEL19
79C0: .LABEL.__LABEL20
79C8: .LABEL.__LABEL21
79DC: .LABEL.__LABEL22
79F4: .LABEL.__LABEL41
79FD: .LABEL.__LABEL46
7A02: .core.__MUL16
7A05: .core.__MUL16_FAST
7A19: .core.__ARRAY_PTR
7A1D: .core.__ARRAY
7A60: .core.__ABS32
7A63: .core.__NEG32
7A75: .core.__DIVU32
7A79: .core.__DIVU32START
7A8C: .core.__DIV32LOOP
7AAB: .core.__DIV32NOADD
7AB9: .core.__MODU32
7AC0: .core.__MODU32START
7AC7: .core.__DIVI32
7ACB: .core.__DIVI32START
7AE8: .core.__MODI32
7AF2: .core.__DIVF16
7AF7: .core.__DIVF16START
7B0A: .core.__SHIFTALOOP
7B19: .core.__SHIFTB
7B1C: .core.__SHIFTBLOOP
7B2B: .core.__DOF16_DIVIDE
7B2E: .core.__DOF16_DIVRDY
7B3A: .core.__SHIFTCLOOP
7B41: .core.__ENDF16DIV
7B48: .core.__MEM_INIT
7B4E: .core.__MEM_INIT2
7B6C: .core.MEM_FREE
7B6C: .core.__MEM_FREE
7BBE: .core.__SUB32
7BD2: .core.__LEI32
7BEF: .core.__ERROR
7BF3: .core.__ERROR_CODE
7BF5: .core.__STOP
7BF9: .core.MEM_ALLOC
7BF9: .core.__MEM_ALLOC
7C48: .core.__ILOADSTR
7C4F: .core.__LOADSTR
7C68: .core.__LTI32
7C7C: .core.__MUL32_64START
7C86: .core.__LMUL
7C93: .core.__LMULLOOP
7C9A: .core.__LMULNOADD
7CA4: .core.__LMULSTART
7CB0: .core.__MULF16
7CC3: .core.__ROUND_FIX
7CDA: .core.__MODF16
7D00: .core.__PISTORE32
7D06: .core.__ISTORE32
7D0A: .core.__STORE32
7D12: .core.__PSTORE32
7D1B: .core.__FPSTACK_PUSH2
7D2C: .core.__FPSTACK_I16
7D37: .core.SCREEN_ADDR
7D39: .core.SCREEN_ATTR_ADDR
7D3B: .core.__zxnbackup_sysvar_bank
7D51: .core.__zxnbackup_sysvar_bank_restore
7D56: .core.__STR
7D56: .core.__STR_FAST
7D91: .core.__STR_BANKS
7D94: .core.__STRLEN
7D9C: .core.__ADDSTR
7D9C: .core.__STRCAT2
7DC5: .core.__STR_CONT1
7DCE: .core.__STRCAT
7DF1: .core.__I8TOFREG
7DF7: .core.__I32TOFREG
7E05: .core.__U8TOFREG
7E0A: .core.__U32TOFREG
7E1E: .core.__U32TOFREG_LOOP