6000: .core.__START_PROGRAM
6015: .core.__CALL_BACK__
6017: .core.ZXBASIC_MEM_HEAP
6017: .core.ZXBASIC_USER_DATA
6817: ._mouse_mbutt
6818: ._mouse_mox
6819: ._mouse_moy
681A: ._mouse_spry
681B: ._mouse_sprx
681D: ._slice
681E: ._l
681F: ._char
6820: ._abyte
6821: ._bbyte
6822: ._textpos
6823: ._segment
6824: ._i
6825: ._col
6826: ._msg
6828: .core.ZXBASIC_USER_DATA_END
6828: .core.__MAIN_PROGRAM__
6831: .core.__END_PROGRAM
6849: .LABEL._filename
6849: .filename
6989: .endfilename
6989: .shadowlayerbit
698A: .LABEL._font
698A: .nextbuild_file_end
6D90: ._checkints
6DA5: .itbuff
6DA6: ._checkints__leave
6DA7: ._ShowLayer2
6DB3: ._ShowLayer2__leave
6DB4: ._ScrollLayer
6DBD: ._ScrollLayer__leave
6DBE: ._InitSprites2
6DEC: ._InitSprites2__leave
6DED: ._UpdateSprite
6E21: ._UpdateSprite__leave
6E25: .__EXIT_FUNCTION
6E2F: ._L2Text
6E82: .PlotTextTile
6EB8: .textfontdone
6EBD: .endofl2text
6EC4: ._L2Text__leave
6EDE: ._CLS256
6EE6: .Cls256
6EFD: .LoadAll
6F03: .ClearLoop
6F26: ._CLS256__leave
6F2F: ._WaitRetrace2
6F50: ._WaitRetrace2__leave
6F51: ._StopMusic
6F56: ._StopMusic__leave
6F57: ._PlayMusic
6F5C: ._PlayMusic__leave
6F5D: ._NewMusic
6F72: ._NewMusic__leave
6F73: ._PlaySFX
6F76: ._PlaySFX__leave
6F77: ._GetKey2
6FC5: ._GetKey2__leave
6FC6: ._fSin
6FF1: .LABEL.__LABEL0
702C: .LABEL.__LABEL2
706B: .LABEL.__LABEL3
70AA: .LABEL.__LABEL4
70AE: .LABEL.__LABEL5
70E6: .LABEL.__LABEL7
71A5: .LABEL._sinetable
71D3: ._fSin__leave
71DD: ._copper_stop
71E5: ._copper_stop__leave
71E6: ._reset_palette
71F1: .reset_pal_loop
71FB: ._reset_palette__leave
71FC: ._ProcessMouse
7224: .bl
7248: .bd
7274: .getmouse
728D: .rangehl
729B: .mi
729F: .mousex
72A0: .mousey
72A1: .omousex
72A2: .omousey
72A3: .nmousex
72A4: .nmousey
72A5: .mouseb
72A6: .omouseb
72A7: .rmousex
72A9: .rmousey
72AB: .dmousex
72AC: .dmousey
72AD: ._ProcessMouse__leave
72AD: .mouseend
72AE: ._UpdatePointer
72EE: ._UpdatePointer__leave
72F7: ._mid
731D: ._mid__leave
7335: ._ucase2
7354: ._ucase2__leave
7355: ._ucase
7372: ._ucase__leave
7388: ._asc
73AC: .LABEL.__LABEL9
73C4: ._asc__leave
73DB: ._Init
7402: ._Init__leave
7403: ._Main
747D: .LABEL.__LABEL13
74B4: .LABEL._enddif
74D1: .LABEL.__LABEL20
74E2: .LABEL.__LABEL21
74F0: .LABEL.__LABEL23
7504: .LABEL.__LABEL25
7518: .LABEL.__LABEL27
752C: .LABEL.__LABEL29
7541: .LABEL.__LABEL65
757A: .LABEL.__LABEL34
757E: .LABEL.__LABEL35
7585: .LABEL.__LABEL31
759A: .LABEL.__LABEL66
75D6: .LABEL.__LABEL39
75DA: .LABEL.__LABEL40
75E1: .LABEL.__LABEL36
75EC: .LABEL.__LABEL22
75EF: .LABEL.__LABEL14
75FE: ._Main__leave
7603: ._printchar16
7623: .LABEL._forcol
762A: .LABEL.__LABEL46
7661: .LABEL.__LABEL72
7664: .LABEL.__LABEL73
767C: .LABEL.__LABEL74
767F: .LABEL.__LABEL75
76B1: .LABEL.__LABEL48
76CB: .LABEL.__LABEL49
76FA: .LABEL.__LABEL50
7712: .LABEL.__LABEL47
7716: .LABEL.__LABEL43
772A: ._printchar16__leave
7733: ._updatescroller16
77AF: .LABEL.__LABEL60
77C3: .LABEL.__LABEL62
77C7: ._updatescroller16__leave
77D9: ._setscroller16
7835: ._setscroller16__leave
784B: .LABEL.__LABEL10
7895: .LABEL.__LABEL11
789F: .LABEL.__LABEL12
78A7: .LABEL.__LABEL33
78B0: .LABEL.__LABEL38
78B5: .LABEL.__LABEL58
78B8: .core.__MEM_INIT
78BE: .core.__MEM_INIT2
78DC: .core.MEM_FREE
78DC: .core.__MEM_FREE
792E: .core.__ASC
7944: .core.SCREEN_ADDR
7946: .core.SCREEN_ATTR_ADDR
7948: .core.__ERROR
794C: .core.__ERROR_CODE
794E: .core.__STOP
7952: .core.__IN_SCREEN
795C: .core.__OUT_OF_SCREEN_ERR
7961: .core.__ATTR_ADDR
7972: .core.SET_ATTR
7979: .core.__SET_ATTR
7979: .core.__SET_ATTR2
7986: .core.__LOAD_S_POSN
7992: .core.__SAVE_S_POSN
799B: .core.__SET_SCR_PTR
79B8: .core.__zxnbackup_sysvar_bank
79CE: .core.__zxnbackup_sysvar_bank_restore
79D3: .core.CLS
7A07: .core.__ABS32
7A0A: .core.__NEG32
7A1C: .core.__DIVU32
7A20: .core.__DIVU32START
7A33: .core.__DIV32LOOP
7A52: .core.__DIV32NOADD
7A60: .core.__MODU32
7A67: .core.__MODU32START
7A6E: .core.__DIVI32
7A72: .core.__DIVI32START
7A8F: .core.__MODI32
7A99: .core.__DIVF16
7A9E: .core.__DIVF16START
7AB1: .core.__SHIFTALOOP
7AC0: .core.__SHIFTB
7AC3: .core.__SHIFTBLOOP
7AD2: .core.__DOF16_DIVIDE
7AD5: .core.__DOF16_DIVRDY
7AE1: .core.__SHIFTCLOOP
7AE8: .core.__ENDF16DIV
7AEF: .core.__SUB32
7B03: .core.__LEI32
7B20: .core.MEM_ALLOC
7B20: .core.__MEM_ALLOC
7B6F: .core.__ILOADSTR
7B76: .core.__LOADSTR
7B8F: .core.__LTI32
7BA3: .core.__MUL32_64START
7BAD: .core.__LMUL
7BBA: .core.__LMULLOOP
7BC1: .core.__LMULNOADD
7BCB: .core.__LMULSTART
7BD7: .core.__MULF16
7BEA: .core.__ROUND_FIX
7C01: .core.__MODF16
7C27: .core.PAPER
7C4C: .core.PAPER_TMP
7C55: .core.__PISTORE32
7C5B: .core.__ISTORE32
7C5F: .core.__STORE32
7C67: .core.__PSTORE32
7C70: .core.__PISTORE_STR2
7C74: .core.__ISTORE_STR2
7C78: .core.__STORE_STR2
7C88: .core.__PSTORE_STR2
7C8F: .core.__REALLOC
7CC3: .core.__STRASSIGN
7CF7: .core.__STRCPY
7D0C: .core.__PISTORE_STR
7D10: .core.__ISTORE_STR
7D14: .core.__STORE_STR
7D24: .core.__FPSTACK_PUSH2
7D35: .core.__FPSTACK_I16
7D40: .core.__STR
7D40: .core.__STR_FAST
7D7B: .core.__STR_BANKS
7D7E: .core.__STRLEN
7D86: .core.__ADDSTR
7D86: .core.__STRCAT2
7DAF: .core.__STR_CONT1
7DB8: .core.__STRCAT
7DDB: .core.__STR_ISNULL
7DE1: .core.__STRCMP
7E23: .core.__STREQ
7E30: .core.__STRNE
7E3A: .core.__STRLT
7E48: .core.__STRLE
7E53: .core.__STRGT
7E61: .core.__STRGE
7E69: .core.__FREE_STR
7E7F: .core.__STRSLICE
7E83: .core.__STRSLICE_FAST
7ECA: .core.__I8TOFREG
7ED0: .core.__I32TOFREG
7EDE: .core.__U8TOFREG
7EE3: .core.__U32TOFREG
7EF7: .core.__U32TOFREG_LOOP
7F19: .LABEL.__LABEL67