6000: .core.__START_PROGRAM
6015: .core.__CALL_BACK__
6017: .core.ZXBASIC_MEM_HEAP
6017: .core.ZXBASIC_USER_DATA
6817: ._common
6819: ._mouse_mbutt
681A: ._mouse_mox
681B: ._mouse_moy
681C: ._mouse_spry
681D: ._mouse_sprx
681F: .core.ZXBASIC_USER_DATA_END
681F: .core.__MAIN_PROGRAM__
6828: .core.__END_PROGRAM
683F: .LABEL._filename
683F: .filename
693F: .endfilename
693F: .nbtempstackstart
6942: .shadowlayerbit
6952: ._checkints
6967: .itbuff
6968: ._checkints__leave
6969: ._InitSprites2
699B: ._InitSprites2__leave
699C: ._UpdateSprite
69D0: ._UpdateSprite__leave
69D4: .__EXIT_FUNCTION
69DE: ._L2Text
6A31: .PlotTextTile
6A67: .textfontdone
6A6C: .endofl2text
6A73: ._L2Text__leave
6A8D: ._CLS256
6A95: .Cls256
6AAC: .LoadAll
6AB2: .ClearLoop
6ACD: ._CLS256__leave
6AD6: ._WaitRetrace2
6AF7: ._WaitRetrace2__leave
6AF8: ._StopMusic
6AFD: ._StopMusic__leave
6AFE: ._PlayMusic
6B03: ._PlayMusic__leave
6B04: ._NewMusic
6B12: ._NewMusic__leave
6B13: ._PlaySFX
6B16: ._PlaySFX__leave
6B17: ._GetKey2
6B65: ._GetKey2__leave
6B66: ._NStr
6B81: .CharToAsc
6BA3: ._NStr__leave
6BA4: ._fSin
6BCF: .LABEL.__LABEL1
6C0A: .LABEL.__LABEL3
6C49: .LABEL.__LABEL4
6C88: .LABEL.__LABEL5
6C8C: .LABEL.__LABEL6
6CC4: .LABEL.__LABEL8
6D83: .LABEL._sinetable
6DB1: ._fSin__leave
6DBB: ._ProcessMouse
6DE3: .bl
6E07: .bd
6E33: .getmouse
6E4C: .rangehl
6E5A: .mi
6E5E: .mousex
6E5F: .mousey
6E60: .omousex
6E61: .omousey
6E62: .nmousex
6E63: .nmousey
6E64: .mouseb
6E65: .omouseb
6E66: .rmousex
6E68: .rmousey
6E6A: .dmousex
6E6B: .dmousey
6E6C: ._ProcessMouse__leave
6E6C: .mouseend
6E6D: ._UpdatePointer
6EAD: ._UpdatePointer__leave
6EB6: ._Init
6EBE: ._Init__leave
6EBF: ._Main
6F71: .LABEL.__LABEL13
6FE7: .LABEL.__LABEL16
6FF9: .LABEL.__LABEL18
700A: .LABEL.__LABEL19
7018: .LABEL.__LABEL21
7028: .LABEL.__LABEL23
7038: .LABEL.__LABEL25
7048: .LABEL.__LABEL27
705D: .LABEL.__LABEL41
7094: .LABEL.__LABEL32
7098: .LABEL.__LABEL33
709F: .LABEL.__LABEL29
70B4: .LABEL.__LABEL42
70EE: .LABEL.__LABEL37
70F2: .LABEL.__LABEL38
70F9: .LABEL.__LABEL34
7104: .LABEL.__LABEL20
7107: ._Main__leave
710C: .LABEL.__LABEL0
710F: .LABEL.__LABEL9
7119: .LABEL.__LABEL10
7121: .LABEL.__LABEL11
7135: .LABEL.__LABEL12
714D: .LABEL.__LABEL31
7156: .LABEL.__LABEL36
715B: .core.__ABS32
715E: .core.__NEG32
7170: .core.__DIVU32
7174: .core.__DIVU32START
7187: .core.__DIV32LOOP
71A6: .core.__DIV32NOADD
71B4: .core.__MODU32
71BB: .core.__MODU32START
71C2: .core.__DIVI32
71C6: .core.__DIVI32START
71E3: .core.__MODI32
71ED: .core.__DIVF16
71F2: .core.__DIVF16START
7205: .core.__SHIFTALOOP
7214: .core.__SHIFTB
7217: .core.__SHIFTBLOOP
7226: .core.__DOF16_DIVIDE
7229: .core.__DOF16_DIVRDY
7235: .core.__SHIFTCLOOP
723C: .core.__ENDF16DIV
7243: .core.__MEM_INIT
7249: .core.__MEM_INIT2
7267: .core.MEM_FREE
7267: .core.__MEM_FREE
72B9: .core.__FTOU32REG
72D6: .core.__FTOU32REG_LOOP
72EA: .core.__FTOU32REG_END
7302: .core.__FTOU8
7307: .core.__SUB32
731B: .core.__LEI32
7338: .core.__ERROR
733C: .core.__ERROR_CODE
733E: .core.__STOP
7342: .core.MEM_ALLOC
7342: .core.__MEM_ALLOC
7391: .core.__ILOADSTR
7398: .core.__LOADSTR
73B1: .core.__LTI32
73C5: .core.__MUL32_64START
73CF: .core.__LMUL
73DC: .core.__LMULLOOP
73E3: .core.__LMULNOADD
73ED: .core.__LMULSTART
73F9: .core.__MULF16
740C: .core.__ROUND_FIX
7423: .core.__MODF16
7449: .core.__ILOADF
744D: .core.__LOADF
7457: .core.__PLOADF
745E: .core.__PISTORE32
7464: .core.__ISTORE32
7468: .core.__STORE32
7470: .core.__PSTORE32
7479: .core.__REALLOC
74AD: .core.__STRASSIGN
74E1: .core.__STRCPY
74F6: .core.__PISTORE_STR
74FA: .core.__ISTORE_STR
74FE: .core.__STORE_STR
750E: .core.__STRLEN
7516: .core.__ADDSTR
7516: .core.__STRCAT2
753F: .core.__STR_CONT1
7548: .core.__STRCAT