6000: .core.__START_PROGRAM
6015: .core.__CALL_BACK__
6017: .core.ZXBASIC_MEM_HEAP
6017: .core.ZXBASIC_USER_DATA
6817: ._mouse_mbutt
6818: ._mouse_mox
6819: ._mouse_moy
681A: ._mouse_spry
681B: ._mouse_sprx
681D: .core.ZXBASIC_USER_DATA_END
681D: .core.__MAIN_PROGRAM__
6826: .core.__END_PROGRAM
6837: .nbtempstackstart
6841: .LABEL._filename
6841: .filename
6981: .endfilename
6981: .shadowlayerbit
6982: .LABEL._bardata
6982: .bardata
6982: .nextbuild_file_end
69C2: .LABEL._sindata
6A11: ._checkints
6A26: .itbuff
6A27: ._checkints__leave
6A28: ._InitSprites2
6A56: ._InitSprites2__leave
6A57: ._UpdateSprite
6A8B: ._UpdateSprite__leave
6A8F: .__EXIT_FUNCTION
6A99: ._L2Text
6AEC: .PlotTextTile
6B22: .textfontdone
6B27: .endofl2text
6B2E: ._L2Text__leave
6B48: ._CLS256
6B50: .Cls256
6B67: .LoadAll
6B6D: .ClearLoop
6B90: ._CLS256__leave
6B99: ._WaitRetrace2
6BBA: ._WaitRetrace2__leave
6BBB: ._StopMusic
6BC0: ._StopMusic__leave
6BC1: ._PlayMusic
6BC6: ._PlayMusic__leave
6BC7: ._NewMusic
6BDC: ._NewMusic__leave
6BDD: ._PlaySFX
6BE0: ._PlaySFX__leave
6BE1: ._InitMusic
6C23: .aybank1
6C2B: .ayseta
6C37: .aysetde
6C54: .exitplayerinit
6C60: .ayrepairestack
6C64: .ayplayerstack
6CE4: .playmusicnl
6D30: .exitplayernl
6D3C: .ayrepairestack2
6D3D: .re_init_music
6D65: .mustplayernl
6D6F: ._InitMusic__leave
6D70: ._GetKey2
6DBE: ._GetKey2__leave
6DBF: ._fSin
6DEA: .LABEL.__LABEL0
6E25: .LABEL.__LABEL2
6E64: .LABEL.__LABEL3
6EA3: .LABEL.__LABEL4
6EA7: .LABEL.__LABEL5
6EDF: .LABEL.__LABEL7
6F9E: .LABEL._sinetable
6FCC: ._fSin__leave
6FD6: ._ProcessMouse
6FFE: .bl
7022: .bd
704E: .getmouse
7067: .rangehl
7075: .mi
7079: .mousex
707A: .mousey
707B: .omousex
707C: .omousey
707D: .nmousex
707E: .nmousey
707F: .mouseb
7080: .omouseb
7081: .rmousex
7083: .rmousey
7085: .dmousex
7086: .dmousey
7087: ._ProcessMouse__leave
7087: .mouseend
7088: ._UpdatePointer
70C8: ._UpdatePointer__leave
70D1: ._Init
70D9: ._Init__leave
70DA: ._Main
7182: .LABEL.__LABEL12
71FF: .LABEL.__LABEL15
7211: .LABEL.__LABEL17
7222: .LABEL.__LABEL18
7230: .LABEL.__LABEL20
7244: .LABEL.__LABEL22
7258: .LABEL.__LABEL24
726C: .LABEL.__LABEL26
7281: .LABEL.__LABEL40
72BB: .LABEL.__LABEL31
72BF: .LABEL.__LABEL32
72C6: .LABEL.__LABEL28
72DB: .LABEL.__LABEL41
7317: .LABEL.__LABEL36
731B: .LABEL.__LABEL37
7322: .LABEL.__LABEL33
732D: .LABEL.__LABEL19
7330: ._Main__leave
7335: .LABEL.__LABEL8
733F: .LABEL.__LABEL9
7347: .LABEL.__LABEL10
735B: .LABEL.__LABEL11
7373: .LABEL.__LABEL30
737C: .LABEL.__LABEL35
7381: .core.__ABS32
7384: .core.__NEG32
7396: .core.__DIVU32
739A: .core.__DIVU32START
73AD: .core.__DIV32LOOP
73CC: .core.__DIV32NOADD
73DA: .core.__MODU32
73E1: .core.__MODU32START
73E8: .core.__DIVI32
73EC: .core.__DIVI32START
7409: .core.__MODI32
7413: .core.__DIVF16
7418: .core.__DIVF16START
742B: .core.__SHIFTALOOP
743A: .core.__SHIFTB
743D: .core.__SHIFTBLOOP
744C: .core.__DOF16_DIVIDE
744F: .core.__DOF16_DIVRDY
745B: .core.__SHIFTCLOOP
7462: .core.__ENDF16DIV
7469: .core.__MEM_INIT
746F: .core.__MEM_INIT2
748D: .core.MEM_FREE
748D: .core.__MEM_FREE
74DF: .core.__SUB32
74F3: .core.__LEI32
7510: .core.__ERROR
7514: .core.__ERROR_CODE
7516: .core.__STOP
751A: .core.MEM_ALLOC
751A: .core.__MEM_ALLOC
7569: .core.__ILOADSTR
7570: .core.__LOADSTR
7589: .core.__LTI32
759D: .core.__MUL32_64START
75A7: .core.__LMUL
75B4: .core.__LMULLOOP
75BB: .core.__LMULNOADD
75C5: .core.__LMULSTART
75D1: .core.__MULF16
75E4: .core.__ROUND_FIX
75FB: .core.__MODF16
7621: .core.__ILOADF
7625: .core.__LOADF
762F: .core.__PLOADF
7636: .core.__PISTORE32
763C: .core.__ISTORE32
7640: .core.__STORE32
7648: .core.__PSTORE32
7651: .core.__FPSTACK_PUSH2
7662: .core.__FPSTACK_I16
766D: .core.SCREEN_ADDR
766F: .core.SCREEN_ATTR_ADDR
7671: .core.__zxnbackup_sysvar_bank
7687: .core.__zxnbackup_sysvar_bank_restore
768C: .core.__STR
768C: .core.__STR_FAST
76C7: .core.__STR_BANKS
76CA: .core.__STRLEN
76D2: .core.__ADDSTR
76D2: .core.__STRCAT2
76FB: .core.__STR_CONT1
7704: .core.__STRCAT
7727: .core.__I8TOFREG
772D: .core.__I32TOFREG
773B: .core.__U8TOFREG
7740: .core.__U32TOFREG
7754: .core.__U32TOFREG_LOOP