6000: .core.__START_PROGRAM
6015: .core.__CALL_BACK__
6017: .core.ZXBASIC_MEM_HEAP
6017: .core.ZXBASIC_USER_DATA
6817: ._common
6819: ._mouse_mbutt
681A: ._mouse_mox
681B: ._mouse_moy
681C: ._mouse_spry
681D: ._mouse_sprx
681F: ._slice
6820: ._l
6821: ._char
6822: ._abyte
6823: ._bbyte
6824: ._textpos
6825: ._segment
6826: ._i
6827: ._col
6828: ._msg
682A: .core.ZXBASIC_USER_DATA_END
682A: .core.__MAIN_PROGRAM__
6833: .core.__END_PROGRAM
684A: .LABEL._filename
684A: .filename
694A: .endfilename
694A: .shadowlayerbit
6954: .LABEL._font
6D5A: ._checkints
6D6F: .itbuff
6D70: ._checkints__leave
6D71: ._ShowLayer2
6D7D: ._ShowLayer2__leave
6D7E: ._ScrollLayer
6D87: ._ScrollLayer__leave
6D88: ._InitSprites2
6DBA: ._InitSprites2__leave
6DBB: ._UpdateSprite
6DEF: ._UpdateSprite__leave
6DF3: .__EXIT_FUNCTION
6DFD: ._L2Text
6E50: .PlotTextTile
6E86: .textfontdone
6E8B: .endofl2text
6E92: ._L2Text__leave
6EAC: ._CLS256
6EB4: .Cls256
6ECB: .LoadAll
6ED1: .ClearLoop
6EEC: ._CLS256__leave
6EF5: ._WaitRetrace2
6F16: ._WaitRetrace2__leave
6F17: ._StopMusic
6F1C: ._StopMusic__leave
6F1D: ._PlayMusic
6F22: ._PlayMusic__leave
6F23: ._NewMusic
6F31: ._NewMusic__leave
6F32: ._PlaySFX
6F35: ._PlaySFX__leave
6F36: ._GetKey2
6F84: ._GetKey2__leave
6F85: ._NStr
6FA0: .CharToAsc
6FC2: ._NStr__leave
6FC3: ._fSin
6FEE: .LABEL.__LABEL1
7029: .LABEL.__LABEL3
7068: .LABEL.__LABEL4
70A7: .LABEL.__LABEL5
70AB: .LABEL.__LABEL6
70E3: .LABEL.__LABEL8
71A2: .LABEL._sinetable
71D0: ._fSin__leave
71DA: ._copper_stop
71E2: ._copper_stop__leave
71E3: ._reset_palette
71EE: .reset_pal_loop
71F8: ._reset_palette__leave
71F9: ._ProcessMouse
7221: .bl
7245: .bd
7271: .getmouse
728A: .rangehl
7298: .mi
729C: .mousex
729D: .mousey
729E: .omousex
729F: .omousey
72A0: .nmousex
72A1: .nmousey
72A2: .mouseb
72A3: .omouseb
72A4: .rmousex
72A6: .rmousey
72A8: .dmousex
72A9: .dmousey
72AA: ._ProcessMouse__leave
72AA: .mouseend
72AB: ._UpdatePointer
72EB: ._UpdatePointer__leave
72F4: ._mid
731A: ._mid__leave
7332: ._ucase2
7351: ._ucase2__leave
7352: ._ucase
736F: ._ucase__leave
7385: ._asc
73A9: .LABEL.__LABEL10
73C1: ._asc__leave
73D8: ._Init
73FF: ._Init__leave
7400: ._Main
7471: .LABEL.__LABEL14
74A8: .LABEL._enddif
74C5: .LABEL.__LABEL21
74D6: .LABEL.__LABEL22
74E4: .LABEL.__LABEL24
74F4: .LABEL.__LABEL26
7504: .LABEL.__LABEL28
7514: .LABEL.__LABEL30
7529: .LABEL.__LABEL65
755F: .LABEL.__LABEL35
7563: .LABEL.__LABEL36
756A: .LABEL.__LABEL32
757F: .LABEL.__LABEL66
75B8: .LABEL.__LABEL40
75BC: .LABEL.__LABEL41
75C3: .LABEL.__LABEL37
75CE: .LABEL.__LABEL23
75D1: .LABEL.__LABEL15
75E3: ._Main__leave
75E8: ._printchar16
7608: .LABEL._forcol
760F: .LABEL.__LABEL47
7648: .LABEL.__LABEL72
764B: .LABEL.__LABEL73
7660: .LABEL.__LABEL74
7663: .LABEL.__LABEL75
7695: .LABEL.__LABEL49
76AF: .LABEL.__LABEL50
76DE: .LABEL.__LABEL51
76F6: .LABEL.__LABEL48
76FA: .LABEL.__LABEL44
770E: ._printchar16__leave
7717: ._updatescroller16
7793: .LABEL.__LABEL60
77A7: .LABEL.__LABEL62
77AB: ._updatescroller16__leave
77BD: ._setscroller16
7819: ._setscroller16__leave
782F: .LABEL.__LABEL0
7832: .LABEL.__LABEL11
787C: .LABEL.__LABEL12
7886: .LABEL.__LABEL13
788E: .LABEL.__LABEL34
7897: .LABEL.__LABEL39
789C: .core.__MEM_INIT
78A2: .core.__MEM_INIT2
78C0: .core.MEM_FREE
78C0: .core.__MEM_FREE
7912: .core.__ASC
7928: .core.SCREEN_ADDR
792A: .core.SCREEN_ATTR_ADDR
792C: .core.__ERROR
7930: .core.__ERROR_CODE
7932: .core.__STOP
7936: .core.__IN_SCREEN
7940: .core.__OUT_OF_SCREEN_ERR
7945: .core.__ATTR_ADDR
7956: .core.SET_ATTR
795D: .core.__SET_ATTR
795D: .core.__SET_ATTR2
796A: .core.__LOAD_S_POSN
7976: .core.__SAVE_S_POSN
797F: .core.__SET_SCR_PTR
799C: .core.CLS
79CB: .core.COPY_ATTR
79DD: .core.__SET_ATTR_MODE
79E6: .core.__ABS32
79E9: .core.__NEG32
79FB: .core.__DIVU32
79FF: .core.__DIVU32START
7A12: .core.__DIV32LOOP
7A31: .core.__DIV32NOADD
7A3F: .core.__MODU32
7A46: .core.__MODU32START
7A4D: .core.__DIVI32
7A51: .core.__DIVI32START
7A6E: .core.__MODI32
7A78: .core.__DIVF16
7A7D: .core.__DIVF16START
7A90: .core.__SHIFTALOOP
7A9F: .core.__SHIFTB
7AA2: .core.__SHIFTBLOOP
7AB1: .core.__DOF16_DIVIDE
7AB4: .core.__DOF16_DIVRDY
7AC0: .core.__SHIFTCLOOP
7AC7: .core.__ENDF16DIV
7ACE: .core.__SUB32
7AE2: .core.__LEI32
7AFF: .core.MEM_ALLOC
7AFF: .core.__MEM_ALLOC
7B4E: .core.__ILOADSTR
7B55: .core.__LOADSTR
7B6E: .core.__LTI32
7B82: .core.__MUL32_64START
7B8C: .core.__LMUL
7B99: .core.__LMULLOOP
7BA0: .core.__LMULNOADD
7BAA: .core.__LMULSTART
7BB6: .core.__MULF16
7BC9: .core.__ROUND_FIX
7BE0: .core.__MODF16
7C06: .core.PAPER
7C24: .core.PAPER_TMP
7C2A: .core.__PISTORE32
7C30: .core.__ISTORE32
7C34: .core.__STORE32
7C3C: .core.__PSTORE32
7C45: .core.__PISTORE_STR2
7C49: .core.__ISTORE_STR2
7C4D: .core.__STORE_STR2
7C5D: .core.__PSTORE_STR2
7C64: .core.__REALLOC
7C98: .core.__STRASSIGN
7CCC: .core.__STRCPY
7CE1: .core.__PISTORE_STR
7CE5: .core.__ISTORE_STR
7CE9: .core.__STORE_STR
7CF9: .core.__STRLEN
7D01: .core.__ADDSTR
7D01: .core.__STRCAT2
7D2A: .core.__STR_CONT1
7D33: .core.__STRCAT
7D56: .core.__STR_ISNULL
7D5C: .core.__STRCMP
7D9E: .core.__STREQ
7DAB: .core.__STRNE
7DB5: .core.__STRLT
7DC3: .core.__STRLE
7DCE: .core.__STRGT
7DDC: .core.__STRGE
7DE4: .core.__FREE_STR
7DFA: .core.__STRSLICE
7DFE: .core.__STRSLICE_FAST
7E45: .LABEL.__LABEL67