E000: .core.__START_PROGRAM
E015: .core.__CALL_BACK__
E017: .core.ZXBASIC_MEM_HEAP
E017: .core.ZXBASIC_USER_DATA
E317: ._common
E319: .core.ZXBASIC_USER_DATA_END
E319: .core.__MAIN_PROGRAM__
E31C: .nbtempstackstart
E326: .LABEL._filename
E326: .filename
E466: .endfilename
E466: .shadowlayerbit
E467: .nextbuild_file_end
E477: .LABEL._ExitToBasic
E492: .core.__END_PROGRAM
E4A0: .LABEL._ctc_sample_table
E4A0: .ctc_sample_table
E4C4: ._checkints
E4D9: .itbuff
E4DA: ._checkints__leave
E4DB: ._LoadSD
E502: .carryon
E55C: .LABEL._filesize
E55C: .filesize
E5B2: .loadsdout2
E5B5: ._LoadSD__leave
E5CF: ._PlaySFX
E5D2: ._PlaySFX__leave
E5D3: ._InitMusic
E615: .aybank1
E61D: .ayseta
E629: .aysetde
E646: .exitplayerinit
E652: .ayrepairestack
E656: .ayplayerstack
E6D6: .playmusicnl
E722: .exitplayernl
E72E: .ayrepairestack2
E72F: .re_init_music
E757: .mustplayernl
E761: ._InitMusic__leave
E762: ._ISR
E780: .no_sample_to_play
E78A: .no_sfx_to_play
E793: .skipfxplayernl
E7A3: .skipmusicplayer
E7AC: .isr_replace_port
E7C2: .out_isr_sp
E846: .temp_isr_sp
E84B: ._ISR__leave
E84C: .PlaySFX
E84C: ._PlaySFXSys
E87C: .AFXPLAY
E882: .afxBnkAdr
E890: .afxPlay0
E8A1: .afxPlay1
E8BB: ._PlaySFXSys__leave
E8BC: ._InitSFX
E8EC: .AFXINIT
E8F9: .afxInit0
E908: .afxInit1
E927: ._InitSFX__leave
E928: .AFXFRAME
E928: ._CallbackSFX
E95A: .afxFrame0
E992: .afxFrame1
E9A1: .afxFrame2
E9A5: .afxFrame3
E9AA: .afxFrame4
E9B8: .afxFrame5
E9BF: .afxFrame6
E9CB: .afxFrame7
E9F4: ._CallbackSFX__leave
E9F5: ._SetUpCTC
E9F5: .startup
EA04: .irq
EA1C: .patch_interrupt
EA83: .set_ctc
EAA9: .timing_tab
EAB9: .sampletiming
EABA: .tunemamebuffer
EABC: .raster_line
EAC2: .ctc0
EAD4: .out_isr_sp1
EB1A: .temp_isr_sp2
EB1C: .ctc1
EB25: .ctc1_50hz_count
EB2F: .call_isr
EB30: .ctc1_50hz_reset
EB31: .no_call_isr
EB32: .out_isr_sp3
EB78: .temp_isr_sp3
EB7A: .raster_frame
EB7E: ._SetUpCTC__leave
EB7F: ._PlayCTC
EB7F: .play_sample
EB82: .process_sample
EB9C: .sampread
EBA8: .sampread2
EBB5: .sample
EBB6: .sample_bank
EBB7: .sample_loop
EBB8: .sample_start
EBBA: .sample_length
EBBC: .sample_offset
EBBE: .play_ctc_sample
EBE1: .playing
EC10: .playbankout
EC18: .ctc0a_port
EC18: .done_playing
EC20: ._PlayCTC__leave
EC21: ._SetLoadModule
EC3B: ._SetLoadModule__leave
EC46: ._fSin
EC71: .LABEL.__LABEL0
ECAC: .LABEL.__LABEL2
ECEB: .LABEL.__LABEL3
ED2A: .LABEL.__LABEL4
ED2E: .LABEL.__LABEL5
ED66: .LABEL.__LABEL7
EE25: .LABEL._sinetable
EE53: ._fSin__leave
EE5D: ._Main
EE84: .LABEL._MainLoop
EE8A: ._Main__leave
EE8B: ._ExecModule
EEE9: .execmodule_end
EEEC: ._ExecModule__leave
EEFE: ._InitInterupts
EF2C: ._InitInterupts__leave
EF37: .LABEL.__LABEL8
EF3F: .LABEL.__LABEL9
EF45: .core.__ABS32
EF48: .core.__NEG32
EF5A: .core.__DIVU32
EF5E: .core.__DIVU32START
EF71: .core.__DIV32LOOP
EF90: .core.__DIV32NOADD
EF9E: .core.__MODU32
EFA5: .core.__MODU32START
EFAC: .core.__DIVI32
EFB0: .core.__DIVI32START
EFCD: .core.__MODI32
EFD7: .core.__DIVF16
EFDC: .core.__DIVF16START
EFEF: .core.__SHIFTALOOP
EFFE: .core.__SHIFTB
F001: .core.__SHIFTBLOOP
F010: .core.__DOF16_DIVIDE
F013: .core.__DOF16_DIVRDY
F01F: .core.__SHIFTCLOOP
F026: .core.__ENDF16DIV
F02D: .core.__MEM_INIT
F033: .core.__MEM_INIT2
F051: .core.MEM_FREE
F051: .core.__MEM_FREE
F0A3: .core.__SUB32
F0B7: .core.__LEI32
F0D4: .core.__ERROR
F0D8: .core.__ERROR_CODE
F0DA: .core.__STOP
F0DE: .core.MEM_ALLOC
F0DE: .core.__MEM_ALLOC
F12D: .core.__ILOADSTR
F134: .core.__LOADSTR
F14D: .core.__LTI32
F161: .core.__MUL32_64START
F16B: .core.__LMUL
F178: .core.__LMULLOOP
F17F: .core.__LMULNOADD
F189: .core.__LMULSTART
F195: .core.__MULF16
F1A8: .core.__ROUND_FIX
F1BF: .core.__MODF16
F1E5: .core.__PISTORE32
F1EB: .core.__ISTORE32
F1EF: .core.__STORE32
F1F7: .core.__PSTORE32
F200: .core.__PISTORE_STR2
F204: .core.__ISTORE_STR2
F208: .core.__STORE_STR2
F218: .core.__PSTORE_STR2
F21F: .core.__FPSTACK_PUSH2
F230: .core.__FPSTACK_I16
F23B: .core.SCREEN_ADDR
F23D: .core.SCREEN_ATTR_ADDR
F23F: .core.__zxnbackup_sysvar_bank
F255: .core.__zxnbackup_sysvar_bank_restore
F25A: .core.__STR
F25A: .core.__STR_FAST
F295: .core.__STR_BANKS
F298: .core.__STRLEN
F2A0: .core.__ADDSTR
F2A0: .core.__STRCAT2
F2C9: .core.__STR_CONT1
F2D2: .core.__STRCAT
F2F5: .core.__I8TOFREG
F2FB: .core.__I32TOFREG
F309: .core.__U8TOFREG
F30E: .core.__U32TOFREG
F322: .core.__U32TOFREG_LOOP