E000: .core.__START_PROGRAM
E015: .core.__CALL_BACK__
E017: .core.ZXBASIC_MEM_HEAP
E017: .core.ZXBASIC_USER_DATA
E317: ._common
E319: .core.ZXBASIC_USER_DATA_END
E319: .core.__MAIN_PROGRAM__
E323: .LABEL._filename
E323: .filename
E463: .endfilename
E463: .nbtempstackstart
E466: .shadowlayerbit
E467: .nextbuild_file_end
E477: .LABEL._ExitToBasic
E492: .core.__END_PROGRAM
E4A0: .LABEL._ctc_sample_table
E4A0: .ctc_sample_table
E4C4: ._checkints
E4D9: .itbuff
E4DA: ._checkints__leave
E4DB: ._LoadSD
E502: .carryon
E55C: .LABEL._filesize
E55C: .filesize
E5B2: .loadsdout2
E5B5: ._LoadSD__leave
E5CF: ._PlaySFX
E5D2: ._PlaySFX__leave
E5D3: ._InitMusic
E615: .aybank1
E61D: .ayseta
E629: .aysetde
E646: .exitplayerinit
E652: .ayrepairestack
E656: .ayplayerstack
E6D6: .playmusicnl
E722: .exitplayernl
E72E: .ayrepairestack2
E72F: .re_init_music
E757: .mustplayernl
E761: ._InitMusic__leave
E762: ._ISR
E780: .no_sample_to_play
E78A: .no_sfx_to_play
E793: .skipfxplayernl
E7A3: .skipmusicplayer
E7AC: .isr_replace_port
E7C2: .out_isr_sp
E846: .temp_isr_sp
E84B: ._ISR__leave
E84C: .PlaySFX
E84C: ._PlaySFXSys
E87C: .AFXPLAY
E882: .afxBnkAdr
E890: .afxPlay0
E8A1: .afxPlay1
E8BB: ._PlaySFXSys__leave
E8BC: ._InitSFX
E8EC: .AFXINIT
E8F9: .afxInit0
E908: .afxInit1
E927: ._InitSFX__leave
E928: .AFXFRAME
E928: ._CallbackSFX
E95A: .afxFrame0
E992: .afxFrame1
E9A1: .afxFrame2
E9A5: .afxFrame3
E9AA: .afxFrame4
E9B8: .afxFrame5
E9BF: .afxFrame6
E9CB: .afxFrame7
E9F4: ._CallbackSFX__leave
E9F5: ._SetUpCTC
E9F5: .startup
EA04: .irq
EA1C: .patch_interrupt
EA72: .set_ctc
EA9A: .timing_tab
EAAA: .sampletiming
EAAB: .tunemamebuffer
EAAD: .raster_line
EAB3: .ctc0
EAC5: .out_isr_sp1
EB0B: .temp_isr_sp2
EB0D: .ctc1
EB16: .nextsid_50hz_count
EB20: .call_isr
EB21: .nextsid_50hz_reset
EB22: .no_call_isr
EB23: .out_isr_sp3
EB69: .temp_isr_sp3
EB6B: .raster_frame
EB6F: ._SetUpCTC__leave
EB70: ._PlayCTC
EB70: .play_sample
EB73: .process_sample
EB8D: .sampread
EB99: .sampread2
EBA6: .sample
EBA7: .sample_bank
EBA8: .sample_loop
EBA9: .sample_start
EBAB: .sample_length
EBAD: .sample_offset
EBAF: .play_ctc_sample
EBD2: .playing
EC01: .playbankout
EC09: .ctc0a_port
EC09: .done_playing
EC11: ._PlayCTC__leave
EC12: ._SetLoadModule
EC2C: ._SetLoadModule__leave
EC37: ._fSin
EC62: .LABEL.__LABEL0
EC9D: .LABEL.__LABEL2
ECDC: .LABEL.__LABEL3
ED1B: .LABEL.__LABEL4
ED1F: .LABEL.__LABEL5
ED57: .LABEL.__LABEL7
EE16: .LABEL._sinetable
EE44: ._fSin__leave
EE4E: ._Main
EE75: .LABEL._MainLoop
EE7B: ._Main__leave
EE7C: ._ExecModule
EEDA: .execmodule_end
EEDD: ._ExecModule__leave
EEEF: ._InitInterupts
EF1D: ._InitInterupts__leave
EF28: .LABEL.__LABEL8
EF30: .LABEL.__LABEL9
EF36: .core.__ABS32
EF39: .core.__NEG32
EF4B: .core.__DIVU32
EF4F: .core.__DIVU32START
EF62: .core.__DIV32LOOP
EF81: .core.__DIV32NOADD
EF8F: .core.__MODU32
EF96: .core.__MODU32START
EF9D: .core.__DIVI32
EFA1: .core.__DIVI32START
EFBE: .core.__MODI32
EFC8: .core.__DIVF16
EFCD: .core.__DIVF16START
EFE0: .core.__SHIFTALOOP
EFEF: .core.__SHIFTB
EFF2: .core.__SHIFTBLOOP
F001: .core.__DOF16_DIVIDE
F004: .core.__DOF16_DIVRDY
F010: .core.__SHIFTCLOOP
F017: .core.__ENDF16DIV
F01E: .core.__MEM_INIT
F024: .core.__MEM_INIT2
F042: .core.MEM_FREE
F042: .core.__MEM_FREE
F094: .core.__SUB32
F0A8: .core.__LEI32
F0C5: .core.__ERROR
F0C9: .core.__ERROR_CODE
F0CB: .core.__STOP
F0CF: .core.MEM_ALLOC
F0CF: .core.__MEM_ALLOC
F11E: .core.__ILOADSTR
F125: .core.__LOADSTR
F13E: .core.__LTI32
F152: .core.__MUL32_64START
F15C: .core.__LMUL
F169: .core.__LMULLOOP
F170: .core.__LMULNOADD
F17A: .core.__LMULSTART
F186: .core.__MULF16
F199: .core.__ROUND_FIX
F1B0: .core.__MODF16
F1D6: .core.__PISTORE32
F1DC: .core.__ISTORE32
F1E0: .core.__STORE32
F1E8: .core.__PSTORE32
F1F1: .core.__PISTORE_STR2
F1F5: .core.__ISTORE_STR2
F1F9: .core.__STORE_STR2
F209: .core.__PSTORE_STR2
F210: .core.__FPSTACK_PUSH2
F221: .core.__FPSTACK_I16
F22C: .core.SCREEN_ADDR
F22E: .core.SCREEN_ATTR_ADDR
F230: .core.__zxnbackup_sysvar_bank
F246: .core.__zxnbackup_sysvar_bank_restore
F24B: .core.__STR
F24B: .core.__STR_FAST
F286: .core.__STR_BANKS
F289: .core.__STRLEN
F291: .core.__ADDSTR
F291: .core.__STRCAT2
F2BA: .core.__STR_CONT1
F2C3: .core.__STRCAT
F2E6: .core.__I8TOFREG
F2EC: .core.__I32TOFREG
F2FA: .core.__U8TOFREG
F2FF: .core.__U32TOFREG
F313: .core.__U32TOFREG_LOOP