E000: .core.__START_PROGRAM
E015: .core.__CALL_BACK__
E017: .core.ZXBASIC_MEM_HEAP
E017: .core.ZXBASIC_USER_DATA
E317: ._common
E319: ._a
E31A: ._b
E31B: ._d
E31C: ._key
E31D: .core.ZXBASIC_USER_DATA_END
E31D: .core.__MAIN_PROGRAM__
E327: .LABEL._filename
E327: .filename
E427: .endfilename
E427: .shadowlayerbit
E455: .LABEL.__LABEL2
E473: .LABEL.__LABEL14
E489: .LABEL.__LABEL6
E48E: .LABEL.__LABEL7
E496: .LABEL.__LABEL4
E4AB: .LABEL.__LABEL15
E4C4: .LABEL.__LABEL10
E4C9: .LABEL.__LABEL11
E4D1: .LABEL.__LABEL8
E4DC: .LABEL.__LABEL5
E4DF: .LABEL._ctc_sample_table
E4DF: .ctc_sample_table
E500: .core.__END_PROGRAM
E50D: ._checkints
E522: .itbuff
E523: ._checkints__leave
E524: ._L2Text
E57D: .PlotTextTile
E5B9: .textfontdone
E5BE: .endofl2text
E5C5: ._L2Text__leave
E5DF: ._PlaySFX
E5E2: ._PlaySFX__leave
E5E3: ._InitMusic
E626: .aybank1
E62E: .ayseta
E63A: .aysetde
E647: .exitplayerinit
E653: .ayrepairestack
E65E: .ayplayerstack
E6DE: .playmusicnl
E710: .exitplayernl
E71C: .ayrepairestack2
E71D: .re_init_music
E72B: .mustplayernl
E735: ._InitMusic__leave
E736: ._ISR
E755: .no_sample_to_play
E75F: .no_sfx_to_play
E768: .skipfxplayernl
E778: .skipmusicplayer
E781: .isr_replace_port
E797: .out_isr_sp
E81B: .temp_isr_sp
E820: ._ISR__leave
E821: .PlaySFX
E821: ._PlaySFXSys
E851: .AFXPLAY
E857: .afxBnkAdr
E865: .afxPlay0
E876: .afxPlay1
E890: ._PlaySFXSys__leave
E891: ._InitSFX
E8C1: .AFXINIT
E8CE: .afxInit0
E8DD: .afxInit1
E8FC: ._InitSFX__leave
E8FD: .AFXFRAME
E8FD: ._CallbackSFX
E932: .afxFrame0
E96A: .afxFrame1
E979: .afxFrame2
E97D: .afxFrame3
E982: .afxFrame4
E990: .afxFrame5
E997: .afxFrame6
E9A3: .afxFrame7
E9CF: ._CallbackSFX__leave
E9D0: ._SetUpCTC
E9D0: .startup
E9DF: .irq
E9F7: .patch_interrupt
EA4D: .set_ctc
EA78: .timing_tab
EA88: .sampletiming
EA89: .tunemamebuffer
EA8B: .raster_line
EA8E: .ctc0
EAA0: .out_isr_sp1
EAE6: .temp_isr_sp2
EAE8: .ctc1
EAF1: .nextsid_50hz_count
EAFB: .call_isr
EAFC: .nextsid_50hz_reset
EB00: .no_call_isr
EB01: .out_isr_sp3
EB47: .temp_isr_sp3
EB49: .raster_frame
EB4D: ._SetUpCTC__leave
EB4E: ._PlayCTC
EB4E: .play_sample
EB51: .process_sample
EB6B: .sampread
EB77: .sampread2
EB84: .sample
EB85: .sample_bank
EB86: .sample_loop
EB87: .sample_start
EB89: .sample_length
EB8B: .sample_offset
EB8D: .play_ctc_sample
EBB0: .playing
EBDF: .playbankout
EBE7: .ctc0a_port
EBE7: .done_playing
EBEF: ._PlayCTC__leave
EBF0: ._GetKey2
EC3E: ._GetKey2__leave
EC3F: ._InitInterupts
EC6D: ._InitInterupts__leave
EC78: .LABEL.__LABEL0
EC7B: .LABEL.__LABEL1
EC85: .core.__MEM_INIT
EC8B: .core.__MEM_INIT2
ECA9: .core.MEM_FREE
ECA9: .core.__MEM_FREE
ECFB: .core.__ERROR
ECFF: .core.__ERROR_CODE
ED01: .core.__STOP
ED05: .core.MEM_ALLOC
ED05: .core.__MEM_ALLOC
ED54: .core.__ILOADSTR
ED5B: .core.__LOADSTR
ED74: .core.__REALLOC
EDA8: .core.__STRASSIGN
EDDC: .core.__STRCPY
EDF1: .core.__PISTORE_STR
EDF5: .core.__ISTORE_STR
EDF9: .core.__STORE_STR