6590: .core.__START_PROGRAM
65A5: .core.__CALL_BACK__
65A7: .core.ZXBASIC_MEM_HEAP
65A7: .core.ZXBASIC_USER_DATA
6DA7: ._plx
6DA9: ._startx
6DAB: ._ply
6DAC: ._starty
6DAD: ._pldx
6DAE: ._pldy
6DAF: ._playersprite
6DB0: ._oldpx
6DB2: ._oldpy
6DB3: ._attr3
6DB4: ._nojump
6DB5: ._honeypots
6DB6: ._globalframe
6DB7: ._globalframetimer
6DB8: ._level
6DB9: ._maxlevel
6DBA: ._plvel
6DBE: ._velocity
6DC2: ._mapoffset
6DC4: ._jumptrigger
6DC5: ._jumpposition
6DC6: ._playerframe
6DC7: ._hudtimer
6DC8: ._mapbuffer
6DCA: ._aSprites
6DCC: ._aSprites.__DATA__.__PTR__
6DCE: ._aSprites.__DATA__
6EF7: .LABEL.__LABEL213
6EFC: .core.ZXBASIC_USER_DATA_END
6EFC: .core.__MAIN_PROGRAM__
6EFF: .nbtempstackstart
6F09: .LABEL._filename
6F09: .filename
7049: .endfilename
7049: .shadowlayerbit
704A: .nextbuild_file_end
70CF: .LABEL.__LABEL0
70EA: .LABEL._jumptable
70FA: .LABEL._map
70FA: .map
75FA: .LABEL._palbuff
75FA: .palbuff
761D: .core.__END_PROGRAM
762B: ._checkints
7640: .itbuff
7641: ._checkints__leave
7642: ._ShowLayer2
764E: ._ShowLayer2__leave
764F: ._InitSprites
7667: .sploop
7670: ._InitSprites__leave
767B: ._RemoveSprite
769C: ._RemoveSprite__leave
76A6: ._UpdateSprite
76DA: ._UpdateSprite__leave
76DE: .__EXIT_FUNCTION
76E8: ._FL2Text
7752: .notbank67
7760: .l2on
7767: .l2320on
7797: ._FL2Text__leave
77B0: ._ClipLayer2
77D0: ._ClipLayer2__leave
77DC: ._ClipTile
77FC: ._ClipTile__leave
7808: ._WaitRetrace
781C: ._WaitRetrace__leave
781D: ._WaitKey
7859: .exit_wait_key
785A: ._WaitKey__leave
785B: ._PlaySFX
785E: ._PlaySFX__leave
785F: ._InitMusic
78A1: .aybank1
78A9: .ayseta
78B5: .aysetde
78C3: .aysetde2
78C5: .aysetde1
78D2: .exitplayerinit
78DE: .ayrepairestack
78E2: .ayplayerstack
7962: .playmusicnl
79AE: .exitplayernl
79BA: .ayrepairestack2
79BB: .re_init_music
79C9: .re_init_music2
79CB: .re_init_music1
79E3: .mustplayernl
79ED: ._InitMusic__leave
79EE: ._SetUpIM
7B00: .IM_vector
7C02: ._exit_im_setup
7C09: ._SetUpIM__leave
7C0A: ._ISR
7C59: .no_sfx_to_play
7C62: .skipfxplayernl
7C72: .skipmusicplayer
7C88: .out_isr_sp
7D0D: .temp_isr_sp
7D0F: ._ISR__leave
7D10: .PlaySFX
7D10: ._PlaySFXSys
7D40: .AFXPLAY
7D46: .afxBnkAdr
7D54: .afxPlay0
7D65: .afxPlay1
7D7F: ._PlaySFXSys__leave
7D80: ._InitSFX
7DB0: .AFXINIT
7DBD: .afxInit0
7DCC: .afxInit1
7DEB: ._InitSFX__leave
7DEC: .AFXFRAME
7DEC: ._CallbackSFX
7E21: .afxFrame0
7E59: .afxFrame1
7E68: .afxFrame2
7E6C: .afxFrame3
7E71: .afxFrame4
7E7F: .afxFrame5
7E86: .afxFrame6
7E92: .afxFrame7
7EC2: ._CallbackSFX__leave
7EC3: ._MultiKeys
7EC8: ._MultiKeys__leave
7EC9: ._GetKeyScanCode
7EDC: ._GetKeyScanCode__leave
7EDD: ._CheckPots
7EF1: .LABEL.__LABEL4
7F61: .LABEL.__LABEL11
7F68: ._CheckPots__leave
7F6D: ._ShowIntroScreen
7F7C: .LABEL.__LABEL12
7FB3: .LABEL.__LABEL16
7FC9: .LABEL.__LABEL194
7FD9: .LABEL.__LABEL17
800A: .LABEL.__LABEL18
8063: .LABEL.__LABEL19
8074: .LABEL.__LABEL21
808A: .LABEL.__LABEL197
809A: .LABEL.__LABEL22
80CF: .LABEL._Messages
80CF: ._ShowIntroScreen__leave
80E1: ._ClearBank
80F8: ._ClearBank__leave
80F9: ._GetLevel
8157: ._GetLevel__leave
8160: ._CheckCollision
81A5: .LABEL.__LABEL23
81BC: .LABEL.__LABEL24
81CF: .LABEL.__LABEL198
81E5: .LABEL.__LABEL200
8217: .LABEL.__LABEL28
8221: .LABEL.__LABEL30
822D: .LABEL.__LABEL32
8237: .LABEL.__LABEL34
824B: .LABEL.__LABEL40
828B: .LABEL.__LABEL41
828E: .LABEL.__LABEL37
8297: .LABEL.__LABEL39
829A: .LABEL.__LABEL35
82AA: .LABEL.__LABEL49
82EA: .LABEL.__LABEL50
82ED: .LABEL.__LABEL46
82F6: .LABEL.__LABEL36
8305: .LABEL.__LABEL53
8311: .LABEL.__LABEL54
8324: .LABEL.__LABEL202
833A: .LABEL.__LABEL204
836C: .LABEL.__LABEL56
8376: .LABEL.__LABEL58
8382: .LABEL.__LABEL60
838C: .LABEL.__LABEL62
83B8: .LABEL.__LABEL68
83F1: .LABEL.__LABEL69
83F4: .LABEL.__LABEL65
83FD: .LABEL.__LABEL67
8400: .LABEL.__LABEL63
8420: .LABEL.__LABEL75
845B: .LABEL.__LABEL78
8478: .LABEL.__LABEL72
8481: .LABEL.__LABEL64
848D: ._CheckCollision__leave
8492: ._ReadKeys
84C1: .LABEL.__LABEL80
84E5: .LABEL.__LABEL81
8507: .LABEL.__LABEL82
8526: .LABEL.__LABEL206
8533: .LABEL.__LABEL207
8556: .LABEL.__LABEL85
856E: .LABEL.__LABEL208
8576: .LABEL.__LABEL86
8587: .LABEL.__LABEL90
85C7: .LABEL.__LABEL93
85D4: .LABEL.__LABEL94
85F4: .LABEL.__LABEL92
8613: .LABEL.__LABEL99
8617: .LABEL.__LABEL98
862F: .LABEL.__LABEL101
8633: ._ReadKeys__leave
8638: ._UpdatePlayer
8651: ._UpdatePlayer__leave
8652: ._SetUpNPC
8674: .LABEL.__LABEL106
8691: .LABEL.__LABEL103
86A0: .LABEL.__LABEL111
86A7: .LABEL.__LABEL116
86D0: .LABEL.__LABEL120
86E3: .LABEL.__LABEL122
8707: .LABEL.__LABEL124
8724: .LABEL.__LABEL121
8757: .LABEL.__LABEL119
8767: .LABEL.__LABEL113
8772: .LABEL.__LABEL108
877A: ._SetUpNPC__leave
877F: ._UpdateSprites
87A0: .LABEL.__LABEL130
8803: .LABEL.__LABEL135
888B: .LABEL.__LABEL211
88AD: .LABEL.__LABEL141
88B0: .LABEL.__LABEL138
88CF: .LABEL.__LABEL145
88E7: .LABEL.__LABEL142
890E: .LABEL.__LABEL148
8925: .LABEL.__LABEL149
893A: .LABEL.__LABEL139
894F: .LABEL.__LABEL137
89D3: .LABEL.__LABEL155
89DA: .LABEL.__LABEL152
8A4A: .LABEL.__LABEL153
8AA2: .LABEL.__LABEL160
8AB3: .LABEL.__LABEL151
8B97: .LABEL.__LABEL166
8BC0: .LABEL.__LABEL167
8BC3: .LABEL.__LABEL164
8BE4: .LABEL.__LABEL133
8BEA: ._UpdateSprites__leave
8BEF: ._ShowHud
8C44: .LABEL.__LABEL170
8C48: ._ShowHud__leave
8C49: ._PlayerHit
8C56: .LABEL.__LABEL174
8C8D: ._PlayerHit__leave
8C92: ._AddNewSprite
8C9E: .LABEL.__LABEL177
8CC1: .LABEL.__LABEL212
8CCB: .LABEL.__LABEL178
8CEA: .LABEL.__LABEL181
8CEE: .LABEL.__LABEL182
8D94: ._AddNewSprite__leave
8D9B: ._SetupTileHW
8DA8: ._tmuploadloop
8DF6: ._SetupTileHW__leave
8DF7: ._CopyToBanks
8E03: .copybankloop
8E31: ._CopyToBanks__leave
8E32: ._ShowIntroScreen.__DATA__FUNCPTR__0
8E38: ._ShowIntroScreen.__DATA__FUNCPTR__0__leave
8E39: ._ShowIntroScreen.__DATA__FUNCPTR__1
8E3F: ._ShowIntroScreen.__DATA__FUNCPTR__1__leave
8E40: ._ShowIntroScreen.__DATA__FUNCPTR__2
8E46: ._ShowIntroScreen.__DATA__FUNCPTR__2__leave
8E47: ._ShowIntroScreen.__DATA__FUNCPTR__3
8E4D: ._ShowIntroScreen.__DATA__FUNCPTR__3__leave
8E4E: ._ShowIntroScreen.__DATA__FUNCPTR__4
8E54: ._ShowIntroScreen.__DATA__FUNCPTR__4__leave
8E55: ._ShowIntroScreen.__DATA__FUNCPTR__5
8E5B: ._ShowIntroScreen.__DATA__FUNCPTR__5__leave
8E5C: ._ShowIntroScreen.__DATA__FUNCPTR__6
8E62: ._ShowIntroScreen.__DATA__FUNCPTR__6__leave
8E63: ._ShowIntroScreen.__DATA__FUNCPTR__7
8E69: ._ShowIntroScreen.__DATA__FUNCPTR__7__leave
8E6A: ._ShowIntroScreen.__DATA__FUNCPTR__8
8E70: ._ShowIntroScreen.__DATA__FUNCPTR__8__leave
8E71: ._ShowIntroScreen.__DATA__FUNCPTR__9
8E77: ._ShowIntroScreen.__DATA__FUNCPTR__9__leave
8E78: ._ShowIntroScreen.__DATA__FUNCPTR__10
8E7E: ._ShowIntroScreen.__DATA__FUNCPTR__10__leave
8E7F: ._ShowIntroScreen.__DATA__FUNCPTR__11
8E85: ._ShowIntroScreen.__DATA__FUNCPTR__11__leave
8E86: .DATA.__DATA__0
8E8B: .DATA.__DATA__1
8E90: .DATA.__DATA__2
8E95: .DATA.__DATA__3
8E9A: .DATA.__DATA__4
8E9F: .DATA.__DATA__5
8EA4: .DATA.__DATA__6
8EA9: .DATA.__DATA__7
8EAE: .DATA.__DATA__8
8EB3: .DATA.__DATA__9
8EB8: .DATA.__DATA__10
8EBD: .DATA.__DATA__11
8EC2: .__DATA__END
8EC3: .LABEL.__LABEL7
8ED4: .LABEL.__LABEL8
8EE5: .LABEL.__LABEL9
8EF7: .LABEL.__LABEL15
8F2B: .LABEL.__LABEL20
8F2E: .LABEL.__LABEL172
8F38: .LABEL.__LABEL173
8F41: .LABEL.__LABEL183
8F53: .LABEL.__LABEL184
8F6D: .LABEL.__LABEL185
8F91: .LABEL.__LABEL186
8FA8: .LABEL.__LABEL187
8FCD: .LABEL.__LABEL188
8FE0: .LABEL.__LABEL189
9008: .LABEL.__LABEL190
9022: .LABEL.__LABEL191
903F: .LABEL.__LABEL192
9060: .LABEL.__LABEL193
9074: .core.__MUL16
908B: .core.__ARRAY_PTR
908F: .core.__ARRAY
90D2: .core.SCREEN_ADDR
90D4: .core.SCREEN_ATTR_ADDR
90D6: .core.__ERROR
90DA: .core.__ERROR_CODE
90DC: .core.__STOP
90E0: .core.__IN_SCREEN
90EA: .core.__OUT_OF_SCREEN_ERR
90EF: .core.__ATTR_ADDR
9100: .core.SET_ATTR
9107: .core.__SET_ATTR
9107: .core.__SET_ATTR2
9114: .core.__LOAD_S_POSN
9120: .core.__SAVE_S_POSN
9129: .core.__SET_SCR_PTR
9146: .core.__zxnbackup_sysvar_bank
915C: .core.__zxnbackup_sysvar_bank_restore
9161: .core.CLS
9195: .core.__EQ16
919B: .core.__MEM_INIT
91A1: .core.__MEM_INIT2
91BF: .core.MEM_FREE
91BF: .core.__MEM_FREE
9211: .core.INK
9233: .core.INK_TMP
923C: .core.MEM_ALLOC
923C: .core.__MEM_ALLOC
928B: .core.__ILOADSTR
9292: .core.__LOADSTR
92AB: .core.PAPER
92D0: .core.PAPER_TMP
92D9: .core.__PISTORE_STR2
92DD: .core.__ISTORE_STR2
92E1: .core.__STORE_STR2
92F1: .core.__PSTORE_STR2
92F8: .core.__ILOAD32
9302: .core.__ILOADF
9306: .core.__LOADF
9310: .core.__ABS32
9313: .core.__NEG32
9325: .core.__FTOU32REG
9342: .core.__FTOU32REG_LOOP
9356: .core.__FTOU32REG_END
936E: .core.__FTOU8
9373: .core.__FTOF16REG
9397: .core.__I8TOFREG
939D: .core.__I32TOFREG
93AB: .core.__U8TOFREG
93B0: .core.__U32TOFREG
93C4: .core.__U32TOFREG_LOOP
93E6: .core.__F16TOFREG
940B: .core.__RESTORE
9495: .core._before_from_i16
94C6: .core.before_to_int
953F: .core.__FPSTACK_PUSH2
9550: .core.__FPSTACK_I16
955B: .core.__STR
955B: .core.__STR_FAST
9596: .core.__STR_BANKS
9599: .core.__STRLEN
95A1: .core.__ADDSTR
95A1: .core.__STRCAT2
95CA: .core.__STR_CONT1
95D3: .core.__STRCAT
95F6: .core.__STR_ISNULL
95FC: .core.__STRCMP
963E: .core.__STREQ
964B: .core.__STRNE
9655: .core.__STRLT
9663: .core.__STRLE
966E: .core.__STRGT
967C: .core.__STRGE
9684: .core.__FREE_STR