6590: .core.__START_PROGRAM
65A5: .core.__CALL_BACK__
65A7: .core.ZXBASIC_MEM_HEAP
65A7: .core.ZXBASIC_USER_DATA
6DA7: ._plx
6DA9: ._startx
6DAB: ._ply
6DAC: ._starty
6DAD: ._pldx
6DAE: ._pldy
6DAF: ._playersprite
6DB0: ._oldpx
6DB2: ._oldpy
6DB3: ._attr3
6DB4: ._nojump
6DB5: ._honeypots
6DB6: ._globalframe
6DB7: ._globalframetimer
6DB8: ._level
6DB9: ._maxlevel
6DBA: ._plvel
6DBE: ._velocity
6DC2: ._mapoffset
6DC4: ._jumptrigger
6DC5: ._jumpposition
6DC6: ._playerframe
6DC7: ._hudtimer
6DC8: ._mapbuffer
6DCA: ._aSprites
6DCC: ._aSprites.__DATA__.__PTR__
6DCE: ._aSprites.__DATA__
6EF7: .LABEL.__LABEL213
6EFC: .core.ZXBASIC_USER_DATA_END
6EFC: .core.__MAIN_PROGRAM__
6F06: .LABEL._filename
6F06: .filename
7046: .endfilename
7046: .nbtempstackstart
7049: .shadowlayerbit
704A: .nextbuild_file_end
70CF: .LABEL.__LABEL0
70EB: .LABEL._jumptable
70FB: .LABEL._map
70FB: .map
75FB: .LABEL._palbuff
75FB: .palbuff
761E: .core.__END_PROGRAM
762C: ._checkints
7641: .itbuff
7642: ._checkints__leave
7643: ._ShowLayer2
764F: ._ShowLayer2__leave
7650: ._InitSprites
7668: .sploop
7671: ._InitSprites__leave
767C: ._RemoveSprite
769D: ._RemoveSprite__leave
76A7: ._UpdateSprite
76DB: ._UpdateSprite__leave
76DF: .__EXIT_FUNCTION
76E9: ._FL2Text
7753: .notbank67
7761: .l2on
7768: .l2320on
7798: ._FL2Text__leave
77B1: ._ClipLayer2
77D1: ._ClipLayer2__leave
77DD: ._ClipTile
77FD: ._ClipTile__leave
7809: ._WaitRetrace
7824: ._WaitRetrace__leave
782D: ._WaitKey
7869: .exit_wait_key
786A: ._WaitKey__leave
786B: ._PlaySFX
786E: ._PlaySFX__leave
786F: ._InitMusic
78B2: .aybank1
78BA: .ayseta
78C6: .aysetde
78D4: .exitplayerinit
78E0: .ayrepairestack
78EB: .ayplayerstack
796B: .playmusicnl
799D: .exitplayernl
79A9: .ayrepairestack2
79AA: .re_init_music
79B8: .mustplayernl
79C2: ._InitMusic__leave
79C3: ._SetUpIM
7A00: .IM_vector
7B02: ._exit_im_setup
7B09: ._SetUpIM__leave
7B0A: ._ISR
7B32: .no_sfx_to_play
7B3B: .skipfxplayernl
7B4B: .skipmusicplayer
7B61: .out_isr_sp
7BE6: .temp_isr_sp
7BE8: ._ISR__leave
7BE9: .PlaySFX
7BE9: ._PlaySFXSys
7C19: .AFXPLAY
7C1F: .afxBnkAdr
7C2D: .afxPlay0
7C3E: .afxPlay1
7C58: ._PlaySFXSys__leave
7C59: ._InitSFX
7C89: .AFXINIT
7C96: .afxInit0
7CA5: .afxInit1
7CC4: ._InitSFX__leave
7CC5: .AFXFRAME
7CC5: ._CallbackSFX
7CFA: .afxFrame0
7D32: .afxFrame1
7D41: .afxFrame2
7D45: .afxFrame3
7D4A: .afxFrame4
7D58: .afxFrame5
7D5F: .afxFrame6
7D6B: .afxFrame7
7D9B: ._CallbackSFX__leave
7D9C: ._MultiKeys
7DA1: ._MultiKeys__leave
7DA2: ._GetKeyScanCode
7DB5: ._GetKeyScanCode__leave
7DB6: ._CheckPots
7DCA: .LABEL.__LABEL4
7E3C: .LABEL.__LABEL11
7E43: ._CheckPots__leave
7E48: ._ShowIntroScreen
7E57: .LABEL.__LABEL12
7E8E: .LABEL.__LABEL16
7EA4: .LABEL.__LABEL194
7EB5: .LABEL.__LABEL17
7EE6: .LABEL.__LABEL18
7F3F: .LABEL.__LABEL19
7F50: .LABEL.__LABEL21
7F66: .LABEL.__LABEL197
7F77: .LABEL.__LABEL22
7FAC: .LABEL._Messages
7FAC: ._ShowIntroScreen__leave
7FBE: ._ClearBank
7FD5: ._ClearBank__leave
7FD6: ._GetLevel
8034: ._GetLevel__leave
803D: ._CheckCollision
8082: .LABEL.__LABEL23
8099: .LABEL.__LABEL24
80AC: .LABEL.__LABEL198
80C2: .LABEL.__LABEL200
80F4: .LABEL.__LABEL28
80FE: .LABEL.__LABEL30
810A: .LABEL.__LABEL32
8114: .LABEL.__LABEL34
8128: .LABEL.__LABEL40
8168: .LABEL.__LABEL41
816B: .LABEL.__LABEL37
8174: .LABEL.__LABEL39
8177: .LABEL.__LABEL35
8187: .LABEL.__LABEL49
81C7: .LABEL.__LABEL50
81CA: .LABEL.__LABEL46
81D3: .LABEL.__LABEL36
81E2: .LABEL.__LABEL53
81EE: .LABEL.__LABEL54
8201: .LABEL.__LABEL202
8217: .LABEL.__LABEL204
8249: .LABEL.__LABEL56
8253: .LABEL.__LABEL58
825F: .LABEL.__LABEL60
8269: .LABEL.__LABEL62
8295: .LABEL.__LABEL68
82CE: .LABEL.__LABEL69
82D1: .LABEL.__LABEL65
82DA: .LABEL.__LABEL67
82DD: .LABEL.__LABEL63
82FD: .LABEL.__LABEL75
8338: .LABEL.__LABEL78
8355: .LABEL.__LABEL72
835E: .LABEL.__LABEL64
836A: ._CheckCollision__leave
836F: ._ReadKeys
839E: .LABEL.__LABEL80
83C2: .LABEL.__LABEL81
83E4: .LABEL.__LABEL82
8403: .LABEL.__LABEL206
8410: .LABEL.__LABEL207
8433: .LABEL.__LABEL85
844B: .LABEL.__LABEL208
8453: .LABEL.__LABEL86
8464: .LABEL.__LABEL90
84A4: .LABEL.__LABEL93
84B1: .LABEL.__LABEL94
84D1: .LABEL.__LABEL92
84F0: .LABEL.__LABEL99
84F4: .LABEL.__LABEL98
850C: .LABEL.__LABEL101
8510: ._ReadKeys__leave
8515: ._UpdatePlayer
852E: ._UpdatePlayer__leave
852F: ._SetUpNPC
8551: .LABEL.__LABEL106
856E: .LABEL.__LABEL103
857D: .LABEL.__LABEL111
8584: .LABEL.__LABEL116
85AD: .LABEL.__LABEL120
85C0: .LABEL.__LABEL122
85E4: .LABEL.__LABEL124
8601: .LABEL.__LABEL121
8634: .LABEL.__LABEL119
8644: .LABEL.__LABEL113
864F: .LABEL.__LABEL108
8657: ._SetUpNPC__leave
865C: ._UpdateSprites
867D: .LABEL.__LABEL130
86E0: .LABEL.__LABEL135
8768: .LABEL.__LABEL211
878A: .LABEL.__LABEL141
878D: .LABEL.__LABEL138
87AC: .LABEL.__LABEL145
87C4: .LABEL.__LABEL142
87EB: .LABEL.__LABEL148
8802: .LABEL.__LABEL149
8817: .LABEL.__LABEL139
882C: .LABEL.__LABEL137
88B0: .LABEL.__LABEL155
88B7: .LABEL.__LABEL152
8927: .LABEL.__LABEL153
897F: .LABEL.__LABEL160
8990: .LABEL.__LABEL151
8A74: .LABEL.__LABEL166
8A9D: .LABEL.__LABEL167
8AA0: .LABEL.__LABEL164
8AC1: .LABEL.__LABEL133
8AC7: ._UpdateSprites__leave
8ACC: ._ShowHud
8B21: .LABEL.__LABEL170
8B25: ._ShowHud__leave
8B26: ._PlayerHit
8B33: .LABEL.__LABEL174
8B6C: ._PlayerHit__leave
8B71: ._AddNewSprite
8B7D: .LABEL.__LABEL177
8BA0: .LABEL.__LABEL212
8BAA: .LABEL.__LABEL178
8BC9: .LABEL.__LABEL181
8BCD: .LABEL.__LABEL182
8C73: ._AddNewSprite__leave
8C7A: ._SetupTileHW
8C87: ._tmuploadloop
8CD5: ._SetupTileHW__leave
8CD6: ._CopyToBanks
8CE2: .copybankloop
8D10: ._CopyToBanks__leave
8D11: ._ShowIntroScreen.__DATA__FUNCPTR__0
8D17: ._ShowIntroScreen.__DATA__FUNCPTR__0__leave
8D18: ._ShowIntroScreen.__DATA__FUNCPTR__1
8D1E: ._ShowIntroScreen.__DATA__FUNCPTR__1__leave
8D1F: ._ShowIntroScreen.__DATA__FUNCPTR__2
8D25: ._ShowIntroScreen.__DATA__FUNCPTR__2__leave
8D26: ._ShowIntroScreen.__DATA__FUNCPTR__3
8D2C: ._ShowIntroScreen.__DATA__FUNCPTR__3__leave
8D2D: ._ShowIntroScreen.__DATA__FUNCPTR__4
8D33: ._ShowIntroScreen.__DATA__FUNCPTR__4__leave
8D34: ._ShowIntroScreen.__DATA__FUNCPTR__5
8D3A: ._ShowIntroScreen.__DATA__FUNCPTR__5__leave
8D3B: ._ShowIntroScreen.__DATA__FUNCPTR__6
8D41: ._ShowIntroScreen.__DATA__FUNCPTR__6__leave
8D42: ._ShowIntroScreen.__DATA__FUNCPTR__7
8D48: ._ShowIntroScreen.__DATA__FUNCPTR__7__leave
8D49: ._ShowIntroScreen.__DATA__FUNCPTR__8
8D4F: ._ShowIntroScreen.__DATA__FUNCPTR__8__leave
8D50: ._ShowIntroScreen.__DATA__FUNCPTR__9
8D56: ._ShowIntroScreen.__DATA__FUNCPTR__9__leave
8D57: ._ShowIntroScreen.__DATA__FUNCPTR__10
8D5D: ._ShowIntroScreen.__DATA__FUNCPTR__10__leave
8D5E: ._ShowIntroScreen.__DATA__FUNCPTR__11
8D64: ._ShowIntroScreen.__DATA__FUNCPTR__11__leave
8D65: .DATA.__DATA__0
8D6A: .DATA.__DATA__1
8D6F: .DATA.__DATA__2
8D74: .DATA.__DATA__3
8D79: .DATA.__DATA__4
8D7E: .DATA.__DATA__5
8D83: .DATA.__DATA__6
8D88: .DATA.__DATA__7
8D8D: .DATA.__DATA__8
8D92: .DATA.__DATA__9
8D97: .DATA.__DATA__10
8D9C: .DATA.__DATA__11
8DA1: .__DATA__END
8DA2: .LABEL.__LABEL7
8DB3: .LABEL.__LABEL8
8DC4: .LABEL.__LABEL9
8DD6: .LABEL.__LABEL15
8E0A: .LABEL.__LABEL20
8E0D: .LABEL.__LABEL172
8E17: .LABEL.__LABEL173
8E20: .LABEL.__LABEL183
8E32: .LABEL.__LABEL184
8E4C: .LABEL.__LABEL185
8E70: .LABEL.__LABEL186
8E87: .LABEL.__LABEL187
8EAC: .LABEL.__LABEL188
8EBF: .LABEL.__LABEL189
8EE7: .LABEL.__LABEL190
8F01: .LABEL.__LABEL191
8F1E: .LABEL.__LABEL192
8F3F: .LABEL.__LABEL193
8F53: .core.__MUL16
8F6A: .core.__ARRAY_PTR
8F6E: .core.__ARRAY
8FB1: .core.SCREEN_ADDR
8FB3: .core.SCREEN_ATTR_ADDR
8FB5: .core.__ERROR
8FB9: .core.__ERROR_CODE
8FBB: .core.__STOP
8FBF: .core.__IN_SCREEN
8FC9: .core.__OUT_OF_SCREEN_ERR
8FCE: .core.__ATTR_ADDR
8FDF: .core.SET_ATTR
8FE6: .core.__SET_ATTR
8FE6: .core.__SET_ATTR2
8FF3: .core.__LOAD_S_POSN
8FFF: .core.__SAVE_S_POSN
9008: .core.__SET_SCR_PTR
9025: .core.__zxnbackup_sysvar_bank
9043: .core.__zxnbackup_sysvar_bank_restore
9048: .core.CLS
907C: .core.__EQ16
9082: .core.__MEM_INIT
9088: .core.__MEM_INIT2
90A6: .core.MEM_FREE
90A6: .core.__MEM_FREE
90F8: .core.INK
911A: .core.INK_TMP
9123: .core.MEM_ALLOC
9123: .core.__MEM_ALLOC
9172: .core.__ILOADSTR
9179: .core.__LOADSTR
9192: .core.PAPER
91B7: .core.PAPER_TMP
91C0: .core.__PISTORE_STR2
91C4: .core.__ISTORE_STR2
91C8: .core.__STORE_STR2
91D8: .core.__PSTORE_STR2
91DF: .core.__ILOAD32
91E9: .core.__ILOADF
91ED: .core.__LOADF
91F7: .core.__ABS32
91FA: .core.__NEG32
920C: .core.__FTOU32REG
9229: .core.__FTOU32REG_LOOP
923D: .core.__FTOU32REG_END
9255: .core.__FTOU8
925A: .core.__FTOF16REG
927E: .core.__I8TOFREG
9284: .core.__I32TOFREG
9292: .core.__U8TOFREG
9297: .core.__U32TOFREG
92AB: .core.__U32TOFREG_LOOP
92CD: .core.__F16TOFREG
92F2: .core.__RESTORE
937C: .core._before_from_i16
93AD: .core.before_to_int
9426: .core.__FPSTACK_PUSH2
9437: .core.__FPSTACK_I16
9442: .core.__STR
9442: .core.__STR_FAST
947A: .core.__STR_BANKS
947B: .core.__STRLEN
9483: .core.__ADDSTR
9483: .core.__STRCAT2
94AC: .core.__STR_CONT1
94B5: .core.__STRCAT
94D8: .core.__STR_ISNULL
94DE: .core.__STRCMP
9520: .core.__STREQ
952D: .core.__STRNE
9537: .core.__STRLT
9545: .core.__STRLE
9550: .core.__STRGT
955E: .core.__STRGE
9566: .core.__FREE_STR