8000: .core.__START_PROGRAM
8015: .core.__CALL_BACK__
8017: .core.ZXBASIC_MEM_HEAP
8017: .core.ZXBASIC_USER_DATA
8817: ._row
8818: ._t
8819: ._keydown
881A: ._play
881B: ._slen
881C: ._pattern
881D: ._position
881E: ._k
8820: .core.ZXBASIC_USER_DATA_END
8820: .core.__MAIN_PROGRAM__
882A: .LABEL._filename
882A: .filename
8C2A: .endfilename
8C2A: .nbtempstackstart
8C2D: .shadowlayerbit
8D65: .LABEL.__LABEL1
8D7E: .LABEL.__LABEL25
8DAA: .LABEL.__LABEL3
8DC0: .LABEL.__LABEL26
8DE0: .LABEL.__LABEL5
8DF6: .LABEL.__LABEL27
8E11: .LABEL.__LABEL7
8E27: .LABEL.__LABEL28
8E44: .LABEL.__LABEL9
8E5A: .LABEL.__LABEL29
8E7E: .LABEL.__LABEL11
8E90: .LABEL.__LABEL4
8EA5: .LABEL.__LABEL30
8EC7: .LABEL.__LABEL20
8ED1: .LABEL.__LABEL18
8F63: .LABEL.__LABEL16
8F6F: .LABEL.__LABEL23
8F72: .pattern0
9775: .core.__END_PROGRAM
9783: ._checkints
9798: .itbuff
9799: ._checkints__leave
979A: ._InitSprites2
97CC: ._InitSprites2__leave
97CD: ._UpdateSprite
9801: ._UpdateSprite__leave
9805: .__EXIT_FUNCTION
980F: ._PalUpload
9824: .loadpal
982B: .palloop
9843: ._PalUpload__leave
984E: ._WaitRetrace
9869: ._WaitRetrace__leave
9872: ._WaitRetrace2
9893: ._WaitRetrace2__leave
9894: ._ClearTilemap
98A1: ._ClearTilemap__leave
98A2: ._CopyToBanks
98B1: .copybankloop
98C1: .copysize
98D8: ._CopyToBanks__leave
98D9: ._TextLine
98F3: .TextLine.xpos
9909: .TextLine.lineloop
990C: .TextLine.col
9916: .TextLine.done
9916: ._TextLine__leave
992F: ._GetKeyScanCode
9942: ._GetKeyScanCode__leave
9943: ._colour_pattern
9946: ._colour_pattern__leave
9947: ._get_position
994F: .continuesong
9960: ._get_position__leave
9961: ._Show_Row
9979: .draw_row
998D: .skipand192
9991: .PatternLoop
9993: .RowLoop
9A24: .charsperline_80
9A28: .charperline_skip
9A30: .back
9A38: .getPatternRow
9A42: .printblank
9A4A: .wipeloop
9A56: .DecodePatternData
9A83: .printhex_X
9A8E: .printhex_XX
9A9B: .char2
9AA7: .printnumber
9AB1: .Na1
9AB3: .Na2
9ABF: .skipglyph
9AC8: .printhl
9ACE: .pr_lp
9AD9: .pr_done
9ADB: .cursor_position
9ADD: .cur_x
9ADE: .cur_y
9ADF: .period_to_string
9AF3: .normalcolour
9AF5: .darkcolour
9AFA: .color_pattern_table
9AFF: .colour_start
9B04: .colourloop
9B14: .charsperline_40
9B21: .notmiddle
9B25: .colourtable
9B4D: .middle
9B9D: .note_tab
9C31: .inkred
9C32: ._Show_Row__leave
9C3C: .LABEL.__LABEL0
9C3F: .LABEL.__LABEL21
9C4C: .LABEL.__LABEL22
9C59: .core.SCREEN_ADDR
9C5B: .core.SCREEN_ATTR_ADDR
9C5D: .core.CLS
9C8C: .core.__EQ16
9C92: .core.__MEM_INIT
9C98: .core.__MEM_INIT2
9CB6: .core.MEM_FREE
9CB6: .core.__MEM_FREE
9D08: .core.INK
9D23: .core.INK_TMP
9D29: .core.PAPER
9D47: .core.PAPER_TMP
9D4D: .core.__ERROR
9D51: .core.__ERROR_CODE
9D53: .core.__STOP
9D57: .core.MEM_ALLOC
9D57: .core.__MEM_ALLOC
9DA6: .core.__FPSTACK_PUSH2
9DB7: .core.__FPSTACK_I16
9DC2: .core.__STR
9DC2: .core.__STR_FAST
9DFB: .core.__STRLEN
9E03: .core.__ADDSTR
9E03: .core.__STRCAT2
9E2C: .core.__STR_CONT1
9E35: .core.__STRCAT
9E58: .core.__ABS32
9E5B: .core.__NEG32
9E6D: .core.__I8TOFREG
9E73: .core.__I32TOFREG
9E81: .core.__U8TOFREG
9E86: .core.__U32TOFREG
9E9A: .core.__U32TOFREG_LOOP