8000: .core.__START_PROGRAM
8012: .core.__CALL_BACK__
8014: ._row
8014: .core.ZXBASIC_USER_DATA
8015: ._trow
8016: ._keydown
8017: ._x
8018: ._k
801A: ._t
801B: .core.ZXBASIC_USER_DATA_END
801B: .core.__MAIN_PROGRAM__
8025: .LABEL._filename
8025: .filename
8425: .endfilename
8425: .nbtempstackstart
8428: .shadowlayerbit
8501: .LABEL.__LABEL3
8516: .LABEL.__LABEL0
851F: .LABEL.__LABEL5
8538: .LABEL.__LABEL24
855B: .LABEL.__LABEL14
8570: .LABEL.__LABEL11
857C: .LABEL.__LABEL9
858D: .LABEL.__LABEL10
8599: .LABEL.__LABEL7
85AF: .LABEL.__LABEL25
85DD: .LABEL.__LABEL16
85F3: .LABEL.__LABEL26
8602: .LABEL.__LABEL18
8614: .LABEL.__LABEL8
8627: .LABEL.__LABEL22
862A: .pattern0
862D: .core.__END_PROGRAM
863B: ._checkints
8650: .itbuff
8651: ._checkints__leave
8652: ._InitSprites2
8684: ._InitSprites2__leave
8685: ._UpdateSprite
86B9: ._UpdateSprite__leave
86BD: .__EXIT_FUNCTION
86C7: ._PalUpload
86DC: .loadpal
86E3: .palloop
86FB: ._PalUpload__leave
8706: ._WaitRetrace
8721: ._WaitRetrace__leave
872A: ._WaitRetrace2
874B: ._WaitRetrace2__leave
874C: ._ClearTilemap
8759: ._ClearTilemap__leave
875A: ._CopyToBanks
8769: .copybankloop
8779: .copysize
8790: ._CopyToBanks__leave
8791: ._GetKeyScanCode
87A4: ._GetKeyScanCode__leave
87A5: ._changeFont
87B7: .font1
87BB: .font2
87C8: .fontnumber
87C9: ._changeFont__leave
87CA: ._copyup
87D6: ._copyup__leave
87D7: ._copydown
87E3: ._copydown__leave
87E4: ._sety
87E7: ._sety__leave
87E8: ._Show_Row
87FA: .draw_row
8800: .RowLoop
8823: .coloureffect
88A3: .back
88A4: .getPatternRow
88AD: .printblank
88BB: .DecodePatternData
88E0: .printhex2
88EC: .printhex
88FF: .Num1
8903: .Num2
890B: .printhl
8914: .print_tilemap
8939: .cur_x
893A: .cur_y
893B: .period_to_string
894F: .normalcolour
8951: .darkcolour
8956: .note_tab
89EA: .inkred
89EB: ._Show_Row__leave
89F5: ._dmaCopy
89FA: .dmaCopyCore
8A0F: .DMACode
8A11: .DMASource
8A13: .DMALength
8A1A: .DMADest
8A1F: .dmaCopyCoreUP
8A34: .DMACodeUP
8A36: .DMASourceUP
8A38: .DMALengthUP
8A3F: .DMADestUP
8A44: ._dmaCopy__leave
8A45: .core.SCREEN_ADDR
8A47: .core.SCREEN_ATTR_ADDR
8A49: .core.CLS
8A78: .core.__EQ16
8A7E: .core.INK
8A99: .core.INK_TMP
8A9F: .core.PAPER
8ABD: .core.PAPER_TMP