8000: .core.__START_PROGRAM
8012: .core.__CALL_BACK__
8014: ._row
8014: .core.ZXBASIC_USER_DATA
8015: ._trow
8016: ._keydown
8017: ._k
8019: .core.ZXBASIC_USER_DATA_END
8019: .core.__MAIN_PROGRAM__
8023: .LABEL._filename
8023: .filename
8423: .endfilename
8423: .nbtempstackstart
8426: .shadowlayerbit
8501: .LABEL.__LABEL0
851A: .LABEL.__LABEL18
8543: .LABEL.__LABEL2
8559: .LABEL.__LABEL19
8577: .LABEL.__LABEL4
858D: .LABEL.__LABEL20
85A8: .LABEL.__LABEL8
85AD: .LABEL.__LABEL9
85BE: .LABEL.__LABEL6
85D4: .LABEL.__LABEL21
85EC: .LABEL.__LABEL12
85F0: .LABEL.__LABEL13
8601: .LABEL.__LABEL10
8613: .LABEL.__LABEL3
861B: .LABEL.__LABEL16
861E: .pattern0
8E21: .core.__END_PROGRAM
8E2F: ._checkints
8E44: .itbuff
8E45: ._checkints__leave
8E46: ._InitSprites2
8E78: ._InitSprites2__leave
8E79: ._UpdateSprite
8EAD: ._UpdateSprite__leave
8EB1: .__EXIT_FUNCTION
8EBB: ._PalUpload
8ED0: .loadpal
8ED7: .palloop
8EEF: ._PalUpload__leave
8EFA: ._WaitRetrace
8F15: ._WaitRetrace__leave
8F1E: ._WaitRetrace2
8F3F: ._WaitRetrace2__leave
8F40: ._ClearTilemap
8F4D: ._ClearTilemap__leave
8F4E: ._CopyToBanks
8F5D: .copybankloop
8F6D: .copysize
8F84: ._CopyToBanks__leave
8F85: ._GetKeyScanCode
8F98: ._GetKeyScanCode__leave
8F99: ._colour_pattern
8F9C: ._colour_pattern__leave
8F9D: ._Show_Row
8FB5: .draw_row
8FBD: .PatternLoop
8FBF: .RowLoop
9049: .back
9051: .getPatternRow
905B: .printblank
9063: .wipeloop
906F: .DecodePatternData
907C: .swapnip
9091: .printhex_X
90A2: .printhex_XX
90B2: .char2
90C1: .skipglyph
90CA: .printhl
90D0: .pr_lp
90DB: .pr_done
90E0: .cursor_position
90E2: .cur_x
90E3: .cur_y
90E4: .period_to_string
90F8: .normalcolour
90FA: .darkcolour
90FF: .color_pattern_table
9104: .colour_start
9109: .colourloop
9120: .notmiddle
9124: .colourtable
914C: .middle
9174: .note_tab
9208: .inkred
9209: ._Show_Row__leave
9213: .core.SCREEN_ADDR
9215: .core.SCREEN_ATTR_ADDR
9217: .core.CLS
9246: .core.__EQ16
924C: .core.INK
9267: .core.INK_TMP
926D: .core.PAPER
928B: .core.PAPER_TMP