8000: .core.__START_PROGRAM
8012: .core.__CALL_BACK__
8014: ._row
8014: .core.ZXBASIC_USER_DATA
8015: ._trow
8016: ._keydown
8017: ._k
8019: .core.ZXBASIC_USER_DATA_END
8019: .core.__MAIN_PROGRAM__
8023: .LABEL._filename
8023: .filename
8123: .endfilename
8123: .nbtempstackstart
8126: .shadowlayerbit
81B1: .LABEL.__LABEL0
81CA: .LABEL.__LABEL10
81F9: .LABEL.__LABEL2
820F: .LABEL.__LABEL11
8236: .LABEL.__LABEL4
8241: .LABEL.__LABEL3
8249: .LABEL.__LABEL8
824C: .pattern0
8A4F: .core.__END_PROGRAM
8A5C: ._checkints
8A71: .itbuff
8A72: ._checkints__leave
8A73: ._PalUpload
8A88: .loadpal
8A8F: .palloop
8AA7: ._PalUpload__leave
8AB2: ._WaitRetrace2
8AD3: ._WaitRetrace2__leave
8AD4: ._ClearTilemap
8AE1: ._ClearTilemap__leave
8AE2: ._CopyToBanks
8AF1: .copybankloop
8B01: .copysize
8B18: ._CopyToBanks__leave
8B19: ._GetKeyScanCode
8B2C: ._GetKeyScanCode__leave
8B2D: ._sety
8B30: ._sety__leave
8B31: ._Show_Row
8B43: .draw_row
8B49: .PatternLoop
8B4B: .RowLoop
8C11: .back
8C16: .getPatternRow
8C1F: .printblank
8C28: .wipeloop
8C3E: .DecodePatternData
8C5B: .printhex2
8C65: .printhex
8C78: .Num1
8C7C: .Num2
8C84: .printhl
8C8D: .print_tilemap
8CB2: .cur_x
8CB3: .cur_y
8CB4: .period_to_string
8CC4: .note_tab
8D58: .inkred
8D59: ._Show_Row__leave
8D63: .core.SCREEN_ADDR
8D65: .core.SCREEN_ATTR_ADDR
8D67: .core.__ERROR
8D6B: .core.__ERROR_CODE
8D6D: .core.__STOP
8D71: .core.__IN_SCREEN
8D7B: .core.__OUT_OF_SCREEN_ERR
8D80: .core.__ATTR_ADDR
8D91: .core.SET_ATTR
8D98: .core.__SET_ATTR
8D98: .core.__SET_ATTR2
8DA5: .core.__LOAD_S_POSN
8DB1: .core.__SAVE_S_POSN
8DBA: .core.__SET_SCR_PTR
8DD7: .core.__zxnbackup_sysvar_bank
8DF5: .core.__zxnbackup_sysvar_bank_restore
8DFA: .core.CLS
8E2E: .core.__EQ16
8E34: .core.INK
8E56: .core.INK_TMP
8E5F: .core.PAPER
8E84: .core.PAPER_TMP