6000: .core.__START_PROGRAM
6012: .core.__CALL_BACK__
6014: .core.ZXBASIC_USER_DATA
6014: .core.ZXBASIC_USER_DATA_END
6014: .core.__MAIN_PROGRAM__
601E: .LABEL._filename
601E: .filename
611E: .endfilename
611E: .nbtempstackstart
6121: .shadowlayerbit
6148: .PatternLoop
614A: .RowLoop
61FE: .DecodePatternData
621B: .printhex2
6225: .printhex
6234: .Num1
6238: .Num2
6240: .printhl
6247: .period_to_string
6259: .note_tab
62ED: .inkred
62F3: .LABEL.__LABEL0
62F6: .pattern0
6AF9: .core.__END_PROGRAM
6B06: ._checkints
6B1B: .itbuff
6B1C: ._checkints__leave
6B1D: .core.SCREEN_ADDR
6B1F: .core.SCREEN_ATTR_ADDR
6B21: .core.__ERROR
6B25: .core.__ERROR_CODE
6B27: .core.__STOP
6B2B: .core.__IN_SCREEN
6B35: .core.__OUT_OF_SCREEN_ERR
6B3A: .core.__ATTR_ADDR
6B4B: .core.SET_ATTR
6B52: .core.__SET_ATTR
6B52: .core.__SET_ATTR2
6B5F: .core.__LOAD_S_POSN
6B6B: .core.__SAVE_S_POSN
6B74: .core.__SET_SCR_PTR
6B91: .core.__zxnbackup_sysvar_bank
6BAF: .core.__zxnbackup_sysvar_bank_restore
6BB4: .core.CLS
6BE8: .core.INK
6C0A: .core.INK_TMP
6C13: .core.PAPER
6C38: .core.PAPER_TMP