8000: .core.__START_PROGRAM
8015: .core.__CALL_BACK__
8017: .core.ZXBASIC_MEM_HEAP
8017: .core.ZXBASIC_USER_DATA
8817: ._row
8818: ._t
8819: ._keydown
881A: ._play
881B: ._slen
881C: ._pattern
881D: ._position
881E: ._k
8820: .core.ZXBASIC_USER_DATA_END
8820: .core.__MAIN_PROGRAM__
882A: .LABEL._filename
882A: .filename
8C2A: .endfilename
8C2A: .nbtempstackstart
8C2D: .shadowlayerbit
8D65: .LABEL.__LABEL1
8D7E: .LABEL.__LABEL25
8DAA: .LABEL.__LABEL3
8DC0: .LABEL.__LABEL26
8DE0: .LABEL.__LABEL5
8DF6: .LABEL.__LABEL27
8E11: .LABEL.__LABEL7
8E27: .LABEL.__LABEL28
8E44: .LABEL.__LABEL9
8E5A: .LABEL.__LABEL29
8E7E: .LABEL.__LABEL11
8E90: .LABEL.__LABEL4
8EA5: .LABEL.__LABEL30
8EC7: .LABEL.__LABEL20
8ED1: .LABEL.__LABEL18
8F62: .LABEL.__LABEL16
8F6E: .LABEL.__LABEL23
8F71: .pattern0
9774: .core.__END_PROGRAM
9782: ._checkints
9797: .itbuff
9798: ._checkints__leave
9799: ._InitSprites2
97CB: ._InitSprites2__leave
97CC: ._UpdateSprite
9800: ._UpdateSprite__leave
9804: .__EXIT_FUNCTION
980E: ._PalUpload
9823: .loadpal
982A: .palloop
9842: ._PalUpload__leave
984D: ._WaitRetrace
9868: ._WaitRetrace__leave
9871: ._WaitRetrace2
9892: ._WaitRetrace2__leave
9893: ._ClearTilemap
98A0: ._ClearTilemap__leave
98A1: ._CopyToBanks
98B0: .copybankloop
98C0: .copysize
98D7: ._CopyToBanks__leave
98D8: ._TextLine
98F2: .TextLine.xpos
9908: .TextLine.lineloop
990B: .TextLine.col
9915: .TextLine.done
9915: ._TextLine__leave
992E: ._GetKeyScanCode
9941: ._GetKeyScanCode__leave
9942: ._colour_pattern
9945: ._colour_pattern__leave
9946: ._get_position
994E: .continuesong
995F: ._get_position__leave
9960: ._Show_Row
9978: .draw_row
998C: .skipand192
9990: .PatternLoop
9992: .RowLoop
9A23: .charsperline_80
9A27: .charperline_skip
9A2F: .back
9A37: .getPatternRow
9A41: .printblank
9A49: .wipeloop
9A55: .DecodePatternData
9A82: .printhex_X
9A8D: .printhex_XX
9A9A: .char2
9AA6: .printnumber
9AB0: .Na1
9AB2: .Na2
9ABE: .skipglyph
9AC7: .printhl
9ACD: .pr_lp
9AD8: .pr_done
9ADA: .cursor_position
9ADC: .cur_x
9ADD: .cur_y
9ADE: .period_to_string
9AF2: .normalcolour
9AF4: .darkcolour
9AF9: .color_pattern_table
9AFE: .colour_start
9B03: .colourloop
9B17: .charsperline_40
9B24: .notmiddle
9B28: .colourtable
9B50: .middle
9B78: .note_tab
9C0C: .inkred
9C0D: ._Show_Row__leave
9C17: .LABEL.__LABEL0
9C1A: .LABEL.__LABEL21
9C27: .LABEL.__LABEL22
9C34: .core.SCREEN_ADDR
9C36: .core.SCREEN_ATTR_ADDR
9C38: .core.CLS
9C67: .core.__EQ16
9C6D: .core.__MEM_INIT
9C73: .core.__MEM_INIT2
9C91: .core.MEM_FREE
9C91: .core.__MEM_FREE
9CE3: .core.INK
9CFE: .core.INK_TMP
9D04: .core.PAPER
9D22: .core.PAPER_TMP
9D28: .core.__ERROR
9D2C: .core.__ERROR_CODE
9D2E: .core.__STOP
9D32: .core.MEM_ALLOC
9D32: .core.__MEM_ALLOC
9D81: .core.__FPSTACK_PUSH2
9D92: .core.__FPSTACK_I16
9D9D: .core.__STR
9D9D: .core.__STR_FAST
9DD6: .core.__STRLEN
9DDE: .core.__ADDSTR
9DDE: .core.__STRCAT2
9E07: .core.__STR_CONT1
9E10: .core.__STRCAT
9E33: .core.__ABS32
9E36: .core.__NEG32
9E48: .core.__I8TOFREG
9E4E: .core.__I32TOFREG
9E5C: .core.__U8TOFREG
9E61: .core.__U32TOFREG
9E75: .core.__U32TOFREG_LOOP