8000: .core.__START_PROGRAM
8012: .core.__CALL_BACK__
8014: ._row
8014: .core.ZXBASIC_USER_DATA
8015: ._trow
8016: ._keydown
8017: ._k
8019: .core.ZXBASIC_USER_DATA_END
8019: .core.__MAIN_PROGRAM__
8023: .LABEL._filename
8023: .filename
8123: .endfilename
8123: .nbtempstackstart
8126: .shadowlayerbit
81B1: .LABEL.__LABEL0
81CA: .LABEL.__LABEL10
81F9: .LABEL.__LABEL2
820F: .LABEL.__LABEL11
8236: .LABEL.__LABEL4
8241: .LABEL.__LABEL3
8249: .LABEL.__LABEL8
824C: .pattern0
8A4F: .core.__END_PROGRAM
8A5C: ._checkints
8A71: .itbuff
8A72: ._checkints__leave
8A73: ._PalUpload
8A88: .loadpal
8A8F: .palloop
8AA7: ._PalUpload__leave
8AB2: ._WaitRetrace2
8AD3: ._WaitRetrace2__leave
8AD4: ._ClearTilemap
8AE1: ._ClearTilemap__leave
8AE2: ._CopyToBanks
8AF1: .copybankloop
8B01: .copysize
8B18: ._CopyToBanks__leave
8B19: ._GetKeyScanCode
8B2C: ._GetKeyScanCode__leave
8B2D: ._sety
8B30: ._sety__leave
8B31: ._Show_Row
8B43: .draw_row
8B49: .PatternLoop
8B4B: .RowLoop
8BED: .back
8BF2: .getPatternRow
8BFB: .printblank
8C04: .wipeloop
8C1A: .DecodePatternData
8C37: .printhex2
8C41: .printhex
8C54: .Num1
8C58: .Num2
8C60: .printhl
8C69: .print_tilemap
8C8E: .cur_x
8C8F: .cur_y
8C90: .period_to_string
8CA0: .note_tab
8D34: .inkred
8D35: ._Show_Row__leave
8D3F: .core.SCREEN_ADDR
8D41: .core.SCREEN_ATTR_ADDR
8D43: .core.__ERROR
8D47: .core.__ERROR_CODE
8D49: .core.__STOP
8D4D: .core.__IN_SCREEN
8D57: .core.__OUT_OF_SCREEN_ERR
8D5C: .core.__ATTR_ADDR
8D6D: .core.SET_ATTR
8D74: .core.__SET_ATTR
8D74: .core.__SET_ATTR2
8D81: .core.__LOAD_S_POSN
8D8D: .core.__SAVE_S_POSN
8D96: .core.__SET_SCR_PTR
8DB3: .core.__zxnbackup_sysvar_bank
8DD1: .core.__zxnbackup_sysvar_bank_restore
8DD6: .core.CLS
8E0A: .core.__EQ16
8E10: .core.INK
8E32: .core.INK_TMP
8E3B: .core.PAPER
8E60: .core.PAPER_TMP