8000: .core.__START_PROGRAM
8018: .core.__CALL_BACK__
801A: .core.ZXBASIC_MEM_HEAP
801A: .core.ZXBASIC_USER_DATA
881A: ._ArrayStr
881C: ._x
881D: ._tr
881F: .core.ZXBASIC_USER_DATA_END
881F: .core.__MAIN_PROGRAM__
8829: .LABEL._filename
8829: .filename
8C29: .endfilename
8C29: .nbtempstackstart
8C2C: .shadowlayerbit
8C48: .LABEL.__LABEL4
8C6D: .LABEL.__LABEL1
8C7D: .LABEL.__LABEL10
8C90: .LABEL.__LABEL7
8CA0: .LABEL.__LABEL15
8CCA: .LABEL.__LABEL12
8CD3: .LABEL.__LABEL18
8D1C: .LABEL.__LABEL22
8D29: .LABEL.__LABEL23
8D2F: .LABEL._Array1
8D2F: .asm_array
8D35: .core.__END_PROGRAM
8D43: ._checkints
8D58: .itbuff
8D59: ._checkints__leave
8D5A: ._WaitKey
8D96: .exit_wait_key
8D97: ._WaitKey__leave
8D98: ._GetElement
8DD4: .garray_not_null
8DD7: .gempty_array_position
8DE8: .garry_empty_arraystr
8DEB: .garray_str_position
8DED: .garray_str_pointer
8DEF: ._GetElement__leave
8DF9: ._PutElement
8E16: ._put_array
8E58: .array_str_length
8E5A: .array_str_last_position
8E5C: .array_str_position
8E5E: .arra_str_size
8E60: .array_str_pointer
8E62: ._PutElement__leave
8E7A: ._DeleteElement
8EAF: ._DeleteElement__leave
8EB9: ._ClearArray
8EBC: .clear_arry_loop
8EE0: ._ClearArray__leave
8EE1: .LABEL.__LABEL0
8EE8: .LABEL.__LABEL6
8F3B: .LABEL.__LABEL17
8F46: .LABEL.__LABEL20
8F58: .LABEL.__LABEL21
8F5A: .LABEL.__LABEL24
8F64: .core.__BAND16
8F6B: .core.SCREEN_ADDR
8F6D: .core.SCREEN_ATTR_ADDR
8F6F: .core.__ERROR
8F73: .core.__ERROR_CODE
8F75: .core.__STOP
8F79: .core.__IN_SCREEN
8F83: .core.__OUT_OF_SCREEN_ERR
8F88: .core.__ATTR_ADDR
8F99: .core.SET_ATTR
8FA0: .core.__SET_ATTR
8FA0: .core.__SET_ATTR2
8FAD: .core.__LOAD_S_POSN
8FB9: .core.__SAVE_S_POSN
8FC2: .core.__SET_SCR_PTR
8FDF: .core.JUMP_HL_PLUS_2A
8FE0: .core.JUMP_HL_PLUS_A
8FE3: .core.JUMP_HL_PLUS_DE
8FE8: .core.CALL_HL
8FE9: .core.INK
9004: .core.INK_TMP
900A: .core.PAPER
9028: .core.PAPER_TMP
902E: .core.FLASH
9031: .core.__SET_FLASH
9048: .core.FLASH_TMP
904D: .core.BRIGHT
9050: .core.__SET_BRIGHT
9067: .core.BRIGHT_TMP
906C: .core.OVER
9082: .core.OVER_TMP
909A: .core.INVERSE
90A7: .core.INVERSE_TMP
90B5: .core.BOLD
90C2: .core.BOLD_TMP
90CE: .core.ITALIC
90DB: .core.ITALIC_TMP
90E9: .core.__PRINT_INIT
9108: .core.__PRINTCHAR
910C: .core.__PRINT_CHR
9149: .core.__PRGRAPH0
9166: .core.PRINT_MODE
9167: .core.INVERSE_MODE
917F: .core.__PRINT_SPECIAL
9186: .core.__PRINT_0Dh
9197: .core.__PRINT_EOL_END
91C8: .core.__PRINT_AT
91CD: .core.__PRINT_NOP
91CD: .core.__PRINT_RESTART
91ED: .core.__PRINT_DEL
9208: .core.__PRINT_INK2
9212: .core.__PRINT_PAP2
9217: .core.__PRINT_FLA
921C: .core.__PRINT_FLA2
9221: .core.__PRINT_BRI
9226: .core.__PRINT_BRI2
922B: .core.__PRINT_INV
9230: .core.__PRINT_INV2
9235: .core.__PRINT_OVR
923A: .core.__PRINT_OVR2
9290: .core.PRINT_COMMA
9298: .core.PRINT_TAB
92A8: .core.PRINT_AT
92E3: .core.COPY_ATTR
9321: .core.__MEM_INIT
9327: .core.__MEM_INIT2
9345: .core.MEM_FREE
9345: .core.__MEM_FREE
9397: .core.PRINT_STR
9397: .core.__PRINTSTR
93B4: .core.__PRINT_STR
93B9: .core.__PRINTU_START
93CC: .core.__PRINT_MINUS
93D1: .core.__ABS16
93D4: .core.__NEGHL
93DC: .core.__DIVU16
93DC: .core.__DIVU16_FAST
93E3: .core.__DIV16LOOP
93EE: .core.__DIV16NOADD
93F4: .core.__MODU16
93F9: .core.__DIVI16
93F9: .core.__DIVI16_FAST
9407: .core.__DIVI16A
940C: .core.__DIVI16B
9415: .core.__MODI16
941A: .core.__PRINTI16
943C: .core.MEM_ALLOC
943C: .core.__MEM_ALLOC
948B: .core.__REALLOC
94BF: .core.__STRASSIGN
94F3: .core.__STRCPY
9508: .core.__PISTORE_STR
950C: .core.__ISTORE_STR
9510: .core.__STORE_STR
9520: .core.__FPSTACK_PUSH2
9531: .core.__FPSTACK_I16
953C: .core.__STR
953C: .core.__STR_FAST
9575: .core.__STRLEN
957D: .core.__ADDSTR
957D: .core.__STRCAT2
95A6: .core.__STR_CONT1
95AF: .core.__STRCAT
95D2: .core.__STR_ISNULL
95D8: .core.__STRCMP
961A: .core.__STREQ
9627: .core.__STRNE
9631: .core.__STRLT
963F: .core.__STRLE
964A: .core.__STRGT
9658: .core.__STRGE
9660: .core.__FREE_STR
9676: .core.__ABS32
9679: .core.__NEG32
968B: .core.__I8TOFREG
9691: .core.__I32TOFREG
969F: .core.__U8TOFREG
96A4: .core.__U32TOFREG
96B8: .core.__U32TOFREG_LOOP