8000: .core.__START_PROGRAM
8018: .core.__CALL_BACK__
801A: .core.ZXBASIC_MEM_HEAP
801A: .core.ZXBASIC_USER_DATA
881A: ._ArrayStr
881C: ._x
881E: ._tr
8820: .core.ZXBASIC_USER_DATA_END
8820: .core.__MAIN_PROGRAM__
882A: .LABEL._filename
882A: .filename
892A: .endfilename
892A: .nbtempstackstart
892D: .shadowlayerbit
894B: .LABEL.__LABEL4
8976: .LABEL.__LABEL1
8983: .LABEL.__LABEL7
89CE: .LABEL._Array1
89CE: .asm_array
89D4: .core.__END_PROGRAM
89E1: ._checkints
89F6: .itbuff
89F7: ._checkints__leave
89F8: ._GetArray
8A11: .find_array_element
8A33: .gempty_array_position
8A3D: .garray_str_position
8A3F: .garray_str_pointer
8A41: ._GetArray__leave
8A4B: ._PutArray
8A70: .find_array_next_free_element
8A86: .array_patch_bank
8A94: .skip_remapping
8A96: .empty_array_position
8AA9: .max_position_reached
8AB4: .array_str_length
8AB6: .array_str_last_position
8AB8: .array_str_position
8ABA: .arra_str_size
8ABC: .array_str_pointer
8ABE: ._PutArray__leave
8AD6: ._ClearArray
8AF3: ._ClearArray__leave
8AF4: .LABEL.__LABEL0
8AF6: .LABEL.__LABEL6
8B12: .LABEL.__LABEL9
8B24: .core.__MEM_INIT
8B2A: .core.__MEM_INIT2
8B48: .core.MEM_FREE
8B48: .core.__MEM_FREE
8B9A: .core.__ABS32
8B9D: .core.__NEG32
8BAF: .core.__FTOU32REG
8BCC: .core.__FTOU32REG_LOOP
8BE0: .core.__FTOU32REG_END
8BF8: .core.__FTOU8
8BFD: .core.__FPSTACK_PUSH2
8C0E: .core.__FPSTACK_I16
8C19: .core.__MULF
8C22: .core.SCREEN_ADDR
8C24: .core.SCREEN_ATTR_ADDR
8C26: .core.__ERROR
8C2A: .core.__ERROR_CODE
8C2C: .core.__STOP
8C30: .core.__IN_SCREEN
8C3A: .core.__OUT_OF_SCREEN_ERR
8C3F: .core.__ATTR_ADDR
8C50: .core.SET_ATTR
8C57: .core.__SET_ATTR
8C57: .core.__SET_ATTR2
8C64: .core.__LOAD_S_POSN
8C70: .core.__SAVE_S_POSN
8C79: .core.__SET_SCR_PTR
8C96: .core.JUMP_HL_PLUS_2A
8C97: .core.JUMP_HL_PLUS_A
8C9A: .core.JUMP_HL_PLUS_DE
8C9F: .core.CALL_HL
8CA0: .core.__zxnbackup_sysvar_bank
8CB6: .core.__zxnbackup_sysvar_bank_restore
8CBB: .core.INK
8CDD: .core.INK_TMP
8CE6: .core.PAPER
8D0B: .core.PAPER_TMP
8D14: .core.FLASH
8D17: .core.__SET_FLASH
8D2E: .core.FLASH_TMP
8D33: .core.BRIGHT
8D36: .core.__SET_BRIGHT
8D4D: .core.BRIGHT_TMP
8D52: .core.COPY_ATTR
8D67: .core.__SET_ATTR_MODE
8D96: .core.OVER
8DAC: .core.OVER_TMP
8DC4: .core.INVERSE
8DD1: .core.INVERSE_TMP
8DDF: .core.BOLD
8DEC: .core.BOLD_TMP
8DF8: .core.ITALIC
8E05: .core.ITALIC_TMP
8E13: .core.__PRINT_INIT
8E38: .core.__PRINTCHAR
8E3C: .core.__PRINT_CHR
8E79: .core.__PRGRAPH0
8EB0: .core.__PRINT_SPECIAL
8EB7: .core.__PRINT_0Dh
8EC8: .core.__PRINT_EOL_END
8EF9: .core.__PRINT_AT
8EFE: .core.__PRINT_NOP
8EFE: .core.__PRINT_RESTART
8F23: .core.__PRINT_DEL
8F3E: .core.__PRINT_INK2
8F48: .core.__PRINT_PAP2
8F4D: .core.__PRINT_FLA
8F52: .core.__PRINT_FLA2
8F57: .core.__PRINT_BRI
8F5C: .core.__PRINT_BRI2
8F61: .core.__PRINT_INV
8F66: .core.__PRINT_INV2
8F6B: .core.__PRINT_OVR
8F70: .core.__PRINT_OVR2
8FC6: .core.PRINT_COMMA
8FCE: .core.PRINT_TAB
8FE2: .core.PRINT_AT
901D: .core.PRINT_EOL_ATTR
9023: .core.PRINT_STR
9023: .core.__PRINTSTR
9048: .core.__PRINT_STR
9050: .core.__PRINTU_START
9063: .core.__PRINT_MINUS
9068: .core.__ABS16
906B: .core.__NEGHL
9073: .core.__DIVU16
9073: .core.__DIVU16_FAST
907A: .core.__DIV16LOOP
9085: .core.__DIV16NOADD
908B: .core.__MODU16
9090: .core.__DIVI16
9090: .core.__DIVI16_FAST
909E: .core.__DIVI16A
90A3: .core.__DIVI16B
90AC: .core.__MODI16
90B1: .core.__PRINTI16
90D3: .core.RANDOMIZE
90EE: .core.RAND
9117: .core.RND
913A: .core.MEM_ALLOC
913A: .core.__MEM_ALLOC
9189: .core.__REALLOC
91BD: .core.__STRASSIGN
91F1: .core.__STRCPY
9206: .core.__PISTORE_STR
920A: .core.__ISTORE_STR
920E: .core.__STORE_STR
921E: .core.__STR
921E: .core.__STR_FAST
9259: .core.__STR_BANKS
925C: .core.__STRLEN
9264: .core.__ADDSTR
9264: .core.__STRCAT2
928D: .core.__STR_CONT1
9296: .core.__STRCAT
92B9: .core.__I8TOFREG
92BF: .core.__I32TOFREG
92CD: .core.__U8TOFREG
92D2: .core.__U32TOFREG
92E6: .core.__U32TOFREG_LOOP