6000: .core.__START_PROGRAM
6018: .core.__CALL_BACK__
601A: .core.ZXBASIC_MEM_HEAP
601A: .core.ZXBASIC_USER_DATA
681A: ._common
681C: ._m
681D: ._test
681F: .core.ZXBASIC_USER_DATA_END
681F: .core.__MAIN_PROGRAM__
6829: .LABEL._filename
6829: .filename
6969: .endfilename
6969: .nbtempstackstart
696C: .shadowlayerbit
696D: .nextbuild_file_end
69E3: .LABEL.__LABEL2
69E6: .core.__END_PROGRAM
69F4: ._NStr
6A1B: .CharToAsc
6A40: ._NStr__leave
6A56: ._checkints
6A6B: .itbuff
6A6C: ._checkints__leave
6A6D: ._TextLine
6A8D: .TextLine.xpos
6AA3: .TextLine.lineloop
6AA6: .TextLine.col
6AB0: .TextLine.done
6AB0: ._TextLine__leave
6AC9: .LABEL.__LABEL0
6AD1: .LABEL.__LABEL1
6AD4: .core.SCREEN_ADDR
6AD6: .core.SCREEN_ATTR_ADDR
6AD8: .core.__ERROR
6ADC: .core.__ERROR_CODE
6ADE: .core.__STOP
6AE2: .core.__IN_SCREEN
6AEC: .core.__OUT_OF_SCREEN_ERR
6AF1: .core.__ATTR_ADDR
6B02: .core.SET_ATTR
6B09: .core.__SET_ATTR
6B09: .core.__SET_ATTR2
6B16: .core.__LOAD_S_POSN
6B22: .core.__SAVE_S_POSN
6B2B: .core.__SET_SCR_PTR
6B48: .core.JUMP_HL_PLUS_2A
6B49: .core.JUMP_HL_PLUS_A
6B4C: .core.JUMP_HL_PLUS_DE
6B51: .core.CALL_HL
6B52: .core.INK
6B6D: .core.INK_TMP
6B73: .core.PAPER
6B91: .core.PAPER_TMP
6B97: .core.FLASH
6B9A: .core.__SET_FLASH
6BB1: .core.FLASH_TMP
6BB6: .core.BRIGHT
6BB9: .core.__SET_BRIGHT
6BD0: .core.BRIGHT_TMP
6BD5: .core.OVER
6BEB: .core.OVER_TMP
6C03: .core.INVERSE
6C10: .core.INVERSE_TMP
6C1E: .core.BOLD
6C2B: .core.BOLD_TMP
6C37: .core.ITALIC
6C44: .core.ITALIC_TMP
6C52: .core.__PRINT_INIT
6C71: .core.__PRINTCHAR
6C75: .core.__PRINT_CHR
6CB2: .core.__PRGRAPH0
6CCF: .core.PRINT_MODE
6CD0: .core.INVERSE_MODE
6CE8: .core.__PRINT_SPECIAL
6CEF: .core.__PRINT_0Dh
6D00: .core.__PRINT_EOL_END
6D31: .core.__PRINT_AT
6D36: .core.__PRINT_NOP
6D36: .core.__PRINT_RESTART
6D56: .core.__PRINT_DEL
6D71: .core.__PRINT_INK2
6D7B: .core.__PRINT_PAP2
6D80: .core.__PRINT_FLA
6D85: .core.__PRINT_FLA2
6D8A: .core.__PRINT_BRI
6D8F: .core.__PRINT_BRI2
6D94: .core.__PRINT_INV
6D99: .core.__PRINT_INV2
6D9E: .core.__PRINT_OVR
6DA3: .core.__PRINT_OVR2
6DF9: .core.PRINT_COMMA
6E01: .core.PRINT_TAB
6E11: .core.PRINT_AT
6E4C: .core.COPY_ATTR
6E8A: .core.__MEM_INIT
6E90: .core.__MEM_INIT2
6EAE: .core.MEM_FREE
6EAE: .core.__MEM_FREE
6F00: .core.MEM_ALLOC
6F00: .core.__MEM_ALLOC
6F4F: .core.__ILOADSTR
6F56: .core.__LOADSTR
6F6F: .core.PRINT_STR
6F6F: .core.__PRINTSTR
6F8C: .core.__PRINT_STR
6F91: .core.__REALLOC
6FC5: .core.__STRASSIGN
6FF9: .core.__STRCPY
700E: .core.__PISTORE_STR
7012: .core.__ISTORE_STR
7016: .core.__STORE_STR
7026: .core.__PISTORE_STR2
702A: .core.__ISTORE_STR2
702E: .core.__STORE_STR2
703E: .core.__STRLEN
7046: .core.__ADDSTR
7046: .core.__STRCAT2
706F: .core.__STR_CONT1
7078: .core.__STRCAT