6000: .core.__START_PROGRAM
6015: .core.__CALL_BACK__
6017: .core.ZXBASIC_MEM_HEAP
6017: .core.ZXBASIC_USER_DATA
6817: ._test
6819: .core.ZXBASIC_USER_DATA_END
6819: .core.__MAIN_PROGRAM__
6823: .LABEL._filename
6823: .filename
6C23: .endfilename
6C23: .nbtempstackstart
6C26: .shadowlayerbit
6C40: .LABEL.__LABEL1
6C5F: .LABEL.__LABEL5
6C62: .core.__END_PROGRAM
6C70: ._checkints
6C85: .itbuff
6C86: ._checkints__leave
6C87: ._right
6CAE: ._right__leave
6CC5: .LABEL.__LABEL0
6CCB: .LABEL.__LABEL3
6CCE: .core.__MEM_INIT
6CD4: .core.__MEM_INIT2
6CF2: .core.MEM_FREE
6CF2: .core.__MEM_FREE
6D44: .core.__ERROR
6D48: .core.__ERROR_CODE
6D4A: .core.__STOP
6D4E: .core.MEM_ALLOC
6D4E: .core.__MEM_ALLOC
6D9D: .core.__ILOADSTR
6DA4: .core.__LOADSTR
6DBD: .core.__REALLOC
6DF1: .core.__STRASSIGN
6E25: .core.__STRCPY
6E3A: .core.__PISTORE_STR
6E3E: .core.__ISTORE_STR
6E42: .core.__STORE_STR
6E52: .core.__STR_ISNULL
6E58: .core.__STRCMP
6E9A: .core.__STREQ
6EA7: .core.__STRNE
6EB1: .core.__STRLT
6EBF: .core.__STRLE
6ECA: .core.__STRGT
6ED8: .core.__STRGE
6EE0: .core.__FREE_STR
6EF6: .core.__STRLEN
6EFE: .core.__STRSLICE
6F02: .core.__STRSLICE_FAST