6000: .core.__START_PROGRAM
6015: .core.__CALL_BACK__
6017: .core.ZXBASIC_MEM_HEAP
6017: .core.ZXBASIC_USER_DATA
7017: ._x
7019: ._pat_p
701A: ._count
701B: .core.ZXBASIC_USER_DATA_END
701B: .core.__MAIN_PROGRAM__
7025: .LABEL._filename
7025: .filename
7125: .endfilename
7125: .nbtempstackstart
7128: .shadowlayerbit
718D: .LABEL.__LABEL3
7197: .LABEL.__LABEL0
71B9: .LABEL.__LABEL6
71C6: .B2D8
71C9: .B2D16
71CB: .B2D24
71CD: .B2D32
71D0: .B2D48
71D4: .B2D64
71FD: .B2DSKP0
7204: .B2DFND1
720A: .B2DLUS2
720C: .B2DLUS1
7212: .B2DLUS0
721E: .B2DNXT
7229: .B2DSIZ
7244: .B2DEXP
7246: .B2DEXPH
7248: .B2DEXPL
7252: .B2DINV
725A: .B2DBUF
726E: .B2DEND
726F: .LABEL._pattern_buffer
726F: .pattern_buffer
7A8F: .LABEL._string_temp
7A8F: .string_temp
7ADF: .LABEL._Array1
7ADF: .asm_array
7AE5: .core.__END_PROGRAM
7AF2: ._checkints
7B07: .itbuff
7B08: ._checkints__leave
7B09: ._PalUpload
7B1E: .loadpal
7B25: .palloop
7B3D: ._PalUpload__leave
7B48: ._WaitRetrace
7B63: ._WaitRetrace__leave
7B6C: ._MultiKeys
7B71: ._MultiKeys__leave
7B72: ._Check_Input
7B85: .LABEL.__LABEL23
7B8F: .LABEL.__LABEL8
7BA2: .LABEL.__LABEL24
7BA9: ._Check_Input__leave
7BAA: ._DrawRowUp
7BEC: .LABEL.__LABEL13
7BF9: .LABEL.__LABEL14
7BFF: ._DrawRowUp__leave
7C00: ._DrawRownDown
7C44: .LABEL.__LABEL18
7C50: .LABEL.__LABEL19
7C56: ._DrawRownDown__leave
7C57: ._ScrollPatternUp
7C62: ._ScrollPatternUp__leave
7C63: ._ScrollPatternDown
7C71: ._ScrollPatternDown__leave
7C72: ._AddPatterBuffer
7C7D: ._AddPatterBuffer__leave
7C7E: ._SubPatterBuffer
7C8F: ._SubPatterBuffer__leave
7C90: ._ReSetPatterBuffer
7C97: .pattern_buffer_add
7C99: ._ReSetPatterBuffer__leave
7C9A: ._DrawPattern
7C9D: .upper_pattern
7CA3: .row_loop
7CA7: .chan_loop
7CD1: ._DrawPattern__leave
7CD2: ._ColourRow
7CEB: .rowloop
7CF3: ._ColourRow__leave
7CFC: ._Read_Dir
7D1B: .initdrive
7D32: .dirloop
7D48: .genlenthtloop
7D51: .donelength
7D70: .handle
7D71: .dirbuffer
7E70: .dir
7E73: .print_fname
7E7B: .donedir
7E82: ._Read_Dir__leave
7E83: ._TextLine
7E9D: .TextLine.xpos
7EB3: .TextLine.lineloop
7EB6: .TextLine.col
7EC0: .TextLine.done
7EC0: ._TextLine__leave
7ED9: ._ClearTilemap
7EE6: ._ClearTilemap__leave
7EE7: ._CopyToBanks
7EF6: .copybankloop
7F06: .copysize
7F1D: ._CopyToBanks__leave
7F1E: .LABEL.__LABEL5
7F22: .LABEL.__LABEL12
7F2C: .LABEL.__LABEL17
7F36: .LABEL.__LABEL22
7F46: .core.__MEM_INIT
7F4C: .core.__MEM_INIT2
7F6A: .core.MEM_FREE
7F6A: .core.__MEM_FREE
7FBC: .core.SCREEN_ADDR
7FBE: .core.SCREEN_ATTR_ADDR
7FC0: .core.__zxnbackup_sysvar_bank
7FDE: .core.__zxnbackup_sysvar_bank_restore
7FE3: .core.INK
8005: .core.INK_TMP
800E: .core.__ERROR
8012: .core.__ERROR_CODE
8014: .core.__STOP
8018: .core.MEM_ALLOC
8018: .core.__MEM_ALLOC
8067: .core.__ILOADSTR
806E: .core.__LOADSTR
8087: .core.__FPSTACK_PUSH2
8098: .core.__FPSTACK_I16
80A3: .core.__STR
80A3: .core.__STR_FAST
80DB: .core.__STR_BANKS
80DC: .core.__ABS32
80DF: .core.__NEG32
80F1: .core.__I8TOFREG
80F7: .core.__I32TOFREG
8105: .core.__U8TOFREG
810A: .core.__U32TOFREG
811E: .core.__U32TOFREG_LOOP