6000: .core.__START_PROGRAM
6015: .core.__CALL_BACK__
6017: .core.ZXBASIC_MEM_HEAP
6017: .core.ZXBASIC_USER_DATA
6217: ._c
6218: ._y
6219: ._x
621B: .core.ZXBASIC_USER_DATA_END
621B: .core.__MAIN_PROGRAM__
6225: .LABEL._filename
6225: .filename
6325: .endfilename
6325: .nbtempstackstart
6328: .shadowlayerbit
637F: .LABEL.__LABEL0
6388: .LABEL.__LABEL5
63AC: .LABEL.__LABEL9
63BC: .LABEL.__LABEL6
63C3: .LABEL.__LABEL2
63D3: .LABEL._fontzx7
65B4: .LABEL._palettezx7
6617: .core.__END_PROGRAM
6624: ._checkints
6639: .itbuff
663A: ._checkints__leave
663B: ._zx7Unpack
664F: .dzx7_turbo
6651: .dzx7s_copy_byte_loop
6653: .dzx7s_main_loop
665D: .dzx7s_len_size_loop
6663: .dzx7s_len_value_loop
6678: .dzx7s_rld_next_bit
6682: .dzx7s_offset_end
668B: .dzx7s_exit
668E: .dzx7s_next_bit
6694: ._zx7Unpack__leave
6694: .zx7end
669E: ._PalUpload
66B3: .loadpal
66BA: .palloop
66D2: ._PalUpload__leave
66DD: ._TextBlock
66F7: .textblock.xpos
670D: .textblock.lineloop
6710: .textblock.col
671A: ._TextBlock__leave
671A: .textblock.done
6733: ._ClearTilemap
6740: ._ClearTilemap__leave
6741: .LABEL.__LABEL7
677A: .core.__MEM_INIT
6780: .core.__MEM_INIT2
679E: .core.MEM_FREE
679E: .core.__MEM_FREE
67F0: .core.__ERROR
67F4: .core.__ERROR_CODE
67F6: .core.__STOP
67FA: .core.MEM_ALLOC
67FA: .core.__MEM_ALLOC
6849: .core.__ILOADSTR
6850: .core.__LOADSTR