6200: .core.__START_PROGRAM
6215: .core.__CALL_BACK__
6217: .core.ZXBASIC_MEM_HEAP
6217: .core.ZXBASIC_USER_DATA
6A17: ._ab
6A19: ._b
6A1A: ._c
6A1B: ._dir
6A1C: ._ldir
6A1D: ._px
6A1F: ._py
6A20: ._timer
6A21: ._cframe
6A22: ._jump_mode
6A23: ._jump_pos
6A24: ._k
6A26: ._button
6A27: ._anim
6A28: .core.ZXBASIC_USER_DATA_END
6A28: .core.__MAIN_PROGRAM__
6A32: .LABEL._filename
6A32: .filename
6E32: .endfilename
6E32: .nbtempstackstart
6E35: .shadowlayerbit
6EA7: .LABEL.__LABEL0
6ED6: .LABEL.__LABEL3
6EF5: .LABEL.__LABEL5
6F14: .LABEL.__LABEL53
6F20: .LABEL.__LABEL9
6F25: .LABEL.__LABEL54
6F3B: .LABEL.__LABEL11
6F43: .LABEL.__LABEL6
6F62: .LABEL.__LABEL56
6F6E: .LABEL.__LABEL15
6F73: .LABEL.__LABEL57
6F89: .LABEL.__LABEL17
6F91: .LABEL.__LABEL12
6FB6: .LABEL.__LABEL23
6FB9: .LABEL.__LABEL20
6FC0: .LABEL.__LABEL21
6FE3: .LABEL.__LABEL24
6FF0: .LABEL.__LABEL25
6FF5: .LABEL.__LABEL59
700B: .LABEL.__LABEL7
7035: .LABEL.__LABEL61
703E: .LABEL.__LABEL31
7046: .LABEL.__LABEL62
710C: .LABEL.__LABEL39
7124: .LABEL.__LABEL64
712F: .LABEL.__LABEL38
7141: .LABEL.__LABEL44
715A: .LABEL.__LABEL46
716D: .LABEL.__LABEL65
718A: .LABEL.__LABEL49
718E: .LABEL.__LABEL50
7192: .LABEL.__LABEL48
71AE: .LABEL.__LABEL67
71BF: .LABEL.__LABEL51
71C4: .LABEL.__LABEL69
71D4: .LABEL.__LABEL52
71FD: .LABEL._jump_table
7211: .LABEL._fontzx7
73F2: .LABEL._palettezx7
7455: .core.__END_PROGRAM
7462: ._checkints
7477: .itbuff
7478: ._checkints__leave
7479: ._zx7Unpack
748D: .dzx7_turbo
748F: .dzx7s_copy_byte_loop
7491: .dzx7s_main_loop
749B: .dzx7s_len_size_loop
74A1: .dzx7s_len_value_loop
74B6: .dzx7s_rld_next_bit
74C0: .dzx7s_offset_end
74C9: .dzx7s_exit
74CC: .dzx7s_next_bit
74D2: ._zx7Unpack__leave
74D2: .zx7end
74DC: ._InitSprites2
750E: ._InitSprites2__leave
750F: ._UpdateSprite
7543: ._UpdateSprite__leave
7547: .__EXIT_FUNCTION
7551: ._PalUpload
7566: .loadpal
756D: .palloop
7585: ._PalUpload__leave
7590: ._WaitRetrace2
75B1: ._WaitRetrace2__leave
75B2: ._MultiKeys
75B7: ._MultiKeys__leave
75B8: ._GetKeyScanCode
75CB: ._GetKeyScanCode__leave
75CC: ._domovement
75E1: .norollover
75E5: ._domovement__leave
75E6: ._TextLine
7600: .TextLine.xpos
7616: .TextLine.lineloop
7619: .TextLine.col
7623: .TextLine.done
7623: ._TextLine__leave
763C: ._ClearTilemap
7649: ._ClearTilemap__leave
764A: .LABEL.__LABEL34
764D: .LABEL.__LABEL35
7652: .LABEL.__LABEL36
7655: .core.__EQ16
765B: .core.__MEM_INIT
7661: .core.__MEM_INIT2
767F: .core.MEM_FREE
767F: .core.__MEM_FREE
76D1: .core.__ERROR
76D5: .core.__ERROR_CODE
76D7: .core.__STOP
76DB: .core.MEM_ALLOC
76DB: .core.__MEM_ALLOC
772A: .core.__FPSTACK_PUSH2
773B: .core.__FPSTACK_I16
7746: .core.SCREEN_ADDR
7748: .core.SCREEN_ATTR_ADDR
774A: .core.__zxnbackup_sysvar_bank
7768: .core.__zxnbackup_sysvar_bank_restore
776D: .core.__STR
776D: .core.__STR_FAST
77A5: .core.__STR_BANKS
77A6: .core.__STRLEN
77AE: .core.__ADDSTR
77AE: .core.__STRCAT2
77D7: .core.__STR_CONT1
77E0: .core.__STRCAT
7803: .core.__ABS32
7806: .core.__NEG32
7818: .core.__I8TOFREG
781E: .core.__I32TOFREG
782C: .core.__U8TOFREG
7831: .core.__U32TOFREG
7845: .core.__U32TOFREG_LOOP