6200: .core.__START_PROGRAM
6212: .core.__CALL_BACK__
6214: ._ab
6214: ._al
6214: .core.ZXBASIC_USER_DATA
6216: ._b
6217: ._c
6218: ._dir
6219: ._ldir
621A: ._k
621C: ._px
621E: ._py
621F: ._timer
6220: ._cframe
6221: ._button
6222: ._p_anime
6223: ._jump_mode
6224: ._jump_pos
6225: .core.ZXBASIC_USER_DATA_END
6225: .core.__MAIN_PROGRAM__
622F: .LABEL._filename
622F: .filename
662F: .endfilename
662F: .nbtempstackstart
6632: .shadowlayerbit
66A4: .LABEL.__LABEL0
66D3: .LABEL.__LABEL3
66F2: .LABEL.__LABEL5
6701: .LABEL.__LABEL6
6710: .LABEL.__LABEL8
6735: .LABEL.__LABEL15
6738: .LABEL.__LABEL12
673F: .LABEL.__LABEL13
6762: .LABEL.__LABEL16
676F: .LABEL.__LABEL17
677C: .LABEL.__LABEL7
6797: .LABEL.__LABEL50
67A3: .LABEL.__LABEL25
67AF: .LABEL.__LABEL27
67B4: .LABEL.__LABEL23
67DE: .LABEL.__LABEL51
67EC: .LABEL.__LABEL29
6820: .LABEL.__LABEL34
6836: .LABEL.__LABEL33
6848: .LABEL.__LABEL41
6860: .LABEL.__LABEL43
6883: .LABEL.__LABEL46
6887: .LABEL.__LABEL47
688B: .LABEL.__LABEL45
68B3: .LABEL.__LABEL48
68C3: .LABEL.__LABEL49
68E8: .LABEL._jump_table
68FC: .LABEL._fontzx7
6ADD: .LABEL._palettezx7
6B40: .core.__END_PROGRAM
6B4D: ._checkints
6B62: .itbuff
6B63: ._checkints__leave
6B64: ._zx7Unpack
6B78: .dzx7_turbo
6B7A: .dzx7s_copy_byte_loop
6B7C: .dzx7s_main_loop
6B86: .dzx7s_len_size_loop
6B8C: .dzx7s_len_value_loop
6BA1: .dzx7s_rld_next_bit
6BAB: .dzx7s_offset_end
6BB4: .dzx7s_exit
6BB7: .dzx7s_next_bit
6BBD: ._zx7Unpack__leave
6BBD: .zx7end
6BC7: ._InitSprites2
6BF9: ._InitSprites2__leave
6BFA: ._UpdateSprite
6C2E: ._UpdateSprite__leave
6C32: .__EXIT_FUNCTION
6C3C: ._PalUpload
6C51: .loadpal
6C58: .palloop
6C70: ._PalUpload__leave
6C7B: ._WaitRetrace2
6C9C: ._WaitRetrace2__leave
6C9D: ._MultiKeys
6CA2: ._MultiKeys__leave
6CA3: ._GetKeyScanCode
6CB6: ._GetKeyScanCode__leave
6CB7: ._domovement
6CCC: .norollover
6CD1: ._domovement__leave
6CD2: ._ClearTilemap
6CDF: ._ClearTilemap__leave
6CE0: .core.__EQ16