6200: .core.__START_PROGRAM
6215: .core.__CALL_BACK__
6217: .core.ZXBASIC_MEM_HEAP
6217: .core.ZXBASIC_USER_DATA
6A17: ._x
6A19: ._v
6A1A: ._y
6A1B: .core.ZXBASIC_USER_DATA_END
6A1B: .core.__MAIN_PROGRAM__
6A25: .LABEL._filename
6A25: .filename
6B25: .endfilename
6B25: .nbtempstackstart
6B28: .shadowlayerbit
6B69: .LABEL.__LABEL3
6BA1: .LABEL.__LABEL0
6BC3: .LABEL.__LABEL8
6BDB: .LABEL.__LABEL5
6BE4: .LABEL.__LABEL11
6BED: .LABEL._fontzx7
6DCE: .LABEL._palettezx7
6E31: .core.__END_PROGRAM
6E3E: ._checkints
6E53: .itbuff
6E54: ._checkints__leave
6E55: ._NextRegA
6E5E: ._NextRegA__leave
6E5F: ._zx7Unpack
6E73: .dzx7_turbo
6E75: .dzx7s_copy_byte_loop
6E77: .dzx7s_main_loop
6E81: .dzx7s_len_size_loop
6E87: .dzx7s_len_value_loop
6E9C: .dzx7s_rld_next_bit
6EA6: .dzx7s_offset_end
6EAF: .dzx7s_exit
6EB2: .dzx7s_next_bit
6EB8: ._zx7Unpack__leave
6EB8: .zx7end
6EC2: ._TextBlock
6EF8: .LABEL.__LABEL18
6F34: .LABEL.__LABEL19
6F3B: .LABEL.__LABEL15
6F4F: ._TextBlock__leave
6F68: ._ClearTilemap
6F75: ._ClearTilemap__leave
6F76: ._UpdateMap
6F8E: .outme
6F91: ._UpdateMap__leave
6F92: .LABEL.__LABEL10
6F98: .core.__MEM_INIT
6F9E: .core.__MEM_INIT2
6FBC: .core.MEM_FREE
6FBC: .core.__MEM_FREE
700E: .core.__ASC
7024: .core.__ERROR
7028: .core.__ERROR_CODE
702A: .core.__STOP
702E: .core.MEM_ALLOC
702E: .core.__MEM_ALLOC
707D: .core.__ILOADSTR
7084: .core.__LOADSTR
709D: .core.__zxnbackup_sysvar_bank
70BB: .core.__zxnbackup_sysvar_bank_restore
70C0: .core.__PAUSE
70D2: .core.__STRLEN
70DA: .core.__STRSLICE
70DE: .core.__STRSLICE_FAST