6200: .core.__START_PROGRAM
6215: .core.__CALL_BACK__
6217: .core.ZXBASIC_MEM_HEAP
6217: .core.ZXBASIC_USER_DATA
6A17: ._ab
6A19: ._b
6A1A: ._c
6A1B: ._dir
6A1C: ._px
6A1E: ._py
6A20: .core.ZXBASIC_USER_DATA_END
6A20: .core.__MAIN_PROGRAM__
6A2A: .LABEL._filename
6A2A: .filename
6E2A: .endfilename
6E2A: .nbtempstackstart
6E2D: .shadowlayerbit
6E9E: .LABEL.__LABEL17
6EA4: .LABEL.__LABEL0
6EC8: .LABEL.__LABEL5
6ECB: .LABEL.__LABEL2
6EE9: .LABEL.__LABEL9
6EEC: .LABEL.__LABEL6
6F0A: .LABEL.__LABEL3
6F12: .LABEL.__LABEL19
6F97: .moveright
6F99: .norollover
6FB4: .LABEL._fontzx7
7195: .LABEL._palettezx7
71F8: .core.__END_PROGRAM
7205: ._checkints
721A: .itbuff
721B: ._checkints__leave
721C: ._zx7Unpack
7230: .dzx7_turbo
7232: .dzx7s_copy_byte_loop
7234: .dzx7s_main_loop
723E: .dzx7s_len_size_loop
7244: .dzx7s_len_value_loop
7259: .dzx7s_rld_next_bit
7263: .dzx7s_offset_end
726C: .dzx7s_exit
726F: .dzx7s_next_bit
7275: ._zx7Unpack__leave
7275: .zx7end
727F: ._InitSprites2
72B1: ._InitSprites2__leave
72B2: ._UpdateSprite
72E6: ._UpdateSprite__leave
72EA: .__EXIT_FUNCTION
72F4: ._PalUpload
7309: .loadpal
7310: .palloop
7328: ._PalUpload__leave
7333: ._WaitRetrace2
7354: ._WaitRetrace2__leave
7355: ._GetKeyScanCode
7368: ._GetKeyScanCode__leave
7369: ._TextLine
7383: .TextLine.xpos
7399: .TextLine.lineloop
739C: .TextLine.col
73A6: .TextLine.done
73A6: ._TextLine__leave
73BF: ._ClearTilemap
73CC: ._ClearTilemap__leave
73CD: .LABEL.__LABEL14
73D0: .LABEL.__LABEL15
73D5: .LABEL.__LABEL16
73D8: .core.__EQ16
73DE: .core.__MEM_INIT
73E4: .core.__MEM_INIT2
7402: .core.MEM_FREE
7402: .core.__MEM_FREE
7454: .core.__ERROR
7458: .core.__ERROR_CODE
745A: .core.__STOP
745E: .core.MEM_ALLOC
745E: .core.__MEM_ALLOC
74AD: .core.__FPSTACK_PUSH2
74BE: .core.__FPSTACK_I16
74C9: .core.SCREEN_ADDR
74CB: .core.SCREEN_ATTR_ADDR
74CD: .core.__zxnbackup_sysvar_bank
74EB: .core.__zxnbackup_sysvar_bank_restore
74F0: .core.__STR
74F0: .core.__STR_FAST
7528: .core.__STR_BANKS
7529: .core.__STRLEN
7531: .core.__ADDSTR
7531: .core.__STRCAT2
755A: .core.__STR_CONT1
7563: .core.__STRCAT
7586: .core.__ABS32
7589: .core.__NEG32
759B: .core.__I8TOFREG
75A1: .core.__I32TOFREG
75AF: .core.__U8TOFREG
75B4: .core.__U32TOFREG
75C8: .core.__U32TOFREG_LOOP