A000: .core.__START_PROGRAM
A015: .core.__CALL_BACK__
A017: .core.ZXBASIC_MEM_HEAP
A017: .core.ZXBASIC_USER_DATA
A217: ._x
A219: ._y
A21B: ._x1
A21C: ._y1
A21D: ._x2
A21E: ._y2
A21F: ._time
A221: ._pen_color
A222: ._co
A223: ._xt
A225: ._xu
A227: ._tmp_address
A229: ._last_id
A22A: ._dclick
A22B: ._add
A22D: ._add2
A22F: ._pattern_v
A230: ._click
A231: ._tempstr
A233: .core.ZXBASIC_USER_DATA_END
A233: .core.__MAIN_PROGRAM__
A23D: .LABEL._filename
A23D: .filename
A33D: .endfilename
A33D: .nbtempstackstart
A340: .shadowlayerbit
A341: .LABEL._pattern_buffer
A341: .pattern_buffer
AB41: .pattern_buffer_add
AB43: .LABEL._Mouse
AB43: .Mouse
AC73: .LABEL.__LABEL1
AC7D: .LABEL._panel1
AC83: .LABEL._panel2
ACAC: .LABEL._objectbuffer
AD2C: .LABEL._buttontmp
AD37: .LABEL._buttonOK
AD7F: .LABEL._text_status
ADD1: .LABEL._button2
AE45: .LABEL._button3
AF11: .LABEL._PLOT_COLOUR
AF11: .PLOT_COLOUR
AF12: .LABEL._rand_num1
AF12: .rand_num
AF14: .LABEL._string_temp
AF14: .string_temp
AF69: .core.__END_PROGRAM
AF76: ._checkints
AF8B: .itbuff
AF8C: ._checkints__leave
AF8D: ._InitSprites2
AFBF: ._InitSprites2__leave
AFC0: ._UpdateSprite
AFF4: ._UpdateSprite__leave
AFF8: .__EXIT_FUNCTION
B002: ._FPlotL2
B014: .nobanks6and7
B040: ._FPlotL2__leave
B041: ._FPlotLineV
B086: ._FPlotLineV__leave
B087: ._PalUpload
B09C: .loadpal
B0A3: .palloop
B0BB: ._PalUpload__leave
B0C6: ._ClipLayer2
B0E6: ._ClipLayer2__leave
B0F2: ._WaitRetrace2
B113: ._WaitRetrace2__leave
B114: ._hex
B154: ._hex__leave
B155: ._hex16
B188: ._hex16__leave
B19E: ._ClearTilemap
B1AB: ._ClearTilemap__leave
B1AC: ._CopyToBanks
B1BB: .copybankloop
B1CB: .copysize
B1E2: ._CopyToBanks__leave
B1E3: ._TextLine
B1FD: .TextLine.xpos
B213: .TextLine.lineloop
B216: .TextLine.col
B220: .TextLine.done
B220: ._TextLine__leave
B239: ._ColourRow
B256: .rowloop
B25E: ._ColourRow__leave
B267: ._DrawPattern
B26A: .upper_pattern
B270: .row_loop
B274: .chan_loop
B2A1: ._DrawPattern__leave
B2A2: ._AddPatterBuffer
B2AD: ._AddPatterBuffer__leave
B2AE: ._ReSetPatterBuffer
B2B5: ._ReSetPatterBuffer__leave
B2B6: ._DrawRownDown
B2D0: .LABEL.__LABEL6
B30E: .LABEL.__LABEL3
B31C: ._DrawRownDown__leave
B32E: ._ScrollPatternUp
B339: ._ScrollPatternUp__leave
B33A: ._Process_Mouse
B362: .bl
B386: .bd
B3A2: .getmouse
B3BB: .rangehl
B3C9: .mi
B3CD: .mousex
B3CE: .mousey
B3CF: .omousex
B3D0: .omousey
B3D1: .nmousex
B3D2: .nmousey
B3D3: .mouseb
B3D4: .omouseb
B3D5: .rmousex
B3D7: .rmousey
B3D9: .dmousex
B3DA: .dmousey
B3DB: .mouseend
B3F1: ._Process_Mouse__leave
B3F2: ._Update_Mouse
B446: .LABEL.__LABEL79
B45A: .LABEL.__LABEL81
B4D3: .LABEL.__LABEL83
B557: .LABEL.__LABEL12
B55B: .LABEL.__LABEL13
B561: .LABEL.__LABEL11
B564: .LABEL.__LABEL8
B585: .LABEL.__LABEL84
B5BF: .LABEL.__LABEL14
B5DF: .LABEL.__LABEL85
B629: .LABEL.__LABEL22
B64C: .LABEL.__LABEL21
B651: ._Update_Mouse__leave
B656: ._Process_Button
B673: .LABEL.__LABEL26
B677: .LABEL.__LABEL27
B6A4: .LABEL.__LABEL28
B6D8: .LABEL.__LABEL29
B6F8: ._Process_Button__leave
B701: ._Draw_Box
B71B: .LABEL.__LABEL36
B77F: .LABEL.__LABEL40
B791: .LABEL.__LABEL42
B7A4: .LABEL.__LABEL44
B7B9: .LABEL.__LABEL41
B7E8: .LABEL.__LABEL51
B801: .LABEL.__LABEL48
B821: .LABEL.__LABEL58
B844: .LABEL.__LABEL55
B89D: .LABEL.__LABEL61
B8B0: ._Draw_Box__leave
B8B9: ._Draw_Button
B8DF: .LABEL.__LABEL62
B947: .LABEL.__LABEL64
B953: .LABEL.__LABEL65
B9DB: .LABEL.__LABEL71
BA07: .LABEL.__LABEL68
BA21: .LABEL.__LABEL67
BA4B: ._Draw_Button__leave
BA54: ._Draw_Press
BB04: .LABEL.__LABEL76
BB24: .LABEL.__LABEL77
BB2E: .LABEL.__LABEL78
BB35: ._Draw_Press__leave
BB3F: ._PeekMem
BB3F: .peekmem.main
BB4C: .peekmem.copyloop
BB57: .peekmem.endcopy
BB63: ._PeekMem__leave
BB64: ._SetPlotInk
BB67: ._SetPlotInk__leave
BB68: ._SetRGB
BB70: .Set_Palette_RGB
BB9D: ._SetRGB__leave
BBA9: .LABEL.__LABEL0
BBAB: .LABEL.__LABEL16
BBB0: .LABEL.__LABEL17
BBB9: .LABEL.__LABEL24
BBC2: .LABEL.__LABEL25
BBCC: .core.__ERROR
BBD0: .core.__ERROR_CODE
BBD2: .core.__STOP
BBD6: .core.__MEM_INIT
BBDC: .core.__MEM_INIT2
BBFA: .core.MEM_ALLOC
BBFA: .core.__MEM_ALLOC
BC49: .core.MEM_FREE
BC49: .core.__MEM_FREE
BC9B: .core.__ILOADSTR
BCA2: .core.__LOADSTR
BCBB: .core.__MUL16
BCD2: .core.__PISTORE_STR2
BCD6: .core.__ISTORE_STR2
BCDA: .core.__STORE_STR2
BCEA: .core.__PSTORE_STR2
BCF1: .core.__REALLOC
BD25: .core.__STRASSIGN
BD59: .core.__STRCPY
BD6E: .core.__PISTORE_STR
BD72: .core.__ISTORE_STR
BD76: .core.__STORE_STR
BD86: .core.__FPSTACK_PUSH2
BD97: .core.__FPSTACK_I16
BDA2: .core.SCREEN_ADDR
BDA4: .core.SCREEN_ATTR_ADDR
BDA6: .core.__zxnbackup_sysvar_bank
BDC4: .core.__zxnbackup_sysvar_bank_restore
BDC9: .core.__STR
BDC9: .core.__STR_FAST
BE01: .core.__STR_BANKS
BE02: .core.__STRLEN
BE0A: .core.__ADDSTR
BE0A: .core.__STRCAT2
BE33: .core.__STR_CONT1
BE3C: .core.__STRCAT
BE5F: .core.__STRSLICE
BE63: .core.__STRSLICE_FAST
BEAA: .core.__ABS32
BEAD: .core.__NEG32
BEBF: .core.__I8TOFREG
BEC5: .core.__I32TOFREG
BED3: .core.__U8TOFREG
BED8: .core.__U32TOFREG
BEEC: .core.__U32TOFREG_LOOP