8000: .core.__START_PROGRAM
8015: .core.__CALL_BACK__
8017: .core.ZXBASIC_MEM_HEAP
8017: .core.ZXBASIC_USER_DATA
8217: ._x
8219: ._y
821B: ._x1
821C: ._y1
821D: ._x2
821E: ._y2
821F: ._time
8221: ._pen_color
8222: ._co
8223: ._xt
8225: ._xu
8227: ._tmp_address
8229: ._last_id
822A: ._dclick
822B: ._add
822D: ._add2
822F: ._pattern_v
8230: ._click
8231: ._tempstr
8233: .core.ZXBASIC_USER_DATA_END
8233: .core.__MAIN_PROGRAM__
823D: .LABEL._filename
823D: .filename
863D: .endfilename
863D: .nbtempstackstart
8640: .shadowlayerbit
8641: .LABEL._Mouse
8641: .Mouse
876B: .LABEL.__LABEL1
8775: .LABEL._panel1
877B: .LABEL._panel2
87A4: .LABEL._objectbuffer
8824: .LABEL._buttontmp
882F: .LABEL._buttonOK
8877: .LABEL._text_status
88C9: .LABEL._button2
893D: .LABEL._button3
8A09: .LABEL._PLOT_COLOUR
8A09: .PLOT_COLOUR
8A0A: .LABEL._rand_num1
8A0A: .rand_num
8A0C: .LABEL._string_temp
8A0C: .string_temp
8A5C: .LABEL._pattern_buffer
8A5C: .pattern_buffer
9261: .core.__END_PROGRAM
926F: ._checkints
9284: .itbuff
9285: ._checkints__leave
9286: ._InitSprites2
92B8: ._InitSprites2__leave
92B9: ._UpdateSprite
92ED: ._UpdateSprite__leave
92F1: .__EXIT_FUNCTION
92FB: ._FPlotL2
930D: .nobanks6and7
9339: ._FPlotL2__leave
933A: ._FPlotLineV
937F: ._FPlotLineV__leave
9380: ._PalUpload
9395: .loadpal
939C: .palloop
93B4: ._PalUpload__leave
93BF: ._ClipLayer2
93DF: ._ClipLayer2__leave
93EB: ._WaitRetrace2
940C: ._WaitRetrace2__leave
940D: ._hex
944D: ._hex__leave
944E: ._hex16
9481: ._hex16__leave
9497: ._ClearTilemap
94A4: ._ClearTilemap__leave
94A5: ._CopyToBanks
94B4: .copybankloop
94C4: .copysize
94DB: ._CopyToBanks__leave
94DC: ._TextLine
94F6: .TextLine.xpos
950C: .TextLine.lineloop
950F: .TextLine.col
9519: .TextLine.done
9519: ._TextLine__leave
9532: ._Process_Mouse
955A: .bl
957E: .bd
959A: .getmouse
95B3: .rangehl
95C1: .mi
95C5: .mousex
95C6: .mousey
95C7: .omousex
95C8: .omousey
95C9: .nmousex
95CA: .nmousey
95CB: .mouseb
95CC: .omouseb
95CD: .rmousex
95CF: .rmousey
95D1: .dmousex
95D2: .dmousey
95D3: .mouseend
95E9: ._Process_Mouse__leave
95EA: ._Update_Mouse
9620: .LABEL.__LABEL4
9657: .LABEL.__LABEL76
966B: .LABEL.__LABEL78
96E4: .LABEL.__LABEL80
9768: .LABEL.__LABEL9
976C: .LABEL.__LABEL10
9772: .LABEL.__LABEL8
9775: .LABEL.__LABEL5
9796: .LABEL.__LABEL81
97D0: .LABEL.__LABEL11
97F0: .LABEL.__LABEL82
983A: .LABEL.__LABEL19
984D: .LABEL.__LABEL18
9852: ._Update_Mouse__leave
9857: ._Process_Button
9873: .LABEL.__LABEL23
9877: .LABEL.__LABEL24
98A3: .LABEL.__LABEL25
98D6: ._Process_Button__leave
98DF: ._Draw_Box
98F9: .LABEL.__LABEL31
995D: .LABEL.__LABEL35
996F: .LABEL.__LABEL37
9982: .LABEL.__LABEL39
9997: .LABEL.__LABEL36
99C6: .LABEL.__LABEL46
99DF: .LABEL.__LABEL43
99FF: .LABEL.__LABEL53
9A22: .LABEL.__LABEL50
9A7B: .LABEL.__LABEL56
9A8E: ._Draw_Box__leave
9A97: ._Draw_Button
9ABD: .LABEL.__LABEL57
9B25: .LABEL.__LABEL59
9B31: .LABEL.__LABEL60
9BB9: .LABEL.__LABEL66
9BE5: .LABEL.__LABEL63
9BFF: .LABEL.__LABEL62
9C29: ._Draw_Button__leave
9C32: ._Draw_Press
9CE2: .LABEL.__LABEL71
9D02: .LABEL.__LABEL72
9D0C: .LABEL.__LABEL73
9D13: ._Draw_Press__leave
9D1D: ._PeekMem
9D1D: .peekmem.main
9D2A: .peekmem.copyloop
9D35: .peekmem.endcopy
9D41: ._PeekMem__leave
9D42: ._SetPlotInk
9D45: ._SetPlotInk__leave
9D46: ._SetRGB
9D4E: .Set_Palette_RGB
9D7B: ._SetRGB__leave
9D87: .LABEL.__LABEL0
9D89: .LABEL.__LABEL13
9D8E: .LABEL.__LABEL14
9D97: .LABEL.__LABEL21
9DA0: .LABEL.__LABEL22
9DA9: .core.__ERROR
9DAD: .core.__ERROR_CODE
9DAF: .core.__STOP
9DB3: .core.__MEM_INIT
9DB9: .core.__MEM_INIT2
9DD7: .core.MEM_ALLOC
9DD7: .core.__MEM_ALLOC
9E26: .core.MEM_FREE
9E26: .core.__MEM_FREE
9E78: .core.__ILOADSTR
9E7F: .core.__LOADSTR
9E98: .core.__MUL16
9EAF: .core.__PISTORE_STR2
9EB3: .core.__ISTORE_STR2
9EB7: .core.__STORE_STR2
9EC7: .core.__PSTORE_STR2
9ECE: .core.__REALLOC
9F02: .core.__STRASSIGN
9F36: .core.__STRCPY
9F4B: .core.__PISTORE_STR
9F4F: .core.__ISTORE_STR
9F53: .core.__STORE_STR
9F63: .core.__FPSTACK_PUSH2
9F74: .core.__FPSTACK_I16
9F7F: .core.SCREEN_ADDR
9F81: .core.SCREEN_ATTR_ADDR
9F83: .core.__STR
9F83: .core.__STR_FAST
9FBC: .core.__STRLEN
9FC4: .core.__STRSLICE
9FC8: .core.__STRSLICE_FAST
A00F: .core.__ABS32
A012: .core.__NEG32
A024: .core.__I8TOFREG
A02A: .core.__I32TOFREG
A038: .core.__U8TOFREG
A03D: .core.__U32TOFREG
A051: .core.__U32TOFREG_LOOP