A000: .core.__START_PROGRAM
A015: .core.__CALL_BACK__
A017: .core.ZXBASIC_MEM_HEAP
A017: .core.ZXBASIC_USER_DATA
A817: ._common
A819: ._x
A81B: ._y
A81D: ._x1
A81F: ._y1
A820: ._x2
A821: ._y2
A822: ._time
A824: ._pen_color
A825: ._t
A827: ._co
A828: ._xt
A82A: ._xu
A82C: ._tmp_address
A82E: ._last_id
A82F: ._dclick
A830: ._add
A832: ._add2
A834: ._click
A835: ._tempstr
A837: ._row
A838: ._play
A839: ._keydown
A83A: ._map_value
A83B: ._mx
A83D: ._my
A83F: ._tx
A841: ._ty
A843: ._diskop_on
A844: ._file_position
A845: ._max_positions
A846: ._pattern
A847: ._position
A848: ._k
A849: ._slen
A84A: ._ArrayStr
A84C: .core.ZXBASIC_USER_DATA_END
A84C: .core.__MAIN_PROGRAM__
A856: .LABEL._filename
A856: .filename
A996: .endfilename
A996: .nbtempstackstart
A999: .shadowlayerbit
A99A: .nextbuild_file_end
AAE7: .LABEL.__LABEL1
AB17: .LABEL.__LABEL3
AB26: .LABEL.__LABEL5
AB3F: .LABEL.__LABEL7
AB62: .LABEL.__LABEL9
AB91: .LABEL.__LABEL4
ABA4: .LABEL.__LABEL14
ABA7: .LABEL._panel1
ABAE: .LABEL._trackerwindow
ABE4: .LABEL._middle_panel
ABF0: .LABEL._panelsampler
ABFC: .LABEL._paneldiskopback
AC08: .LABEL._paneldiskop
AC52: .LABEL._Array1
AC52: .asm_array1
AC55: .LABEL._objectbuffer
ACD5: .LABEL._buttontmp
ACE1: .LABEL._buttonOK
AD29: .LABEL._text_status
AD91: .LABEL._button2
AE05: .LABEL._button3
AED1: .LABEL._PLOT_COLOUR
AED1: .PLOT_COLOUR
AEED: .LABEL._rand_num1
AEED: .rand_num
AEEF: .LABEL._string_temp
AEEF: .string_temp
AF3F: .__direcotory_name
AF3F: .pattern_buffer
AF62: .asm
AF62: .mod_name
AF6B: .pattern_buffer_add
AF6D: .LABEL._Mouse
AF6D: .Mouse
AF77: .core.__END_PROGRAM
AF85: ._checkints
AF9A: .itbuff
AF9B: ._checkints__leave
AF9C: ._InitSprites2
AFCA: ._InitSprites2__leave
AFCB: ._UpdateSprite
AFFF: ._UpdateSprite__leave
B003: .__EXIT_FUNCTION
B00D: ._FPlotL2
B01F: .nobanks6and7
B04B: ._FPlotL2__leave
B04C: ._FPlotLineV
B091: ._FPlotLineV__leave
B092: ._PalUpload
B0C7: ._PalUpload__leave
B0D3: ._ClipLayer2
B0F3: ._ClipLayer2__leave
B0FF: ._WaitRetrace2
B120: ._WaitRetrace2__leave
B121: ._GetKeyScanCode
B134: ._GetKeyScanCode__leave
B135: ._hex
B175: ._hex__leave
B176: ._hex16
B1A9: ._hex16__leave
B1BF: ._Show_Row
B1D7: .draw_row
B1EB: .skipand192
B1EF: .PatternLoop
B1F1: .RowLoop
B297: .charsperline_80
B29B: .charperline_skip
B2A3: .back
B2AB: .getPatternRow
B2B5: .printblank
B2BD: .wipeloop
B2C9: .DecodePatternData
B2F6: .printhex_X
B301: .printhex_XX
B30E: .char2
B31A: .printnumber
B324: .Na1
B326: .Na2
B332: .skipglyph
B33B: .printhl
B341: .pr_lp
B34C: .pr_done
B34E: .cursor_position
B350: .cur_x
B351: .cur_y
B352: .period_to_string_my
B366: .normalcolour
B368: .darkcolour
B36D: .color_pattern_table
B372: .colour_start
B377: .colourloop
B387: .charsperline_40
B394: .notmiddle
B398: .colourtable
B3E8: .middle
B438: .note_tab_a
B4CC: .inkred
B4CD: ._Show_Row__leave
B4D7: ._Get_Position
B4DF: .continuesong
B4F0: ._Get_Position__leave
B4F1: ._Clear_Info_Area
B50B: ._Clear_Info_Area__leave
B50C: ._Show_Dir_Entries
B520: .LABEL.__LABEL18
B55C: .LABEL.__LABEL15
B567: ._Show_Dir_Entries__leave
B570: ._PlayMod
B5A9: ._PlayMod__leave
B5AA: ._Read_Dir_Entries
B5C4: ._read_filename_entry
B5D5: ._exit_show_dir
B5DF: ._dir_check_max
B5DF: ._get_full_dir_to_array
B600: ._no_more_entries
B609: ._get_length
B615: ._string_len_end
B61B: .test_count
B61D: ._dir_handle
B61E: ._last_position
B622: .CUR_XY
B626: ._dir_buffer
B726: ._Read_Dir_Entries__leave
B727: ._GetModSongName
B73C: ._GetModSongName__leave
B73D: ._LoadMod
B766: .mod_load_sp
B78F: ._LoadMod__leave
B790: ._DrawSample
B799: .LABEL.__LABEL24
B7B0: .LABEL.__LABEL21
B7BD: ._DrawSample__leave
B7BE: ._PlaySong
B7D7: .LABEL.__LABEL125
B7F9: .LABEL.__LABEL31
B806: .LABEL.__LABEL29
B817: ._PlaySong__leave
B818: ._ReadKeys
B838: .LABEL.__LABEL126
B85E: .LABEL.__LABEL32
B877: .LABEL.__LABEL127
B897: .LABEL.__LABEL34
B8B0: .LABEL.__LABEL128
B8D4: .LABEL.__LABEL36
B8DF: ._ReadKeys__leave
B8E0: ._Update_Mouse
B90D: .LABEL.__LABEL41
B938: .LABEL.__LABEL131
B946: .LABEL.__LABEL133
B9A4: .LABEL.__LABEL135
BA24: .LABEL.__LABEL46
BA28: .LABEL.__LABEL47
BA2E: .LABEL.__LABEL45
BA31: .LABEL.__LABEL42
BA52: .LABEL.__LABEL136
BA8C: .LABEL.__LABEL48
BAAC: .LABEL.__LABEL137
BAF0: .LABEL.__LABEL56
BB03: .LABEL.__LABEL55
BB08: ._Update_Mouse__leave
BB0D: ._Process_Button
BB29: .LABEL.__LABEL60
BB2D: .LABEL.__LABEL61
BB4E: .LABEL.__LABEL65
BB51: .LABEL.__LABEL62
BB70: .LABEL.__LABEL69
BB73: .LABEL.__LABEL66
BB93: .LABEL.__LABEL73
BB96: .LABEL.__LABEL70
BBB1: ._Process_Button__leave
BBBA: ._TextPatternUpdate
BC0E: ._TextPatternUpdate__leave
BC0F: ._Draw_Box
BC29: .LABEL.__LABEL78
BC5B: .LABEL.__LABEL83
BCB8: .LABEL.__LABEL86
BCCA: .LABEL.__LABEL88
BCDD: .LABEL.__LABEL90
BCF5: .LABEL.__LABEL92
BD09: .LABEL.__LABEL87
BD32: .LABEL.__LABEL99
BD4B: .LABEL.__LABEL96
BD68: .LABEL.__LABEL106
BD8B: .LABEL.__LABEL103
BDDE: .LABEL.__LABEL109
BDF1: ._Draw_Box__leave
BDFA: ._Draw_Button
BE20: .LABEL.__LABEL110
BF26: .LABEL.__LABEL117
BF3D: .LABEL.__LABEL114
BF57: .LABEL.__LABEL113
BF81: ._Draw_Button__leave
BF8A: ._Draw_Press
C02F: .LABEL.__LABEL122
C04F: .LABEL.__LABEL123
C059: .LABEL.__LABEL124
C060: ._Draw_Press__leave
C06A: ._GetElement
C082: ._get_element
C0A6: .garray_not_null
C0A9: .gempty_array_position
C0BA: .garry_empty_arraystr
C0BD: .garray_str_position
C0BF: .garray_str_pointer
C0C1: ._GetElement__leave
C0CB: ._PutElement
C0F1: ._put_array
C129: .array_str_length
C12B: .array_str_last_position
C12D: .array_str_position
C12F: .arra_str_size
C131: .array_str_pointer
C133: ._PutElement__leave
C14B: ._PeekMem
C14B: .peekmem.main
C158: .peekmem.copyloop
C163: .peekmem.endcopy
C16F: ._PeekMem__leave
C170: ._SetRGB
C178: .Set_Palette_RGB
C1A5: ._SetRGB__leave
C1B1: ._ClearTilemap
C1BE: ._ClearTilemap__leave
C1BF: ._CopyToBanks
C1CE: .copybankloop
C1DE: .copysize
C1F5: ._CopyToBanks__leave
C1F6: ._TextLine
C210: .TextLine.xpos
C226: .TextLine.lineloop
C229: .TextLine.col
C233: .TextLine.done
C233: ._TextLine__leave
C24C: ._TextNumber
C275: .CharToAsc
C295: ._textnum_end
C299: ._TextNumber__leave
C29A: ._Process_Mouse
C2C2: .bl
C2E6: .bd
C302: .getmouse
C31B: .rangehl
C329: .mi
C32D: .mousex
C32E: .mousey
C32F: .omousex
C330: .omousey
C331: .nmousex
C332: .nmousey
C333: .mouseb
C334: .omouseb
C335: .rmousex
C337: .rmousey
C339: .dmousex
C33A: .dmousey
C33B: .mouseend
C351: ._Process_Mouse__leave
C352: .LABEL.__LABEL0
C354: .LABEL.__LABEL20
C37E: .LABEL.__LABEL50
C383: .LABEL.__LABEL51
C38C: .LABEL.__LABEL58
C395: .LABEL.__LABEL59
C39E: .core.__ERROR
C3A2: .core.__ERROR_CODE
C3A4: .core.__STOP
C3A8: .core.__MEM_INIT
C3AE: .core.__MEM_INIT2
C3CC: .core.MEM_ALLOC
C3CC: .core.__MEM_ALLOC
C41B: .core.__EQ16
C421: .core.MEM_FREE
C421: .core.__MEM_FREE
C473: .core.__ILOADSTR
C47A: .core.__LOADSTR
C493: .core.__MUL16
C4AA: .core.__PISTORE_STR2
C4AE: .core.__ISTORE_STR2
C4B2: .core.__STORE_STR2
C4C2: .core.__PSTORE_STR2
C4C9: .core.__REALLOC
C4FD: .core.__STRASSIGN
C531: .core.__STRCPY
C546: .core.__PISTORE_STR
C54A: .core.__ISTORE_STR
C54E: .core.__STORE_STR
C55E: .core.__FPSTACK_PUSH2
C56F: .core.__FPSTACK_I16
C57A: .core.SCREEN_ADDR
C57C: .core.SCREEN_ATTR_ADDR
C57E: .core.__zxnbackup_sysvar_bank
C594: .core.__zxnbackup_sysvar_bank_restore
C599: .core.__STR
C599: .core.__STR_FAST
C5D4: .core.__STR_BANKS
C5D7: .core.__STRLEN
C5DF: .core.__STRSLICE
C5E3: .core.__STRSLICE_FAST
C62A: .core.__ABS32
C62D: .core.__NEG32
C63F: .core.__I8TOFREG
C645: .core.__I32TOFREG
C653: .core.__U8TOFREG
C658: .core.__U32TOFREG
C66C: .core.__U32TOFREG_LOOP