8000: .core.__START_PROGRAM
8015: .core.__CALL_BACK__
8017: .core.ZXBASIC_MEM_HEAP
8017: .core.ZXBASIC_USER_DATA
8217: ._x
8219: ._y
821B: ._x1
821C: ._y1
821D: ._x2
821E: ._y2
821F: ._time
8221: ._pen_color
8222: ._co
8223: ._xt
8225: ._xu
8227: ._tmp_address
8229: ._last_id
822A: ._dclick
822B: ._add
822D: ._add2
822F: ._pattern_v
8230: ._click
8231: ._tempstr
8233: .core.ZXBASIC_USER_DATA_END
8233: .core.__MAIN_PROGRAM__
823D: .LABEL._filename
823D: .filename
863D: .endfilename
863D: .nbtempstackstart
8640: .shadowlayerbit
8641: .pattern_buffer_add
8643: .LABEL._Mouse
8643: .Mouse
8773: .LABEL.__LABEL1
877D: .LABEL._panel1
8783: .LABEL._panel2
87AC: .LABEL._objectbuffer
882C: .LABEL._buttontmp
8837: .LABEL._buttonOK
887F: .LABEL._text_status
88D1: .LABEL._button2
8945: .LABEL._button3
8A11: .LABEL._PLOT_COLOUR
8A11: .PLOT_COLOUR
8A12: .LABEL._rand_num1
8A12: .rand_num
8A14: .LABEL._string_temp
8A14: .string_temp
8A64: .LABEL._pattern_buffer
8A64: .pattern_buffer
9269: .core.__END_PROGRAM
9277: ._checkints
928C: .itbuff
928D: ._checkints__leave
928E: ._InitSprites2
92C0: ._InitSprites2__leave
92C1: ._UpdateSprite
92F5: ._UpdateSprite__leave
92F9: .__EXIT_FUNCTION
9303: ._FPlotL2
9315: .nobanks6and7
9341: ._FPlotL2__leave
9342: ._FPlotLineV
9387: ._FPlotLineV__leave
9388: ._PalUpload
939D: .loadpal
93A4: .palloop
93BC: ._PalUpload__leave
93C7: ._ClipLayer2
93E7: ._ClipLayer2__leave
93F3: ._WaitRetrace2
9414: ._WaitRetrace2__leave
9415: ._hex
9455: ._hex__leave
9456: ._hex16
9489: ._hex16__leave
949F: ._ClearTilemap
94AC: ._ClearTilemap__leave
94AD: ._CopyToBanks
94BC: .copybankloop
94CC: .copysize
94E3: ._CopyToBanks__leave
94E4: ._TextLine
94FE: .TextLine.xpos
9514: .TextLine.lineloop
9517: .TextLine.col
9521: .TextLine.done
9521: ._TextLine__leave
953A: ._ColourRow
9557: .rowloop
955F: ._ColourRow__leave
9568: ._DrawPattern
956B: .upper_pattern
9571: .row_loop
9575: .chan_loop
95A2: ._DrawPattern__leave
95A3: ._AddPatterBuffer
95AE: ._AddPatterBuffer__leave
95AF: ._ReSetPatterBuffer
95B6: ._ReSetPatterBuffer__leave
95B7: ._DrawRownDown
95D1: .LABEL.__LABEL6
960F: .LABEL.__LABEL3
961D: ._DrawRownDown__leave
962F: ._ScrollPatternUp
963A: ._ScrollPatternUp__leave
963B: ._Process_Mouse
9663: .bl
9687: .bd
96A3: .getmouse
96BC: .rangehl
96CA: .mi
96CE: .mousex
96CF: .mousey
96D0: .omousex
96D1: .omousey
96D2: .nmousex
96D3: .nmousey
96D4: .mouseb
96D5: .omouseb
96D6: .rmousex
96D8: .rmousey
96DA: .dmousex
96DB: .dmousey
96DC: .mouseend
96F2: ._Process_Mouse__leave
96F3: ._Update_Mouse
9729: .LABEL.__LABEL9
9760: .LABEL.__LABEL81
9774: .LABEL.__LABEL83
97ED: .LABEL.__LABEL85
9871: .LABEL.__LABEL14
9875: .LABEL.__LABEL15
987B: .LABEL.__LABEL13
987E: .LABEL.__LABEL10
989F: .LABEL.__LABEL86
98D9: .LABEL.__LABEL16
98F9: .LABEL.__LABEL87
9943: .LABEL.__LABEL24
9956: .LABEL.__LABEL23
995B: ._Update_Mouse__leave
9960: ._Process_Button
997C: .LABEL.__LABEL28
9980: .LABEL.__LABEL29
99AC: .LABEL.__LABEL30
99DF: ._Process_Button__leave
99E8: ._Draw_Box
9A02: .LABEL.__LABEL36
9A66: .LABEL.__LABEL40
9A78: .LABEL.__LABEL42
9A8B: .LABEL.__LABEL44
9AA0: .LABEL.__LABEL41
9ACF: .LABEL.__LABEL51
9AE8: .LABEL.__LABEL48
9B08: .LABEL.__LABEL58
9B2B: .LABEL.__LABEL55
9B84: .LABEL.__LABEL61
9B97: ._Draw_Box__leave
9BA0: ._Draw_Button
9BC6: .LABEL.__LABEL62
9C2E: .LABEL.__LABEL64
9C3A: .LABEL.__LABEL65
9CC2: .LABEL.__LABEL71
9CEE: .LABEL.__LABEL68
9D08: .LABEL.__LABEL67
9D32: ._Draw_Button__leave
9D3B: ._Draw_Press
9DEB: .LABEL.__LABEL76
9E0B: .LABEL.__LABEL77
9E15: .LABEL.__LABEL78
9E1C: ._Draw_Press__leave
9E26: ._PeekMem
9E26: .peekmem.main
9E33: .peekmem.copyloop
9E3E: .peekmem.endcopy
9E4A: ._PeekMem__leave
9E4B: ._SetPlotInk
9E4E: ._SetPlotInk__leave
9E4F: ._SetRGB
9E57: .Set_Palette_RGB
9E84: ._SetRGB__leave
9E90: .LABEL.__LABEL0
9E92: .LABEL.__LABEL18
9E97: .LABEL.__LABEL19
9EA0: .LABEL.__LABEL26
9EA9: .LABEL.__LABEL27
9EB2: .core.__ERROR
9EB6: .core.__ERROR_CODE
9EB8: .core.__STOP
9EBC: .core.__MEM_INIT
9EC2: .core.__MEM_INIT2
9EE0: .core.MEM_ALLOC
9EE0: .core.__MEM_ALLOC
9F2F: .core.MEM_FREE
9F2F: .core.__MEM_FREE
9F81: .core.__ILOADSTR
9F88: .core.__LOADSTR
9FA1: .core.__MUL16
9FB8: .core.__PISTORE_STR2
9FBC: .core.__ISTORE_STR2
9FC0: .core.__STORE_STR2
9FD0: .core.__PSTORE_STR2
9FD7: .core.__REALLOC
A00B: .core.__STRASSIGN
A03F: .core.__STRCPY
A054: .core.__PISTORE_STR
A058: .core.__ISTORE_STR
A05C: .core.__STORE_STR
A06C: .core.__FPSTACK_PUSH2
A07D: .core.__FPSTACK_I16
A088: .core.SCREEN_ADDR
A08A: .core.SCREEN_ATTR_ADDR
A08C: .core.__STR
A08C: .core.__STR_FAST
A0C5: .core.__STRLEN
A0CD: .core.__STRSLICE
A0D1: .core.__STRSLICE_FAST
A118: .core.__ABS32
A11B: .core.__NEG32
A12D: .core.__I8TOFREG
A133: .core.__I32TOFREG
A141: .core.__U8TOFREG
A146: .core.__U32TOFREG
A15A: .core.__U32TOFREG_LOOP