C000: .core.__START_PROGRAM
C015: .core.__CALL_BACK__
C017: .core.ZXBASIC_MEM_HEAP
C017: .core.ZXBASIC_USER_DATA
C217: ._x
C219: ._y
C21B: ._x1
C21C: ._y1
C21D: ._x2
C21E: ._y2
C21F: ._time
C221: ._pen_color
C222: ._co
C223: ._xt
C225: ._xu
C227: ._tmp_address
C229: ._last_id
C22A: ._dclick
C22B: ._add
C22D: ._add2
C22F: ._pattern_v
C230: ._click
C231: ._tempstr
C233: .core.ZXBASIC_USER_DATA_END
C233: .core.__MAIN_PROGRAM__
C23D: .LABEL._filename
C23D: .filename
C33D: .endfilename
C33D: .nbtempstackstart
C340: .shadowlayerbit
C341: .LABEL._pattern_buffer
C341: .pattern_buffer
C561: .pattern_buffer_add
C563: .LABEL._Mouse
C563: .Mouse
C693: .LABEL.__LABEL1
C69D: .LABEL._panel1
C6A3: .LABEL._panel2
C6CC: .LABEL._objectbuffer
C74C: .LABEL._buttontmp
C757: .LABEL._buttonOK
C79F: .LABEL._text_status
C7F1: .LABEL._button2
C865: .LABEL._button3
C931: .LABEL._PLOT_COLOUR
C931: .PLOT_COLOUR
C932: .LABEL._rand_num1
C932: .rand_num
C934: .LABEL._string_temp
C934: .string_temp
C989: .core.__END_PROGRAM
C996: ._checkints
C9AB: .itbuff
C9AC: ._checkints__leave
C9AD: ._InitSprites2
C9DF: ._InitSprites2__leave
C9E0: ._UpdateSprite
CA14: ._UpdateSprite__leave
CA18: .__EXIT_FUNCTION
CA22: ._FPlotL2
CA34: .nobanks6and7
CA60: ._FPlotL2__leave
CA61: ._FPlotLineV
CAA6: ._FPlotLineV__leave
CAA7: ._PalUpload
CABC: .loadpal
CAC3: .palloop
CADB: ._PalUpload__leave
CAE6: ._ClipLayer2
CB06: ._ClipLayer2__leave
CB12: ._WaitRetrace2
CB33: ._WaitRetrace2__leave
CB34: ._hex
CB74: ._hex__leave
CB75: ._hex16
CBA8: ._hex16__leave
CBBE: ._ClearTilemap
CBCB: ._ClearTilemap__leave
CBCC: ._CopyToBanks
CBDB: .copybankloop
CBEB: .copysize
CC02: ._CopyToBanks__leave
CC03: ._TextLine
CC1D: .TextLine.xpos
CC33: .TextLine.lineloop
CC36: .TextLine.col
CC40: .TextLine.done
CC40: ._TextLine__leave
CC59: ._ColourRow
CC76: .rowloop
CC7E: ._ColourRow__leave
CC87: ._DrawPattern
CC8A: .upper_pattern
CC90: .row_loop
CC94: .chan_loop
CCC1: ._DrawPattern__leave
CCC2: ._AddPatterBuffer
CCCD: ._AddPatterBuffer__leave
CCCE: ._ReSetPatterBuffer
CCD5: ._ReSetPatterBuffer__leave
CCD6: ._DrawRownDown
CCF0: .LABEL.__LABEL6
CD2E: .LABEL.__LABEL3
CD3C: ._DrawRownDown__leave
CD4E: ._ScrollPatternUp
CD59: ._ScrollPatternUp__leave
CD5A: ._Process_Mouse
CD82: .bl
CDA6: .bd
CDC2: .getmouse
CDDB: .rangehl
CDE9: .mi
CDED: .mousex
CDEE: .mousey
CDEF: .omousex
CDF0: .omousey
CDF1: .nmousex
CDF2: .nmousey
CDF3: .mouseb
CDF4: .omouseb
CDF5: .rmousex
CDF7: .rmousey
CDF9: .dmousex
CDFA: .dmousey
CDFB: .mouseend
CE11: ._Process_Mouse__leave
CE12: ._Update_Mouse
CE48: .LABEL.__LABEL9
CE7F: .LABEL.__LABEL81
CE93: .LABEL.__LABEL83
CF0C: .LABEL.__LABEL85
CF90: .LABEL.__LABEL14
CF94: .LABEL.__LABEL15
CF9A: .LABEL.__LABEL13
CF9D: .LABEL.__LABEL10
CFBE: .LABEL.__LABEL86
CFF8: .LABEL.__LABEL16
D018: .LABEL.__LABEL87
D062: .LABEL.__LABEL24
D075: .LABEL.__LABEL23
D07A: ._Update_Mouse__leave
D07F: ._Process_Button
D09B: .LABEL.__LABEL28
D09F: .LABEL.__LABEL29
D0CB: .LABEL.__LABEL30
D0FE: ._Process_Button__leave
D107: ._Draw_Box
D121: .LABEL.__LABEL36
D185: .LABEL.__LABEL40
D197: .LABEL.__LABEL42
D1AA: .LABEL.__LABEL44
D1BF: .LABEL.__LABEL41
D1EE: .LABEL.__LABEL51
D207: .LABEL.__LABEL48
D227: .LABEL.__LABEL58
D24A: .LABEL.__LABEL55
D2A3: .LABEL.__LABEL61
D2B6: ._Draw_Box__leave
D2BF: ._Draw_Button
D2E5: .LABEL.__LABEL62
D34D: .LABEL.__LABEL64
D359: .LABEL.__LABEL65
D3E1: .LABEL.__LABEL71
D40D: .LABEL.__LABEL68
D427: .LABEL.__LABEL67
D451: ._Draw_Button__leave
D45A: ._Draw_Press
D50A: .LABEL.__LABEL76
D52A: .LABEL.__LABEL77
D534: .LABEL.__LABEL78
D53B: ._Draw_Press__leave
D545: ._PeekMem
D545: .peekmem.main
D552: .peekmem.copyloop
D55D: .peekmem.endcopy
D569: ._PeekMem__leave
D56A: ._SetPlotInk
D56D: ._SetPlotInk__leave
D56E: ._SetRGB
D576: .Set_Palette_RGB
D5A3: ._SetRGB__leave
D5AF: .LABEL.__LABEL0
D5B1: .LABEL.__LABEL18
D5B6: .LABEL.__LABEL19
D5BF: .LABEL.__LABEL26
D5C8: .LABEL.__LABEL27
D5D1: .core.__ERROR
D5D5: .core.__ERROR_CODE
D5D7: .core.__STOP
D5DB: .core.__MEM_INIT
D5E1: .core.__MEM_INIT2
D5FF: .core.MEM_ALLOC
D5FF: .core.__MEM_ALLOC
D64E: .core.MEM_FREE
D64E: .core.__MEM_FREE
D6A0: .core.__ILOADSTR
D6A7: .core.__LOADSTR
D6C0: .core.__MUL16
D6D7: .core.__PISTORE_STR2
D6DB: .core.__ISTORE_STR2
D6DF: .core.__STORE_STR2
D6EF: .core.__PSTORE_STR2
D6F6: .core.__REALLOC
D72A: .core.__STRASSIGN
D75E: .core.__STRCPY
D773: .core.__PISTORE_STR
D777: .core.__ISTORE_STR
D77B: .core.__STORE_STR
D78B: .core.__FPSTACK_PUSH2
D79C: .core.__FPSTACK_I16
D7A7: .core.SCREEN_ADDR
D7A9: .core.SCREEN_ATTR_ADDR
D7AB: .core.__zxnbackup_sysvar_bank
D7C9: .core.__zxnbackup_sysvar_bank_restore
D7CE: .core.__STR
D7CE: .core.__STR_FAST
D806: .core.__STR_BANKS
D807: .core.__STRLEN
D80F: .core.__STRSLICE
D813: .core.__STRSLICE_FAST
D85A: .core.__ABS32
D85D: .core.__NEG32
D86F: .core.__I8TOFREG
D875: .core.__I32TOFREG
D883: .core.__U8TOFREG
D888: .core.__U32TOFREG
D89C: .core.__U32TOFREG_LOOP