A000: .core.__START_PROGRAM
A015: .core.__CALL_BACK__
A017: .core.ZXBASIC_MEM_HEAP
A017: .core.ZXBASIC_USER_DATA
A817: ._common
A819: ._x
A81B: ._y
A81D: ._x1
A81F: ._y1
A820: ._x2
A821: ._y2
A822: ._time
A824: ._pen_color
A825: ._t
A827: ._co
A828: ._xt
A82A: ._xu
A82C: ._tmp_address
A82E: ._last_id
A82F: ._dclick
A830: ._add
A832: ._add2
A834: ._click
A835: ._tempstr
A837: ._row
A838: ._play
A839: ._keydown
A83A: ._map_value
A83B: ._mx
A83D: ._my
A83F: ._tx
A841: ._ty
A843: ._diskop_on
A844: ._file_position
A845: ._max_positions
A846: ._pattern
A847: ._position
A848: ._k
A849: ._slen
A84A: ._ArrayStr
A84C: .core.ZXBASIC_USER_DATA_END
A84C: .core.__MAIN_PROGRAM__
A856: .LABEL._filename
A856: .filename
A996: .endfilename
A996: .nbtempstackstart
A999: .shadowlayerbit
A99A: .nextbuild_file_end
AAE3: .LABEL.__LABEL1
AB13: .LABEL.__LABEL3
AB22: .LABEL.__LABEL5
AB3B: .LABEL.__LABEL7
AB5E: .LABEL.__LABEL9
AB8D: .LABEL.__LABEL4
ABA0: .LABEL.__LABEL14
ABA3: .LABEL._panel1
ABAA: .LABEL._trackerwindow
ABE0: .LABEL._middle_panel
ABEC: .LABEL._panelsampler
ABF8: .LABEL._paneldiskopback
AC04: .LABEL._paneldiskop
AC4E: .LABEL._Array1
AC4E: .asm_array1
AC51: .LABEL._objectbuffer
ACD1: .LABEL._buttontmp
ACDD: .LABEL._buttonOK
AD25: .LABEL._text_status
AD8D: .LABEL._button2
AE01: .LABEL._button3
AECD: .LABEL._PLOT_COLOUR
AECD: .PLOT_COLOUR
AEE9: .LABEL._rand_num1
AEE9: .rand_num
AEEB: .LABEL._string_temp
AEEB: .string_temp
AF3B: .__direcotory_name
AF3B: .pattern_buffer
AF5E: .asm
AF5E: .mod_name
AF67: .pattern_buffer_add
AF69: .LABEL._Mouse
AF69: .Mouse
AF73: .core.__END_PROGRAM
AF81: ._checkints
AF96: .itbuff
AF97: ._checkints__leave
AF98: ._InitSprites2
AFCA: ._InitSprites2__leave
AFCB: ._UpdateSprite
AFFF: ._UpdateSprite__leave
B003: .__EXIT_FUNCTION
B00D: ._FPlotL2
B01F: .nobanks6and7
B04B: ._FPlotL2__leave
B04C: ._FPlotLineV
B091: ._FPlotLineV__leave
B092: ._PalUpload
B0A7: .loadpal
B0AE: .palloop
B0C6: ._PalUpload__leave
B0D1: ._ClipLayer2
B0F1: ._ClipLayer2__leave
B0FD: ._WaitRetrace2
B11E: ._WaitRetrace2__leave
B11F: ._GetKeyScanCode
B132: ._GetKeyScanCode__leave
B133: ._hex
B173: ._hex__leave
B174: ._hex16
B1A7: ._hex16__leave
B1BD: ._Show_Row
B1D5: .draw_row
B1E9: .skipand192
B1ED: .PatternLoop
B1EF: .RowLoop
B295: .charsperline_80
B299: .charperline_skip
B2A1: .back
B2A9: .getPatternRow
B2B3: .printblank
B2BB: .wipeloop
B2C7: .DecodePatternData
B2F4: .printhex_X
B2FF: .printhex_XX
B30C: .char2
B318: .printnumber
B322: .Na1
B324: .Na2
B330: .skipglyph
B339: .printhl
B33F: .pr_lp
B34A: .pr_done
B34C: .cursor_position
B34E: .cur_x
B34F: .cur_y
B350: .period_to_string_my
B364: .normalcolour
B366: .darkcolour
B36B: .color_pattern_table
B370: .colour_start
B375: .colourloop
B385: .charsperline_40
B392: .notmiddle
B396: .colourtable
B3E6: .middle
B436: .note_tab_a
B4CA: .inkred
B4CB: ._Show_Row__leave
B4D5: ._Get_Position
B4DD: .continuesong
B4EE: ._Get_Position__leave
B4EF: ._Clear_Info_Area
B509: ._Clear_Info_Area__leave
B50A: ._Show_Dir_Entries
B51E: .LABEL.__LABEL18
B55A: .LABEL.__LABEL15
B565: ._Show_Dir_Entries__leave
B56E: ._PlayMod
B5A7: ._PlayMod__leave
B5A8: ._Read_Dir_Entries
B5C2: ._read_filename_entry
B5D3: ._exit_show_dir
B5DD: ._dir_check_max
B5DD: ._get_full_dir_to_array
B5FE: ._no_more_entries
B607: ._get_length
B613: ._string_len_end
B619: .test_count
B61B: ._dir_handle
B61C: ._last_position
B620: .CUR_XY
B624: ._dir_buffer
B724: ._Read_Dir_Entries__leave
B725: ._GetModSongName
B73A: ._GetModSongName__leave
B73B: ._LoadMod
B764: .mod_load_sp
B78D: ._LoadMod__leave
B78E: ._DrawSample
B797: .LABEL.__LABEL24
B7AE: .LABEL.__LABEL21
B7BB: ._DrawSample__leave
B7BC: ._PlaySong
B7D5: .LABEL.__LABEL125
B7F7: .LABEL.__LABEL31
B804: .LABEL.__LABEL29
B815: ._PlaySong__leave
B816: ._ReadKeys
B836: .LABEL.__LABEL126
B85C: .LABEL.__LABEL32
B875: .LABEL.__LABEL127
B895: .LABEL.__LABEL34
B8AE: .LABEL.__LABEL128
B8D2: .LABEL.__LABEL36
B8DD: ._ReadKeys__leave
B8DE: ._Update_Mouse
B90B: .LABEL.__LABEL41
B936: .LABEL.__LABEL131
B944: .LABEL.__LABEL133
B9A2: .LABEL.__LABEL135
BA22: .LABEL.__LABEL46
BA26: .LABEL.__LABEL47
BA2C: .LABEL.__LABEL45
BA2F: .LABEL.__LABEL42
BA50: .LABEL.__LABEL136
BA8A: .LABEL.__LABEL48
BAAA: .LABEL.__LABEL137
BAEE: .LABEL.__LABEL56
BB01: .LABEL.__LABEL55
BB06: ._Update_Mouse__leave
BB0B: ._Process_Button
BB27: .LABEL.__LABEL60
BB2B: .LABEL.__LABEL61
BB4C: .LABEL.__LABEL65
BB4F: .LABEL.__LABEL62
BB6E: .LABEL.__LABEL69
BB71: .LABEL.__LABEL66
BB91: .LABEL.__LABEL73
BB94: .LABEL.__LABEL70
BBAF: ._Process_Button__leave
BBB8: ._TextPatternUpdate
BC0C: ._TextPatternUpdate__leave
BC0D: ._Draw_Box
BC27: .LABEL.__LABEL78
BC59: .LABEL.__LABEL83
BCB6: .LABEL.__LABEL86
BCC8: .LABEL.__LABEL88
BCDB: .LABEL.__LABEL90
BCF3: .LABEL.__LABEL92
BD07: .LABEL.__LABEL87
BD30: .LABEL.__LABEL99
BD49: .LABEL.__LABEL96
BD66: .LABEL.__LABEL106
BD89: .LABEL.__LABEL103
BDDC: .LABEL.__LABEL109
BDEF: ._Draw_Box__leave
BDF8: ._Draw_Button
BE1E: .LABEL.__LABEL110
BF24: .LABEL.__LABEL117
BF3B: .LABEL.__LABEL114
BF55: .LABEL.__LABEL113
BF7F: ._Draw_Button__leave
BF88: ._Draw_Press
C02D: .LABEL.__LABEL122
C04D: .LABEL.__LABEL123
C057: .LABEL.__LABEL124
C05E: ._Draw_Press__leave
C068: ._GetElement
C080: ._get_element
C0A4: .garray_not_null
C0A7: .gempty_array_position
C0B8: .garry_empty_arraystr
C0BB: .garray_str_position
C0BD: .garray_str_pointer
C0BF: ._GetElement__leave
C0C9: ._PutElement
C0EF: ._put_array
C127: .array_str_length
C129: .array_str_last_position
C12B: .array_str_position
C12D: .arra_str_size
C12F: .array_str_pointer
C131: ._PutElement__leave
C149: ._PeekMem
C149: .peekmem.main
C156: .peekmem.copyloop
C161: .peekmem.endcopy
C16D: ._PeekMem__leave
C16E: ._SetRGB
C176: .Set_Palette_RGB
C1A3: ._SetRGB__leave
C1AF: ._ClearTilemap
C1BC: ._ClearTilemap__leave
C1BD: ._CopyToBanks
C1CC: .copybankloop
C1DC: .copysize
C1F3: ._CopyToBanks__leave
C1F4: ._TextLine
C20E: .TextLine.xpos
C224: .TextLine.lineloop
C227: .TextLine.col
C231: .TextLine.done
C231: ._TextLine__leave
C24A: ._TextNumber
C273: .CharToAsc
C293: ._textnum_end
C297: ._TextNumber__leave
C298: ._Process_Mouse
C2C0: .bl
C2E4: .bd
C300: .getmouse
C319: .rangehl
C327: .mi
C32B: .mousex
C32C: .mousey
C32D: .omousex
C32E: .omousey
C32F: .nmousex
C330: .nmousey
C331: .mouseb
C332: .omouseb
C333: .rmousex
C335: .rmousey
C337: .dmousex
C338: .dmousey
C339: .mouseend
C34F: ._Process_Mouse__leave
C350: .LABEL.__LABEL0
C352: .LABEL.__LABEL20
C37C: .LABEL.__LABEL50
C381: .LABEL.__LABEL51
C38A: .LABEL.__LABEL58
C393: .LABEL.__LABEL59
C39C: .core.__ERROR
C3A0: .core.__ERROR_CODE
C3A2: .core.__STOP
C3A6: .core.__MEM_INIT
C3AC: .core.__MEM_INIT2
C3CA: .core.MEM_ALLOC
C3CA: .core.__MEM_ALLOC
C419: .core.__EQ16
C41F: .core.MEM_FREE
C41F: .core.__MEM_FREE
C471: .core.__ILOADSTR
C478: .core.__LOADSTR
C491: .core.__MUL16
C4A8: .core.__PISTORE_STR2
C4AC: .core.__ISTORE_STR2
C4B0: .core.__STORE_STR2
C4C0: .core.__PSTORE_STR2
C4C7: .core.__REALLOC
C4FB: .core.__STRASSIGN
C52F: .core.__STRCPY
C544: .core.__PISTORE_STR
C548: .core.__ISTORE_STR
C54C: .core.__STORE_STR
C55C: .core.__FPSTACK_PUSH2
C56D: .core.__FPSTACK_I16
C578: .core.SCREEN_ADDR
C57A: .core.SCREEN_ATTR_ADDR
C57C: .core.__STR
C57C: .core.__STR_FAST
C5B5: .core.__STRLEN
C5BD: .core.__STRSLICE
C5C1: .core.__STRSLICE_FAST
C608: .core.__ABS32
C60B: .core.__NEG32
C61D: .core.__I8TOFREG
C623: .core.__I32TOFREG
C631: .core.__U8TOFREG
C636: .core.__U32TOFREG
C64A: .core.__U32TOFREG_LOOP