8000: .core.__START_PROGRAM
8018: .core.__CALL_BACK__
801A: .core.ZXBASIC_MEM_HEAP
801A: .core.ZXBASIC_USER_DATA
881A: ._cevent
881B: ._scount
881C: ._keypressed
881D: ._vecX
881E: ._vecY
881F: ._y
8820: ._control
8821: ._speed
8822: ._amount
8823: ._x
8825: ._eventoffset
8827: ._playersprite
8828: ._spriteid
8829: ._attrib3
882A: ._attrib4
882B: .core.ZXBASIC_USER_DATA_END
882B: .core.__MAIN_PROGRAM__
882E: .nbtempstackstart
8838: .LABEL._filename
8838: .filename
8978: .endfilename
8978: .shadowlayerbit
8979: .nextbuild_file_end
89AF: .LABEL.__LABEL1
89BC: .LABEL.__LABEL3
89C9: .LABEL.__LABEL5
89D7: .LABEL.__LABEL7
8A0A: .LABEL.__LABEL8
8A3D: .LABEL._eventarray
8A3D: .eventarray
8ABD: .LABEL._script1
8ABD: .script1
8ACA: .LABEL._script2
8ACA: .script2
8AD7: .LABEL._Sprites
8AD7: .Sprite1
8BDA: .core.__END_PROGRAM
8BE8: ._checkints
8BFD: .itbuff
8BFE: ._checkints__leave
8BFF: ._ShowLayer2
8C0B: ._ShowLayer2__leave
8C0C: ._InitSprites
8C24: .sploop
8C2D: ._InitSprites__leave
8C38: ._UpdateSprite
8C6C: ._UpdateSprite__leave
8C70: .__EXIT_FUNCTION
8C7A: ._WaitRetrace
8C8E: ._WaitRetrace__leave
8C8F: ._GetKeyScanCode
8CA2: ._GetKeyScanCode__leave
8CA3: ._ReadKeys
8CB9: .LABEL.__LABEL35
8CCB: .LABEL.__LABEL10
8CE1: .LABEL.__LABEL36
8CF3: .LABEL.__LABEL12
8D04: ._ReadKeys__leave
8D05: ._SetScript
8D11: ._SetScript__leave
8D12: ._ReadEvents
8D50: .LABEL.__LABEL16
8D8B: .LABEL.__LABEL23
8D9E: .LABEL.__LABEL20
8DAE: .LABEL.__LABEL21
8DB1: .LABEL.__LABEL18
8DF6: .LABEL.__LABEL24
8E06: .LABEL.__LABEL27
8E14: .LABEL.__LABEL29
8E25: .LABEL.__LABEL31
8E33: .LABEL.__LABEL25
8E3A: .LABEL.__LABEL17
8E7B: ._ReadEvents__leave
8E7C: ._fSin
8E93: .LABEL._sinetable
8F93: ._fSin__leave
8F9C: ._fCos
8FAD: ._fCos__leave
8FB6: .LABEL.__LABEL34
8FB9: .core.SCREEN_ADDR
8FBB: .core.SCREEN_ATTR_ADDR
8FBD: .core.BRIGHT
8FC0: .core.__SET_BRIGHT
8FD7: .core.BRIGHT_TMP
8FDC: .core.__ERROR
8FE0: .core.__ERROR_CODE
8FE2: .core.__STOP
8FE6: .core.__IN_SCREEN
8FF0: .core.__OUT_OF_SCREEN_ERR
8FF5: .core.__ATTR_ADDR
9006: .core.SET_ATTR
900D: .core.__SET_ATTR
900D: .core.__SET_ATTR2
901A: .core.__LOAD_S_POSN
9026: .core.__SAVE_S_POSN
902F: .core.__SET_SCR_PTR
904C: .core.__zxnbackup_sysvar_bank
9062: .core.__zxnbackup_sysvar_bank_restore
9067: .core.CLS
909B: .core.JUMP_HL_PLUS_2A
909C: .core.JUMP_HL_PLUS_A
909F: .core.JUMP_HL_PLUS_DE
90A4: .core.CALL_HL
90A5: .core.INK
90C7: .core.INK_TMP
90D0: .core.PAPER
90F5: .core.PAPER_TMP
90FE: .core.FLASH
9101: .core.__SET_FLASH
9118: .core.FLASH_TMP
911D: .core.OVER
9133: .core.OVER_TMP
914B: .core.INVERSE
9158: .core.INVERSE_TMP
9166: .core.BOLD
9173: .core.BOLD_TMP
917F: .core.ITALIC
918C: .core.ITALIC_TMP
919A: .core.__PRINT_INIT
91BF: .core.__PRINTCHAR
91C3: .core.__PRINT_CHR
9200: .core.__PRGRAPH0
921D: .core.PRINT_MODE
921E: .core.INVERSE_MODE
9237: .core.__PRINT_SPECIAL
923E: .core.__PRINT_0Dh
924F: .core.__PRINT_EOL_END
9280: .core.__PRINT_AT
9285: .core.__PRINT_NOP
9285: .core.__PRINT_RESTART
92AA: .core.__PRINT_DEL
92C5: .core.__PRINT_INK2
92CF: .core.__PRINT_PAP2
92D4: .core.__PRINT_FLA
92D9: .core.__PRINT_FLA2
92DE: .core.__PRINT_BRI
92E3: .core.__PRINT_BRI2
92E8: .core.__PRINT_INV
92ED: .core.__PRINT_INV2
92F2: .core.__PRINT_OVR
92F7: .core.__PRINT_OVR2
934D: .core.PRINT_COMMA
9355: .core.PRINT_TAB
93A4: .core.COPY_ATTR
93E8: .core.__EQ16
93EE: .core.__MEM_INIT
93F4: .core.__MEM_INIT2
9412: .core.MEM_FREE
9412: .core.__MEM_FREE
9464: .core.PRINT_STR
9464: .core.__PRINTSTR
9489: .core.__PRINT_STR
9491: .core.__PRINTU_START
94A4: .core.__PRINT_MINUS
94A9: .core.__ABS16
94AC: .core.__NEGHL
94B4: .core.__DIVU16
94B4: .core.__DIVU16_FAST
94BB: .core.__DIV16LOOP
94C6: .core.__DIV16NOADD
94CC: .core.__MODU16
94D1: .core.__DIVI16
94D1: .core.__DIVI16_FAST
94DF: .core.__DIVI16A
94E4: .core.__DIVI16B
94ED: .core.__MODI16
94F2: .core.__PRINTI16
9514: .core.__DIVU8
9516: .core.__DIVU8_FAST
951B: .core.__DIV8LOOP
9523: .core.__DIV8NOSUB
9528: .core.__DIVI8
952A: .core.__DIVI8_FAST
9532: .core.__DIV8A
953B: .core.__DIV8B
9546: .core.__MODU8
9548: .core.__MODU8_FAST
954D: .core.__MODI8
954F: .core.__MODI8_FAST
9554: .core.__PRINTI8
955F: .core.__PRINTU8