8000: .core.__START_PROGRAM
8012: .core.__CALL_BACK__
8014: ._x
8014: .core.ZXBASIC_USER_DATA
8016: ._y
8017: ._pd
8018: ._p_counter
8019: .core.ZXBASIC_USER_DATA_END
8019: .core.__MAIN_PROGRAM__
801C: .nbtempstackstart
8026: .LABEL._filename
8026: .filename
8166: .endfilename
8166: .shadowlayerbit
8167: .nextbuild_file_end
8183: .LABEL.__LABEL0
8191: .LABEL._level_data
8254: .core.__END_PROGRAM
8262: ._checkints
8277: .itbuff
8278: ._checkints__leave
8279: ._InitSprites2
82A7: ._InitSprites2__leave
82A8: ._UpdateSprite
82DC: ._UpdateSprite__leave
82E0: .__EXIT_FUNCTION
82EA: ._DoTileBank16
8317: .PlotTile16
833E: .plotTilesLoop
8353: ._DoTileBank16__leave
835F: ._WaitRetrace2
8380: ._WaitRetrace2__leave
8381: ._MultiKeys
8386: ._MultiKeys__leave
8387: ._UpdatePlayer
83A9: .LABEL.__LABEL7
83AC: .LABEL.__LABEL4
83C8: .LABEL.__LABEL11
83CB: .LABEL.__LABEL8
83DF: .LABEL.__LABEL15
83E2: .LABEL.__LABEL12
83F6: .LABEL.__LABEL5
83FD: .LABEL.__LABEL2
8400: .LABEL.__LABEL3
8416: ._UpdatePlayer__leave
8417: ._ReadKeys
8435: .LABEL.__LABEL22
8449: .LABEL.__LABEL23
8460: .LABEL.__LABEL26
8474: ._ReadKeys__leave
8475: ._SetUpLevel
849A: .LABEL.__LABEL33
84A1: .LABEL.__LABEL38
84D2: .LABEL.__LABEL35
84DD: .LABEL.__LABEL30
84E5: ._SetUpLevel__leave
84EE: .core.__MUL16