6D60: .core.__START_PROGRAM
6D72: .core.__CALL_BACK__
6D74: ._ab
6D74: ._al
6D74: .core.ZXBASIC_USER_DATA
6D76: ._vi
6D76: ._vl
6D78: ._h_c
6D79: ._plx
6D7B: ._startx
6D7D: ._ply
6D7E: ._starty
6D7F: ._pldx
6D80: ._pldy
6D81: ._playersprite
6D82: ._oldpx
6D84: ._oldpy
6D85: ._attr3
6D86: ._nojump
6D87: ._diamonds
6D88: ._globalframe
6D89: ._globalframetimer
6D8A: ._level
6D8B: ._maxlevel
6D8C: ._mapoffset
6D8E: ._jumptrigger
6D8F: ._jumpposition
6D90: ._playerframe
6D91: ._hudtimer
6D92: ._mapbuffer
6D94: ._int_done
6D95: ._lineno
6D96: ._scrolly
6D97: ._scrolltrigger
6D98: ._jumpvalue
6D99: ._playeranim
6D9A: ._lastframe
6D9B: ._floor
6D9C: ._kemp
6D9D: ._sword
6D9E: ._ssize
6D9F: ._swordframe
6DA0: ._swordkeypressed
6DA1: ._ospraddress
6DA3: ._dead
6DA4: ._t
6DA5: ._fx_ow
6DA6: ._wait
6DA7: ._aSprites
6DA9: ._aSprites.__DATA__.__PTR__
6DAB: ._aSprites.__DATA__
6FAB: .LABEL.__LABEL327
6FB0: .core.ZXBASIC_USER_DATA_END
6FB0: .core.__MAIN_PROGRAM__
6FBA: .LABEL._filename
6FBA: .filename
73BA: .endfilename
73BA: .nbtempstackstart
73BD: .shadowlayerbit
745E: .LABEL._Restart
7485: .LABEL.__LABEL0
749F: .LABEL.__LABEL4
74B6: .LABEL.__LABEL6
74D4: .LABEL.__LABEL11
74D7: .LABEL.__LABEL8
74EC: .LABEL.__LABEL12
7506: .LABEL.__LABEL5
7510: .LABEL.__LABEL3
7513: .LABEL._ThrowData
7513: .ThrowData
752B: .LABEL._ThrowPositions
7549: .LABEL._jumptable
7585: .palbuffdiamond
75A5: .LABEL._map
75A5: .map
7AA5: .LABEL._palbuff
7AA5: .palbuff
7AC5: .LABEL._copper_sample_table
7AC5: .copper_sample_table
7AE6: .core.__END_PROGRAM
7AF3: ._checkints
7B08: .itbuff
7B09: ._checkints__leave
7B0A: ._ShowLayer2
7B16: ._ShowLayer2__leave
7B17: ._NextRegA
7B20: ._NextRegA__leave
7B21: ._InitSprites2
7B53: ._InitSprites2__leave
7B54: ._RemoveSprite
7B75: ._RemoveSprite__leave
7B7F: ._UpdateSprite
7BB3: ._UpdateSprite__leave
7BB7: .__EXIT_FUNCTION
7BC1: ._CLS256
7BC9: .Cls256
7BE0: .LoadAll
7BE6: .ClearLoop
7C09: ._CLS256__leave
7C12: ._ClipLayer2
7C32: ._ClipLayer2__leave
7C3E: ._ClipTile
7C5E: ._ClipTile__leave
7C6A: ._ClipSprite
7C8A: ._ClipSprite__leave
7C96: ._WaitRetrace
7CB1: ._WaitRetrace__leave
7CBA: ._PlaySFX
7CBD: ._PlaySFX__leave
7CBE: ._InitMusic
7D01: .aybank1
7D09: .ayseta
7D15: .aysetde
7D23: .exitplayerinit
7D2F: .ayrepairestack
7D3A: .ayplayerstack
7DBA: .playmusicnl
7DEC: .exitplayernl
7DF8: .ayrepairestack2
7DF9: .re_init_music
7E07: .mustplayernl
7E11: ._InitMusic__leave
7E12: ._SetUpIM
7E3F: ._SetUpIM__leave
7E40: ._ISR
7E6B: .no_sfx_to_play
7E74: .skipfxplayernl
7E84: .skipmusicplayer
7E9A: .out_isr_sp
7EDF: .temp_isr_sp
7EE1: ._ISR__leave
7EE2: .PlaySFX
7EE2: ._PlaySFXSys
7F12: .AFXPLAY
7F18: .afxBnkAdr
7F26: .afxPlay0
7F37: .afxPlay1
7F51: ._PlaySFXSys__leave
7F52: ._InitSFX
7F82: .AFXINIT
7F8F: .afxInit0
7F9E: .afxInit1
7FBD: ._InitSFX__leave
7FBE: .AFXFRAME
7FBE: ._CallbackSFX
7FF3: .afxFrame0
802B: .afxFrame1
803A: .afxFrame2
803E: .afxFrame3
8043: .afxFrame4
8051: .afxFrame5
8058: .afxFrame6
8064: .afxFrame7
8097: ._CallbackSFX__leave
8098: ._MultiKeys
809D: ._MultiKeys__leave
809E: ._GetKeyScanCode
80B1: ._GetKeyScanCode__leave
80B2: ._MyCustomISR
80BD: ._MyCustomISR__leave
80BE: ._ShowIntroScreen
80BE: ._ShowIntroScreen__leave
80BF: ._GetLevel
8121: ._GetLevel__leave
812A: ._ScrollLevel
8173: ._ScrollLevel__leave
817C: ._CheckCollision
81A1: .LABEL.__LABEL21
81CD: .LABEL.__LABEL25
81FF: .LABEL.__LABEL27
8209: .LABEL.__LABEL23
821E: .LABEL.__LABEL292
8227: .LABEL.__LABEL29
8246: .LABEL.__LABEL33
826A: .LABEL.__LABEL37
8282: .LABEL.__LABEL31
8295: .LABEL.__LABEL293
82AB: .LABEL.__LABEL295
82DD: .LABEL.__LABEL39
82E7: .LABEL.__LABEL41
82F3: .LABEL.__LABEL43
82FD: .LABEL.__LABEL45
8311: .LABEL.__LABEL51
8348: .LABEL.__LABEL52
834B: .LABEL.__LABEL48
8354: .LABEL.__LABEL50
8357: .LABEL.__LABEL46
8367: .LABEL.__LABEL60
839E: .LABEL.__LABEL61
83A1: .LABEL.__LABEL57
83AA: .LABEL.__LABEL47
83BD: .LABEL.__LABEL297
83D3: .LABEL.__LABEL299
8405: .LABEL.__LABEL65
840F: .LABEL.__LABEL67
841B: .LABEL.__LABEL69
8425: .LABEL.__LABEL71
8450: .LABEL.__LABEL77
8487: .LABEL.__LABEL78
848A: .LABEL.__LABEL74
8493: .LABEL.__LABEL76
8496: .LABEL.__LABEL72
84B5: .LABEL.__LABEL84
84F5: .LABEL.__LABEL86
84FC: .LABEL.__LABEL81
8505: .LABEL.__LABEL83
8508: .LABEL.__LABEL73
8522: .LABEL.__LABEL88
8537: .LABEL.__LABEL89
8565: .LABEL.__LABEL301
85C9: .LABEL.__LABEL303
8609: .LABEL.__LABEL93
8615: ._CheckCollision__leave
861A: ._AddThrowbaddy
863E: .LABEL.__LABEL96
8656: .LABEL.__LABEL307
8660: .LABEL.__LABEL97
86A4: ._AddThrowbaddy__leave
86AF: ._processthrows
86CD: .LABEL.__LABEL103
8767: .LABEL.__LABEL107
87A5: .LABEL.__LABEL104
87A8: .LABEL.__LABEL100
87B0: ._processthrows__leave
87B5: ._ReadKeys
87E6: .LABEL.__LABEL110
87FF: .LABEL.__LABEL112
8810: .LABEL.__LABEL114
8823: .LABEL.__LABEL115
8837: .LABEL.__LABEL117
885C: .LABEL.__LABEL122
8876: .LABEL.__LABEL125
8883: .LABEL.__LABEL126
8890: .LABEL.__LABEL116
88A6: .LABEL.__LABEL134
88B2: .LABEL.__LABEL132
88C2: .LABEL.__LABEL138
88CE: .LABEL.__LABEL140
8900: .LABEL.__LABEL144
8903: .LABEL.__LABEL141
8912: .LABEL.__LABEL142
8929: .LABEL.__LABEL308
893C: .LABEL.__LABEL150
8944: .LABEL.__LABEL148
895F: .LABEL.__LABEL152
897E: .LABEL.__LABEL309
898B: .LABEL.__LABEL310
89A5: .LABEL.__LABEL156
89A8: .LABEL.__LABEL153
89C0: .LABEL.__LABEL311
89CE: .LABEL.__LABEL312
89E2: .LABEL.__LABEL154
89F8: .LABEL.__LABEL160
8A41: .LABEL.__LABEL165
8A46: .LABEL.__LABEL164
8A62: .LABEL.__LABEL162
8A70: .LABEL.__LABEL313
8A8C: .LABEL.__LABEL171
8A90: .LABEL.__LABEL170
8AAB: .LABEL.__LABEL173
8AAF: .LABEL.__LABEL174
8AC9: ._ReadKeys__leave
8ACE: ._UpdatePlayer
8B11: .LABEL.__LABEL181
8B1E: .LABEL.__LABEL182
8B3B: ._UpdatePlayer__leave
8B40: ._pokeBank
8B4F: ._pokeBank__leave
8B50: ._dogravity
8B63: ._dogravity__leave
8B64: ._SetUpNPC
8B86: .LABEL.__LABEL186
8BA3: .LABEL.__LABEL183
8BB2: .LABEL.__LABEL191
8BB9: .LABEL.__LABEL196
8BE5: .LABEL.__LABEL198
8BF4: .LABEL.__LABEL200
8C29: .LABEL.__LABEL202
8C3A: .LABEL.__LABEL204
8C5A: .LABEL.__LABEL206
8C5E: .LABEL.__LABEL199
8C94: .LABEL.__LABEL209
8CA4: .LABEL.__LABEL193
8CAF: .LABEL.__LABEL188
8CC3: ._SetUpNPC__leave
8CC8: ._PalCycle
8CF2: ._PalCycle__leave
8CF3: ._UpdateSprites
8D1C: .LABEL.__LABEL212
8D64: .LABEL.__LABEL217
8D8E: .LABEL.__LABEL318
8E10: .LABEL.__LABEL319
8E38: .LABEL.__LABEL320
8E49: .LABEL.__LABEL225
8E4C: .LABEL.__LABEL222
8E79: .LABEL.__LABEL232
8E86: .LABEL.__LABEL233
8E94: .LABEL.__LABEL231
8EA2: .LABEL.__LABEL221
8EDE: .LABEL.__LABEL321
8F4B: .LABEL.__LABEL241
8F52: .LABEL.__LABEL238
8F6C: .LABEL.__LABEL323
8FDD: .LABEL.__LABEL245
8FE0: .LABEL.__LABEL242
9012: .LABEL.__LABEL239
9054: .LABEL.__LABEL248
9065: .LABEL.__LABEL237
90B7: .LABEL.__LABEL254
90E2: .LABEL.__LABEL255
9169: .LABEL.__LABEL262
916D: .LABEL.__LABEL263
9170: .LABEL.__LABEL260
91A0: .LABEL.__LABEL266
91C1: .LABEL.__LABEL267
91EC: .LABEL.__LABEL270
91FD: .LABEL.__LABEL271
921F: .LABEL.__LABEL272
9241: .LABEL.__LABEL273
9264: .LABEL.__LABEL261
9267: .LABEL.__LABEL258
9282: .LABEL.__LABEL325
92A7: .LABEL.__LABEL282
92AB: .LABEL.__LABEL257
92AF: .LABEL.__LABEL251
92DB: .LABEL.__LABEL285
92DE: .LABEL.__LABEL218
92E7: .LABEL.__LABEL215
92ED: ._UpdateSprites__leave
92F2: ._AddNewSprite
92FE: .LABEL.__LABEL286
9321: .LABEL.__LABEL326
932B: .LABEL.__LABEL287
934A: .LABEL.__LABEL290
934E: .LABEL.__LABEL291
93F4: ._AddNewSprite__leave
93FB: ._SetupTileHW
9408: ._tmuploadloop
9461: ._SetupTileHW__leave
9462: ._CopyToBanks
946E: .copybankloop
949B: ._CopyToBanks__leave
949C: ._InitCopperAudio
94C0: ._InitCopperAudio__leave
94C1: ._PlayCopperSample
94E6: .playerstack
94E9: ._PlayCopperSample__leave
94EA: ._SetCopperAudio
94ED: ._SetCopperAudio__leave
94EE: ._PlayCopperAudio
94F1: ._PlayCopperAudio__leave
94F2: .CopperSample.set_copper_audio
94F2: ._CopperSample
9514: .refresh
951C: .hdmi
9545: .no_loop
9571: .skip
9572: .next
9576: .zone
957F: .no_split
959C: .no_zone
959D: .zone_next
95A5: .return
95A7: .stack
95AB: .CopperSample.play_copper_audio
95D2: .CopperSample.playbankout
95DB: .CopperSample.play_copper_audio2
95DF: .CopperSample.copper_audio_config
95FF: .CopperSample.copper_audio_control
9603: .CopperSample.copper_out16
960C: .CopperSample.copper_out15
9615: .CopperSample.copper_out14
961E: .CopperSample.copper_out13
9627: .CopperSample.copper_out12
9630: .CopperSample.copper_out11
9639: .CopperSample.copper_out10
9642: .CopperSample.copper_out9
964B: .CopperSample.copper_out8
9654: .CopperSample.copper_out7
965D: .CopperSample.copper_out6
9666: .CopperSample.copper_out5
966F: .CopperSample.copper_out4
9678: .CopperSample.copper_out3
9681: .CopperSample.copper_out2
968A: .CopperSample.copper_out1
9693: .CopperSample.copper_out0
9694: .CopperSample.copper_split
96A4: .CopperSample.copper_loop
96B2: .loop
96B5: .forever
96BA: .CopperSample.copper_done
96C4: .CopperSample.play_copper_stack
96C8: .CopperSample.vga_50_config
96D3: .CopperSample.vga_60_config
96DE: .CopperSample.hdmi_50_config
96E9: .CopperSample.hdmi_60_config
96F4: .CopperSample.sample_ptr
96F6: .CopperSample.sample_pos
96F8: .CopperSample.sample_len
96FA: .CopperSample.sample_dac
96FB: .CopperSample.sample_loop
96FC: .CopperSample.sample_bank
96FD: .CopperSample.video_lines
96FF: .CopperSample.video_timing
972E: .CopperSample.copper_audio_stack
9730: ._CopperSample__leave
9731: .core.__MUL16
9748: .core.__ARRAY_PTR
974C: .core.__ARRAY
978F: .core.SCREEN_ADDR
9791: .core.SCREEN_ATTR_ADDR
9793: .core.__ERROR
9797: .core.__ERROR_CODE
9799: .core.__STOP
979D: .core.__IN_SCREEN
97A7: .core.__OUT_OF_SCREEN_ERR
97AC: .core.__ATTR_ADDR
97BD: .core.SET_ATTR
97C4: .core.__SET_ATTR
97C4: .core.__SET_ATTR2
97D1: .core.__LOAD_S_POSN
97DD: .core.__SAVE_S_POSN
97E6: .core.__SET_SCR_PTR
9803: .core.__zxnbackup_sysvar_bank
9821: .core.__zxnbackup_sysvar_bank_restore
9826: .core.CLS
985A: .core.__EQ16
9860: .core.INK
9882: .core.INK_TMP
988B: .core.__LEI8
9891: .core.__LTI
989B: .core.PAPER
98C0: .core.PAPER_TMP