6D60: .core.__START_PROGRAM
6D72: .core.__CALL_BACK__
6D74: ._plx
6D74: .core.ZXBASIC_USER_DATA
6D76: ._startx
6D78: ._ply
6D79: ._starty
6D7A: ._pldx
6D7B: ._pldy
6D7C: ._playersprite
6D7D: ._oldpx
6D7F: ._oldpy
6D80: ._attr3
6D81: ._nojump
6D82: ._diamonds
6D83: ._globalframe
6D84: ._globalframetimer
6D85: ._level
6D86: ._maxlevel
6D87: ._velocity
6D8B: ._mapoffset
6D8D: ._jumptrigger
6D8E: ._jumpposition
6D8F: ._playerframe
6D90: ._hudtimer
6D91: ._mapbuffer
6D93: ._int_done
6D94: ._lineno
6D95: ._scrolly
6D96: ._scrolltrigger
6D97: ._hvel
6D9B: ._pleft
6D9C: ._pright
6D9D: ._jumpvalue
6D9E: ._playeranim
6D9F: ._lastframe
6DA0: ._floor
6DA1: ._kemp
6DA2: ._sword
6DA3: ._ssize
6DA4: ._swordframe
6DA5: ._swordkeypressed
6DA6: ._ospraddress
6DA8: ._dead
6DA9: ._t
6DAA: ._fx_ow
6DAB: ._wait
6DAC: ._aSprites
6DAE: ._aSprites.__DATA__.__PTR__
6DB0: ._aSprites.__DATA__
6FB0: .LABEL.__LABEL333
6FB5: .core.ZXBASIC_USER_DATA_END
6FB5: .core.__MAIN_PROGRAM__
6FB8: .nbtempstackstart
6FC2: .LABEL._filename
6FC2: .filename
7102: .endfilename
7102: .shadowlayerbit
7103: .nextbuild_file_end
719A: .LABEL._Restart
71BC: .LABEL.__LABEL0
71D6: .LABEL.__LABEL4
71ED: .LABEL.__LABEL6
720B: .LABEL.__LABEL11
720E: .LABEL.__LABEL8
7223: .LABEL.__LABEL12
723D: .LABEL.__LABEL5
7247: .LABEL.__LABEL3
724A: .LABEL._ThrowData
724A: .ThrowData
7262: .LABEL._ThrowPositions
7280: .LABEL._jumptable
7292: .palbuffdiamond
72B2: .LABEL._map
72B2: .map
77B2: .LABEL._palbuff
77B2: .palbuff
77D2: .LABEL._copper_sample_table
77D2: .copper_sample_table
77F3: .core.__END_PROGRAM
7801: ._checkints
7816: .itbuff
7817: ._checkints__leave
7818: ._ShowLayer2
7824: ._ShowLayer2__leave
7825: ._NextRegA
782E: ._NextRegA__leave
782F: ._InitSprites2
785D: ._InitSprites2__leave
785E: ._RemoveSprite
787F: ._RemoveSprite__leave
7889: ._UpdateSprite
78BD: ._UpdateSprite__leave
78C1: .__EXIT_FUNCTION
78CB: ._CLS256
78D3: .Cls256
78EA: .LoadAll
78F0: .ClearLoop
7913: ._CLS256__leave
791C: ._ClipLayer2
793C: ._ClipLayer2__leave
7948: ._ClipTile
7968: ._ClipTile__leave
7974: ._ClipSprite
7994: ._ClipSprite__leave
79A0: ._WaitRetrace
79B4: ._WaitRetrace__leave
79B5: ._PlaySFX
79B8: ._PlaySFX__leave
79B9: ._InitMusic
79FB: .aybank1
7A03: .ayseta
7A0F: .aysetde
7A1D: .aysetde2
7A1F: .aysetde1
7A2C: .exitplayerinit
7A38: .ayrepairestack
7A3C: .ayplayerstack
7ABC: .playmusicnl
7B08: .exitplayernl
7B14: .ayrepairestack2
7B15: .re_init_music
7B23: .re_init_music2
7B25: .re_init_music1
7B3D: .mustplayernl
7B47: ._InitMusic__leave
7B48: ._SetUpIM
7C00: .IM_vector
7D02: ._exit_im_setup
7D09: ._SetUpIM__leave
7D0A: ._ISR
7D5C: .no_sfx_to_play
7D65: .skipfxplayernl
7D75: .skipmusicplayer
7D8B: .out_isr_sp
7E10: .temp_isr_sp
7E12: ._ISR__leave
7E13: .PlaySFX
7E13: ._PlaySFXSys
7E43: .AFXPLAY
7E49: .afxBnkAdr
7E57: .afxPlay0
7E68: .afxPlay1
7E82: ._PlaySFXSys__leave
7E83: ._InitSFX
7EB3: .AFXINIT
7EC0: .afxInit0
7ECF: .afxInit1
7EEE: ._InitSFX__leave
7EEF: .AFXFRAME
7EEF: ._CallbackSFX
7F24: .afxFrame0
7F5C: .afxFrame1
7F6B: .afxFrame2
7F6F: .afxFrame3
7F74: .afxFrame4
7F82: .afxFrame5
7F89: .afxFrame6
7F95: .afxFrame7
7FC5: ._CallbackSFX__leave
7FC6: ._MultiKeys
7FCB: ._MultiKeys__leave
7FCC: ._GetKeyScanCode
7FDF: ._GetKeyScanCode__leave
7FE0: ._MyCustomISR
7FEB: ._MyCustomISR__leave
7FEC: ._ShowIntroScreen
7FEC: ._ShowIntroScreen__leave
7FED: ._GetLevel
804F: ._GetLevel__leave
8058: ._ScrollLevel
80A1: ._ScrollLevel__leave
80AA: ._CheckCollision
80CF: .LABEL.__LABEL21
80EA: .LABEL.__LABEL25
811C: .LABEL.__LABEL27
8128: .LABEL.__LABEL23
813D: .LABEL.__LABEL298
8146: .LABEL.__LABEL29
8167: .LABEL.__LABEL33
818B: .LABEL.__LABEL37
81A3: .LABEL.__LABEL35
81AA: .LABEL.__LABEL31
81D2: .LABEL.__LABEL38
81E9: .LABEL.__LABEL39
81FC: .LABEL.__LABEL299
8212: .LABEL.__LABEL301
8244: .LABEL.__LABEL43
824E: .LABEL.__LABEL45
825A: .LABEL.__LABEL47
8264: .LABEL.__LABEL49
8278: .LABEL.__LABEL55
82B3: .LABEL.__LABEL56
82B6: .LABEL.__LABEL52
82BF: .LABEL.__LABEL54
82C2: .LABEL.__LABEL50
82D2: .LABEL.__LABEL64
832A: .LABEL.__LABEL69
832D: .LABEL.__LABEL65
8330: .LABEL.__LABEL61
8339: .LABEL.__LABEL51
8350: .LABEL.__LABEL70
835C: .LABEL.__LABEL71
8379: .LABEL.__LABEL303
838F: .LABEL.__LABEL305
83C1: .LABEL.__LABEL73
83CB: .LABEL.__LABEL75
83D7: .LABEL.__LABEL77
83E1: .LABEL.__LABEL79
840C: .LABEL.__LABEL85
8450: .LABEL.__LABEL89
845E: .LABEL.__LABEL86
8461: .LABEL.__LABEL82
846A: .LABEL.__LABEL84
846D: .LABEL.__LABEL80
848C: .LABEL.__LABEL94
84C6: .LABEL.__LABEL96
84CD: .LABEL.__LABEL91
84D6: .LABEL.__LABEL93
8505: .LABEL.__LABEL81
8533: .LABEL.__LABEL307
8597: .LABEL.__LABEL309
85D7: .LABEL.__LABEL101
85E3: ._CheckCollision__leave
85E8: ._AddThrowbaddy
860C: .LABEL.__LABEL104
8624: .LABEL.__LABEL313
862E: .LABEL.__LABEL105
8672: ._AddThrowbaddy__leave
867D: ._processthrows
869B: .LABEL.__LABEL111
8735: .LABEL.__LABEL115
8773: .LABEL.__LABEL112
8776: .LABEL.__LABEL108
877E: ._processthrows__leave
8783: ._ReadKeys
87A1: .LABEL.__LABEL118
87C4: .LABEL.__LABEL121
87D1: .LABEL.__LABEL122
87DD: .LABEL.__LABEL119
8801: .LABEL.__LABEL127
880E: .LABEL.__LABEL128
8817: .LABEL.__LABEL120
884E: .LABEL.__LABEL134
885B: .LABEL.__LABEL132
8891: .LABEL.__LABEL138
889D: .LABEL.__LABEL136
88D5: .LABEL.__LABEL142
88DE: .LABEL.__LABEL140
8910: .LABEL.__LABEL146
8913: .LABEL.__LABEL143
8922: .LABEL.__LABEL144
8939: .LABEL.__LABEL314
894C: .LABEL.__LABEL152
8954: .LABEL.__LABEL150
896E: .LABEL.__LABEL154
898D: .LABEL.__LABEL315
899A: .LABEL.__LABEL316
89B4: .LABEL.__LABEL158
89B7: .LABEL.__LABEL155
89CF: .LABEL.__LABEL317
89DD: .LABEL.__LABEL318
89EB: .LABEL.__LABEL156
8A01: .LABEL.__LABEL162
8A37: .LABEL.__LABEL166
8A6E: .LABEL.__LABEL168
8A8A: .LABEL.__LABEL164
8A98: .LABEL.__LABEL319
8AB4: .LABEL.__LABEL173
8AB8: .LABEL.__LABEL172
8AD3: .LABEL.__LABEL175
8AD7: .LABEL.__LABEL176
8AF1: ._ReadKeys__leave
8AF2: ._UpdatePlayer
8B35: .LABEL.__LABEL183
8B42: .LABEL.__LABEL184
8B5F: ._UpdatePlayer__leave
8B64: ._pokeBank
8B73: ._pokeBank__leave
8B74: ._SetUpNPC
8B96: .LABEL.__LABEL188
8BB3: .LABEL.__LABEL185
8BC2: .LABEL.__LABEL193
8BC9: .LABEL.__LABEL198
8BF5: .LABEL.__LABEL200
8C04: .LABEL.__LABEL202
8C39: .LABEL.__LABEL204
8C4A: .LABEL.__LABEL206
8C6A: .LABEL.__LABEL208
8C6E: .LABEL.__LABEL201
8CA4: .LABEL.__LABEL211
8CB4: .LABEL.__LABEL195
8CBF: .LABEL.__LABEL190
8CD3: ._SetUpNPC__leave
8CD8: ._PalCycle
8D02: ._PalCycle__leave
8D03: ._UpdateSprites
8D2C: .LABEL.__LABEL214
8D74: .LABEL.__LABEL219
8D9E: .LABEL.__LABEL324
8E20: .LABEL.__LABEL325
8E48: .LABEL.__LABEL326
8E59: .LABEL.__LABEL227
8E5C: .LABEL.__LABEL224
8E89: .LABEL.__LABEL234
8E96: .LABEL.__LABEL235
8EA4: .LABEL.__LABEL233
8EB2: .LABEL.__LABEL223
8EEC: .LABEL.__LABEL327
8F59: .LABEL.__LABEL243
8F60: .LABEL.__LABEL240
8F7A: .LABEL.__LABEL329
8FEB: .LABEL.__LABEL247
8FEE: .LABEL.__LABEL244
9020: .LABEL.__LABEL241
9062: .LABEL.__LABEL250
9073: .LABEL.__LABEL239
90C5: .LABEL.__LABEL256
90F0: .LABEL.__LABEL257
9180: .LABEL.__LABEL264
919F: .LABEL.__LABEL265
91B3: .LABEL.__LABEL268
91B7: .LABEL.__LABEL269
91BA: .LABEL.__LABEL262
91EA: .LABEL.__LABEL272
920B: .LABEL.__LABEL273
9236: .LABEL.__LABEL276
9247: .LABEL.__LABEL277
9269: .LABEL.__LABEL278
928B: .LABEL.__LABEL279
92AE: .LABEL.__LABEL263
92B1: .LABEL.__LABEL260
92CC: .LABEL.__LABEL331
92F1: .LABEL.__LABEL288
92F5: .LABEL.__LABEL259
92F9: .LABEL.__LABEL253
9325: .LABEL.__LABEL291
9328: .LABEL.__LABEL220
9331: .LABEL.__LABEL217
9337: ._UpdateSprites__leave
933C: ._AddNewSprite
9348: .LABEL.__LABEL292
936B: .LABEL.__LABEL332
9375: .LABEL.__LABEL293
9394: .LABEL.__LABEL296
9398: .LABEL.__LABEL297
943E: ._AddNewSprite__leave
9445: ._SetupTileHW
9452: ._tmuploadloop
94AB: ._SetupTileHW__leave
94AC: ._CopyToBanks
94B8: .copybankloop
94E5: ._CopyToBanks__leave
94E6: ._InitCopperAudio
950A: ._InitCopperAudio__leave
950B: ._PlayCopperSample
9530: .playerstack
9533: ._PlayCopperSample__leave
9534: ._SetCopperAudio
9537: ._SetCopperAudio__leave
9538: ._PlayCopperAudio
953B: ._PlayCopperAudio__leave
953C: .CopperSample.set_copper_audio
953C: ._CopperSample
955E: .refresh
9566: .hdmi
958F: .no_loop
95BB: .skip
95BC: .next
95C0: .zone
95C9: .no_split
95E6: .no_zone
95E7: .zone_next
95EF: .return
95F1: .stack
95F5: .CopperSample.play_copper_audio
961C: .CopperSample.playbankout
9625: .CopperSample.play_copper_audio2
9629: .CopperSample.copper_audio_config
9649: .CopperSample.copper_audio_control
964D: .CopperSample.copper_out16
9656: .CopperSample.copper_out15
965F: .CopperSample.copper_out14
9668: .CopperSample.copper_out13
9671: .CopperSample.copper_out12
967A: .CopperSample.copper_out11
9683: .CopperSample.copper_out10
968C: .CopperSample.copper_out9
9695: .CopperSample.copper_out8
969E: .CopperSample.copper_out7
96A7: .CopperSample.copper_out6
96B0: .CopperSample.copper_out5
96B9: .CopperSample.copper_out4
96C2: .CopperSample.copper_out3
96CB: .CopperSample.copper_out2
96D4: .CopperSample.copper_out1
96DD: .CopperSample.copper_out0
96DE: .CopperSample.copper_split
96EE: .CopperSample.copper_loop
96FC: .loop
96FF: .forever
9704: .CopperSample.copper_done
970E: .CopperSample.play_copper_stack
9712: .CopperSample.vga_50_config
971D: .CopperSample.vga_60_config
9728: .CopperSample.hdmi_50_config
9733: .CopperSample.hdmi_60_config
973E: .CopperSample.sample_ptr
9740: .CopperSample.sample_pos
9742: .CopperSample.sample_len
9744: .CopperSample.sample_dac
9745: .CopperSample.sample_loop
9746: .CopperSample.sample_bank
9747: .CopperSample.video_lines
9749: .CopperSample.video_timing
9778: .CopperSample.copper_audio_stack
977A: ._CopperSample__leave
977B: .core.__MUL16
9792: .core.__ARRAY_PTR
9796: .core.__ARRAY
97D9: .core.SCREEN_ADDR
97DB: .core.SCREEN_ATTR_ADDR
97DD: .core.__ERROR
97E1: .core.__ERROR_CODE
97E3: .core.__STOP
97E7: .core.__IN_SCREEN
97F1: .core.__OUT_OF_SCREEN_ERR
97F6: .core.__ATTR_ADDR
9807: .core.SET_ATTR
980E: .core.__SET_ATTR
980E: .core.__SET_ATTR2
981B: .core.__LOAD_S_POSN
9827: .core.__SAVE_S_POSN
9830: .core.__SET_SCR_PTR
984D: .core.__zxnbackup_sysvar_bank
9863: .core.__zxnbackup_sysvar_bank_restore
9868: .core.CLS
989C: .core.__EQ16
98A2: .core.INK
98C4: .core.INK_TMP
98CD: .core.__SUB32
98E1: .core.__LEI32
98FE: .core.__LTI32
9912: .core.__LEI8
9918: .core.__LTI
9922: .core.PAPER
9947: .core.PAPER_TMP