6D60: .core.__START_PROGRAM
6D72: .core.__CALL_BACK__
6D74: ._plx
6D74: .core.ZXBASIC_USER_DATA
6D76: ._startx
6D78: ._ply
6D79: ._starty
6D7A: ._pldx
6D7B: ._pldy
6D7C: ._playersprite
6D7D: ._oldpx
6D7F: ._oldpy
6D80: ._attr3
6D81: ._nojump
6D82: ._diamonds
6D83: ._globalframe
6D84: ._globalframetimer
6D85: ._level
6D86: ._maxlevel
6D87: ._velocity
6D8B: ._mapoffset
6D8D: ._jumptrigger
6D8E: ._jumpposition
6D8F: ._playerframe
6D90: ._hudtimer
6D91: ._mapbuffer
6D93: ._int_done
6D94: ._lineno
6D95: ._scrolly
6D96: ._scrolltrigger
6D97: ._hvel
6D9B: ._pleft
6D9C: ._pright
6D9D: ._jumpvalue
6D9E: ._playeranim
6D9F: ._lastframe
6DA0: ._floor
6DA1: ._kemp
6DA2: ._sword
6DA3: ._ssize
6DA4: ._swordframe
6DA5: ._swordkeypressed
6DA6: ._ospraddress
6DA8: ._dead
6DA9: ._t
6DAA: ._fx_ow
6DAB: ._wait
6DAC: ._aSprites
6DAE: ._aSprites.__DATA__.__PTR__
6DB0: ._aSprites.__DATA__
6FB0: .LABEL.__LABEL333
6FB5: .core.ZXBASIC_USER_DATA_END
6FB5: .core.__MAIN_PROGRAM__
6FBF: .LABEL._filename
6FBF: .filename
70FF: .endfilename
70FF: .nbtempstackstart
7102: .shadowlayerbit
7103: .nextbuild_file_end
719A: .LABEL._Restart
71BC: .LABEL.__LABEL0
71D6: .LABEL.__LABEL4
71ED: .LABEL.__LABEL6
720B: .LABEL.__LABEL11
720E: .LABEL.__LABEL8
7223: .LABEL.__LABEL12
723D: .LABEL.__LABEL5
7247: .LABEL.__LABEL3
724A: .LABEL._ThrowData
724A: .ThrowData
7262: .LABEL._ThrowPositions
7280: .LABEL._jumptable
7292: .palbuffdiamond
72B2: .LABEL._map
72B2: .map
77B2: .LABEL._palbuff
77B2: .palbuff
77D2: .LABEL._copper_sample_table
77D2: .copper_sample_table
77F3: .core.__END_PROGRAM
7801: ._checkints
7816: .itbuff
7817: ._checkints__leave
7818: ._ShowLayer2
7824: ._ShowLayer2__leave
7825: ._NextRegA
782E: ._NextRegA__leave
782F: ._InitSprites2
785D: ._InitSprites2__leave
785E: ._RemoveSprite
787F: ._RemoveSprite__leave
7889: ._UpdateSprite
78BD: ._UpdateSprite__leave
78C1: .__EXIT_FUNCTION
78CB: ._CLS256
78D3: .Cls256
78EA: .LoadAll
78F0: .ClearLoop
7913: ._CLS256__leave
791C: ._ClipLayer2
793C: ._ClipLayer2__leave
7948: ._ClipTile
7968: ._ClipTile__leave
7974: ._ClipSprite
7994: ._ClipSprite__leave
79A0: ._WaitRetrace
79BB: ._WaitRetrace__leave
79C4: ._PlaySFX
79C7: ._PlaySFX__leave
79C8: ._InitMusic
7A0B: .aybank1
7A13: .ayseta
7A1F: .aysetde
7A2D: .exitplayerinit
7A39: .ayrepairestack
7A44: .ayplayerstack
7AC4: .playmusicnl
7AF6: .exitplayernl
7B02: .ayrepairestack2
7B03: .re_init_music
7B11: .mustplayernl
7B1B: ._InitMusic__leave
7B1C: ._SetUpIM
7C00: .IM_vector
7D02: ._exit_im_setup
7D09: ._SetUpIM__leave
7D0A: ._ISR
7D35: .no_sfx_to_play
7D3E: .skipfxplayernl
7D4E: .skipmusicplayer
7D64: .out_isr_sp
7DE9: .temp_isr_sp
7DEB: ._ISR__leave
7DEC: .PlaySFX
7DEC: ._PlaySFXSys
7E1C: .AFXPLAY
7E22: .afxBnkAdr
7E30: .afxPlay0
7E41: .afxPlay1
7E5B: ._PlaySFXSys__leave
7E5C: ._InitSFX
7E8C: .AFXINIT
7E99: .afxInit0
7EA8: .afxInit1
7EC7: ._InitSFX__leave
7EC8: .AFXFRAME
7EC8: ._CallbackSFX
7EFD: .afxFrame0
7F35: .afxFrame1
7F44: .afxFrame2
7F48: .afxFrame3
7F4D: .afxFrame4
7F5B: .afxFrame5
7F62: .afxFrame6
7F6E: .afxFrame7
7F9E: ._CallbackSFX__leave
7F9F: ._MultiKeys
7FA4: ._MultiKeys__leave
7FA5: ._GetKeyScanCode
7FB8: ._GetKeyScanCode__leave
7FB9: ._MyCustomISR
7FC4: ._MyCustomISR__leave
7FC5: ._ShowIntroScreen
7FC5: ._ShowIntroScreen__leave
7FC6: ._GetLevel
8028: ._GetLevel__leave
8031: ._ScrollLevel
807A: ._ScrollLevel__leave
8083: ._CheckCollision
80A8: .LABEL.__LABEL21
80C3: .LABEL.__LABEL25
80F5: .LABEL.__LABEL27
8101: .LABEL.__LABEL23
8116: .LABEL.__LABEL298
811F: .LABEL.__LABEL29
8140: .LABEL.__LABEL33
8164: .LABEL.__LABEL37
817C: .LABEL.__LABEL35
8183: .LABEL.__LABEL31
81AB: .LABEL.__LABEL38
81C2: .LABEL.__LABEL39
81D5: .LABEL.__LABEL299
81EB: .LABEL.__LABEL301
821D: .LABEL.__LABEL43
8227: .LABEL.__LABEL45
8233: .LABEL.__LABEL47
823D: .LABEL.__LABEL49
8251: .LABEL.__LABEL55
828C: .LABEL.__LABEL56
828F: .LABEL.__LABEL52
8298: .LABEL.__LABEL54
829B: .LABEL.__LABEL50
82AB: .LABEL.__LABEL64
8303: .LABEL.__LABEL69
8306: .LABEL.__LABEL65
8309: .LABEL.__LABEL61
8312: .LABEL.__LABEL51
8329: .LABEL.__LABEL70
8335: .LABEL.__LABEL71
8352: .LABEL.__LABEL303
8368: .LABEL.__LABEL305
839A: .LABEL.__LABEL73
83A4: .LABEL.__LABEL75
83B0: .LABEL.__LABEL77
83BA: .LABEL.__LABEL79
83E5: .LABEL.__LABEL85
8429: .LABEL.__LABEL89
8437: .LABEL.__LABEL86
843A: .LABEL.__LABEL82
8443: .LABEL.__LABEL84
8446: .LABEL.__LABEL80
8465: .LABEL.__LABEL94
849F: .LABEL.__LABEL96
84A6: .LABEL.__LABEL91
84AF: .LABEL.__LABEL93
84DE: .LABEL.__LABEL81
850C: .LABEL.__LABEL307
8570: .LABEL.__LABEL309
85B0: .LABEL.__LABEL101
85BC: ._CheckCollision__leave
85C1: ._AddThrowbaddy
85E5: .LABEL.__LABEL104
85FD: .LABEL.__LABEL313
8607: .LABEL.__LABEL105
864B: ._AddThrowbaddy__leave
8656: ._processthrows
8674: .LABEL.__LABEL111
870E: .LABEL.__LABEL115
874C: .LABEL.__LABEL112
874F: .LABEL.__LABEL108
8757: ._processthrows__leave
875C: ._ReadKeys
877A: .LABEL.__LABEL118
879D: .LABEL.__LABEL121
87AA: .LABEL.__LABEL122
87B6: .LABEL.__LABEL119
87DA: .LABEL.__LABEL127
87E7: .LABEL.__LABEL128
87F0: .LABEL.__LABEL120
8827: .LABEL.__LABEL134
8834: .LABEL.__LABEL132
886A: .LABEL.__LABEL138
8876: .LABEL.__LABEL136
88AE: .LABEL.__LABEL142
88B7: .LABEL.__LABEL140
88E9: .LABEL.__LABEL146
88EC: .LABEL.__LABEL143
88FB: .LABEL.__LABEL144
8912: .LABEL.__LABEL314
8925: .LABEL.__LABEL152
892D: .LABEL.__LABEL150
8948: .LABEL.__LABEL154
8967: .LABEL.__LABEL315
8974: .LABEL.__LABEL316
898E: .LABEL.__LABEL158
8991: .LABEL.__LABEL155
89A9: .LABEL.__LABEL317
89B7: .LABEL.__LABEL318
89C5: .LABEL.__LABEL156
89DB: .LABEL.__LABEL162
8A11: .LABEL.__LABEL166
8A48: .LABEL.__LABEL168
8A64: .LABEL.__LABEL164
8A72: .LABEL.__LABEL319
8A8E: .LABEL.__LABEL173
8A92: .LABEL.__LABEL172
8AAD: .LABEL.__LABEL175
8AB1: .LABEL.__LABEL176
8ACB: ._ReadKeys__leave
8ACC: ._UpdatePlayer
8B0F: .LABEL.__LABEL183
8B1C: .LABEL.__LABEL184
8B39: ._UpdatePlayer__leave
8B3E: ._pokeBank
8B4D: ._pokeBank__leave
8B4E: ._SetUpNPC
8B70: .LABEL.__LABEL188
8B8D: .LABEL.__LABEL185
8B9C: .LABEL.__LABEL193
8BA3: .LABEL.__LABEL198
8BCF: .LABEL.__LABEL200
8BDE: .LABEL.__LABEL202
8C13: .LABEL.__LABEL204
8C24: .LABEL.__LABEL206
8C44: .LABEL.__LABEL208
8C48: .LABEL.__LABEL201
8C7E: .LABEL.__LABEL211
8C8E: .LABEL.__LABEL195
8C99: .LABEL.__LABEL190
8CAD: ._SetUpNPC__leave
8CB2: ._PalCycle
8CDC: ._PalCycle__leave
8CDD: ._UpdateSprites
8D06: .LABEL.__LABEL214
8D4E: .LABEL.__LABEL219
8D78: .LABEL.__LABEL324
8DFA: .LABEL.__LABEL325
8E22: .LABEL.__LABEL326
8E33: .LABEL.__LABEL227
8E36: .LABEL.__LABEL224
8E63: .LABEL.__LABEL234
8E70: .LABEL.__LABEL235
8E7E: .LABEL.__LABEL233
8E8C: .LABEL.__LABEL223
8EC6: .LABEL.__LABEL327
8F33: .LABEL.__LABEL243
8F3A: .LABEL.__LABEL240
8F54: .LABEL.__LABEL329
8FC5: .LABEL.__LABEL247
8FC8: .LABEL.__LABEL244
8FFA: .LABEL.__LABEL241
903C: .LABEL.__LABEL250
904D: .LABEL.__LABEL239
909F: .LABEL.__LABEL256
90CA: .LABEL.__LABEL257
915A: .LABEL.__LABEL264
9179: .LABEL.__LABEL265
918D: .LABEL.__LABEL268
9191: .LABEL.__LABEL269
9194: .LABEL.__LABEL262
91C4: .LABEL.__LABEL272
91E5: .LABEL.__LABEL273
9210: .LABEL.__LABEL276
9221: .LABEL.__LABEL277
9243: .LABEL.__LABEL278
9265: .LABEL.__LABEL279
9288: .LABEL.__LABEL263
928B: .LABEL.__LABEL260
92A6: .LABEL.__LABEL331
92CB: .LABEL.__LABEL288
92CF: .LABEL.__LABEL259
92D3: .LABEL.__LABEL253
92FF: .LABEL.__LABEL291
9302: .LABEL.__LABEL220
930B: .LABEL.__LABEL217
9311: ._UpdateSprites__leave
9316: ._AddNewSprite
9322: .LABEL.__LABEL292
9345: .LABEL.__LABEL332
934F: .LABEL.__LABEL293
936E: .LABEL.__LABEL296
9372: .LABEL.__LABEL297
9418: ._AddNewSprite__leave
941F: ._SetupTileHW
942C: ._tmuploadloop
9485: ._SetupTileHW__leave
9486: ._CopyToBanks
9492: .copybankloop
94BF: ._CopyToBanks__leave
94C0: ._InitCopperAudio
94E4: ._InitCopperAudio__leave
94E5: ._PlayCopperSample
950A: .playerstack
950D: ._PlayCopperSample__leave
950E: ._SetCopperAudio
9511: ._SetCopperAudio__leave
9512: ._PlayCopperAudio
9515: ._PlayCopperAudio__leave
9516: .CopperSample.set_copper_audio
9516: ._CopperSample
9538: .refresh
9540: .hdmi
9569: .no_loop
9595: .skip
9596: .next
959A: .zone
95A3: .no_split
95C0: .no_zone
95C1: .zone_next
95C9: .return
95CB: .stack
95CF: .CopperSample.play_copper_audio
95F6: .CopperSample.playbankout
95FF: .CopperSample.play_copper_audio2
9603: .CopperSample.copper_audio_config
9623: .CopperSample.copper_audio_control
9627: .CopperSample.copper_out16
9630: .CopperSample.copper_out15
9639: .CopperSample.copper_out14
9642: .CopperSample.copper_out13
964B: .CopperSample.copper_out12
9654: .CopperSample.copper_out11
965D: .CopperSample.copper_out10
9666: .CopperSample.copper_out9
966F: .CopperSample.copper_out8
9678: .CopperSample.copper_out7
9681: .CopperSample.copper_out6
968A: .CopperSample.copper_out5
9693: .CopperSample.copper_out4
969C: .CopperSample.copper_out3
96A5: .CopperSample.copper_out2
96AE: .CopperSample.copper_out1
96B7: .CopperSample.copper_out0
96B8: .CopperSample.copper_split
96C8: .CopperSample.copper_loop
96D6: .loop
96D9: .forever
96DE: .CopperSample.copper_done
96E8: .CopperSample.play_copper_stack
96EC: .CopperSample.vga_50_config
96F7: .CopperSample.vga_60_config
9702: .CopperSample.hdmi_50_config
970D: .CopperSample.hdmi_60_config
9718: .CopperSample.sample_ptr
971A: .CopperSample.sample_pos
971C: .CopperSample.sample_len
971E: .CopperSample.sample_dac
971F: .CopperSample.sample_loop
9720: .CopperSample.sample_bank
9721: .CopperSample.video_lines
9723: .CopperSample.video_timing
9752: .CopperSample.copper_audio_stack
9754: ._CopperSample__leave
9755: .core.__MUL16
976C: .core.__ARRAY_PTR
9770: .core.__ARRAY
97B3: .core.SCREEN_ADDR
97B5: .core.SCREEN_ATTR_ADDR
97B7: .core.CLS
97E6: .core.__EQ16
97EC: .core.INK
9807: .core.INK_TMP
980D: .core.__SUB32
9821: .core.__LEI32
983E: .core.__LTI32
9852: .core.__LEI8
9858: .core.__LTI
9862: .core.PAPER
9880: .core.PAPER_TMP