8000: .core.__START_PROGRAM
8018: .core.__CALL_BACK__
801A: .core.ZXBASIC_MEM_HEAP
801A: .core.ZXBASIC_USER_DATA
881A: ._a
881C: .core.ZXBASIC_USER_DATA_END
881C: .core.__MAIN_PROGRAM__
8854: .core.__END_PROGRAM
8861: ._pos
8865: ._pos__leave
8866: ._csrlin
886A: ._csrlin__leave
886B: ._input
888E: .LABEL.__LABEL3
8895: .LABEL.__LABEL8
88E8: .LABEL.__LABEL13
890B: .LABEL.__LABEL14
8912: .LABEL.__LABEL12
8915: .LABEL.__LABEL9
8939: .LABEL.__LABEL24
8970: .LABEL.__LABEL5
8989: .LABEL.__LABEL21
89D3: .LABEL.__LABEL18
89F3: ._input__leave
8A09: ._PRIVATEInputShowCursor
8A48: ._PRIVATEInputShowCursor__leave
8A4D: ._PRIVATEInputHideCursor
8A8B: ._PRIVATEInputHideCursor__leave
8A90: .LABEL.__LABEL0
8AA2: .LABEL.__LABEL1
8AAF: .LABEL.__LABEL2
8AB1: .LABEL.__LABEL15
8AB4: .LABEL.__LABEL23
8AB7: .core.__ERROR
8ABB: .core.__ERROR_CODE
8ABD: .core.__STOP
8AC1: .core.__MEM_INIT
8AC7: .core.__MEM_INIT2
8AE5: .core.MEM_ALLOC
8AE5: .core.__MEM_ALLOC
8B34: .core.CHR
8B5F: .core.__CHR_END
8B65: .core.SCREEN_ADDR
8B67: .core.SCREEN_ATTR_ADDR
8B69: .core.__IN_SCREEN
8B73: .core.__OUT_OF_SCREEN_ERR
8B78: .core.__ATTR_ADDR
8B89: .core.SET_ATTR
8B90: .core.__SET_ATTR
8B90: .core.__SET_ATTR2
8B9D: .core.__LOAD_S_POSN
8BA9: .core.__SAVE_S_POSN
8BB2: .core.__SET_SCR_PTR
8BCF: .core.JUMP_HL_PLUS_2A
8BD0: .core.JUMP_HL_PLUS_A
8BD3: .core.JUMP_HL_PLUS_DE
8BD8: .core.CALL_HL
8BD9: .core.__zxnbackup_sysvar_bank
8BEF: .core.__zxnbackup_sysvar_bank_restore
8BF4: .core.INK
8C16: .core.INK_TMP
8C1F: .core.PAPER
8C44: .core.PAPER_TMP
8C4D: .core.FLASH
8C50: .core.__SET_FLASH
8C6C: .core.BRIGHT
8C6F: .core.__SET_BRIGHT
8C86: .core.BRIGHT_TMP
8C8B: .core.OVER
8CB9: .core.INVERSE
8CC6: .core.INVERSE_TMP
8CD4: .core.BOLD
8CE1: .core.BOLD_TMP
8CED: .core.ITALIC
8CFA: .core.ITALIC_TMP
8D08: .core.__PRINT_INIT
8D2D: .core.__PRINTCHAR
8D31: .core.__PRINT_CHR
8D6E: .core.__PRGRAPH0
8D8B: .core.PRINT_MODE
8D8C: .core.INVERSE_MODE
8DA5: .core.__PRINT_SPECIAL
8DAC: .core.__PRINT_0Dh
8DBD: .core.__PRINT_EOL_END
8DEE: .core.__PRINT_AT
8DF3: .core.__PRINT_NOP
8DF3: .core.__PRINT_RESTART
8E18: .core.__PRINT_DEL
8E33: .core.__PRINT_INK2
8E3D: .core.__PRINT_PAP2
8E42: .core.__PRINT_FLA
8E47: .core.__PRINT_FLA2
8E4C: .core.__PRINT_BRI
8E51: .core.__PRINT_BRI2
8E56: .core.__PRINT_INV
8E5B: .core.__PRINT_INV2
8E60: .core.__PRINT_OVR
8E65: .core.__PRINT_OVR2
8EBB: .core.PRINT_COMMA
8EC3: .core.PRINT_TAB
8F12: .core.COPY_ATTR
8F56: .core.__EQ16
8F5C: .core.MEM_FREE
8F5C: .core.__MEM_FREE
8FAE: .core.__ILOADSTR
8FB5: .core.__LOADSTR
8FCE: .core.PRINT_EOL_ATTR
8FD4: .core.PRINT_STR
8FD4: .core.__PRINTSTR
8FF9: .core.__PRINT_STR
9001: .core.__REALLOC
9035: .core.__STRASSIGN
9069: .core.__STRCPY
907E: .core.__PISTORE_STR
9082: .core.__ISTORE_STR
9086: .core.__STORE_STR
9096: .core.__PSTORE_STR
909D: .core.__PISTORE_STR2
90A1: .core.__ISTORE_STR2
90A5: .core.__STORE_STR2
90B5: .core.__PSTORE_STR2
90BC: .core.__STRLEN
90C4: .core.__ADDSTR
90C4: .core.__STRCAT2
90ED: .core.__STR_CONT1
90F6: .core.__STRCAT
9119: .core.__STRSLICE
911D: .core.__STRSLICE_FAST