8000: .core.__START_PROGRAM
8012: .core.__CALL_BACK__
8014: ._y
8014: .core.ZXBASIC_USER_DATA
8015: ._key
8016: ._pcounter
8017: ._pcounter2
8018: ._position
8019: ._sx
801A: ._sy
801B: ._dg
801C: ._dh
801D: ._delay
801E: ._delay2
801F: ._timer
8020: ._timer3
8021: ._col
8022: ._sadd
8023: ._a
8025: ._x
8027: ._ab
8028: ._s
8029: ._coppere_xdelta
802A: ._copperi
802B: ._copperb
802C: ._copper_line
802D: ._copperc
802E: ._copperd
802F: ._coppere_ydelta
8030: ._copperj
8031: .core.ZXBASIC_USER_DATA_END
8031: .core.__MAIN_PROGRAM__
803B: .LABEL._filename
803B: .filename
817B: .endfilename
817B: .nbtempstackstart
817E: .shadowlayerbit
817F: .nextbuild_file_end
81C4: .LABEL.__LABEL3
81CD: .LABEL.__LABEL8
81EA: .LABEL.__LABEL5
81FF: .LABEL.__LABEL0
820F: .LABEL.__LABEL13
8218: .LABEL.__LABEL18
8237: .LABEL.__LABEL15
824C: .LABEL.__LABEL10
826D: .doloopme
827C: .startup
828E: .irq
8310: .LABEL.__LABEL21
8348: .LABEL.__LABEL22
8364: .LABEL.__LABEL54
8382: .LABEL.__LABEL24
8398: .LABEL.__LABEL55
83A8: .LABEL.__LABEL26
83BE: .LABEL.__LABEL56
83CE: .LABEL.__LABEL28
83E4: .LABEL.__LABEL57
83F4: .LABEL.__LABEL30
840A: .LABEL.__LABEL58
841A: .LABEL.__LABEL32
8431: .LABEL.__LABEL59
8439: .LABEL.__LABEL25
8476: .LABEL.__LABEL36
847A: .LABEL.__LABEL37
847D: .LABEL._rand_num1
847D: .rand_num
847F: .LABEL._sintable
86FF: .LABEL._sintable2
88FF: .LABEL._wavea
88FF: .test_waveforma
88FF: .wavea
891F: .LABEL._waveb
891F: .test_waveformb
891F: .waveb
893F: .LABEL._wavec
893F: .test_waveformc
895F: .LABEL._font
895F: .font.font
8C5F: .LABEL._tiles
8C5F: .tiletable
8D0F: .palbuff
8D2F: .LABEL._msg1
8D35: .LABEL._msg2
8D3D: .LABEL._sintable3
8D3D: .sintable3
8F3D: .cycle_palette
8F7D: .core.__END_PROGRAM
8F8B: ._checkints
8FA0: .itbuff
8FA1: ._checkints__leave
8FA2: ._GetReg
8FB4: ._GetReg__leave
8FBD: ._ShowLayer2
8FC9: ._ShowLayer2__leave
8FCA: ._PlotL2
8FD3: .LABEL._LayerShadow
8FDD: .skip_wrap2
8FE2: ._PlotL2__leave
8FE3: ._NextRegA
8FEC: ._NextRegA__leave
8FED: ._InitSprites2
901B: ._InitSprites2__leave
901C: ._UpdateSprite
9050: ._UpdateSprite__leave
9054: .__EXIT_FUNCTION
905E: ._CLS256
9066: .Cls256
907D: .LoadAll
9083: .ClearLoop
90A6: ._CLS256__leave
90AF: ._ClipLayer2
90CF: ._ClipLayer2__leave
90DB: ._ClipTile
90FB: ._ClipTile__leave
9107: ._GetKeyScanCode
911A: ._GetKeyScanCode__leave
911B: ._setpsgclock
911F: ._setpsgclock__leave
9120: ._draw_sprites
9140: .LABEL.__LABEL41
91C9: .LABEL.__LABEL43
91CD: .LABEL.__LABEL44
91E9: .LABEL.__LABEL48
91ED: .LABEL.__LABEL46
9224: .LABEL.__LABEL38
922F: ._draw_sprites__leave
9234: ._pal_cycle
925E: ._pal_cycle__leave
925F: ._rand
925F: .rnd
927D: ._rand__leave
927E: ._ScrollerInit
9281: ._ScrollerInit__leave
9282: ._SetupTileHW
928F: ._tmuploadloop
92E2: ._SetupTileHW__leave
92E3: ._MetaTile
92FE: .bringback
9306: .tilemaploop
9316: ._MetaTile__leave
9317: ._DrawMetaTable
9344: .LABEL.__LABEL52
9373: .LABEL.__LABEL49
9383: ._DrawMetaTable__leave
938E: ._Scroller
9395: .Scroller.inituscroll
93A1: .Scroller.updateuscroll
93A7: .Scroller.newuchar
93B4: .Scroller.loopumsg
93BA: .Scroller.getuglyph
93CC: .Scroller.scroll
93D4: .Scroller.nextrow
93DB: .Scroller.scrollrow
93E7: .Scroller.replicate
93F3: .Scroller.left
93FD: .Scroller.rep_loop
9401: .Scroller.SPRITE_CONTROL_NR_15
9401: .Scroller.copy_line
9420: .Scroller.overadd
942D: .Scroller.startline
942E: .Scroller.counter
942F: .Scroller.tempchar
9437: .Scroller.scrollupos
9439: .Scroller.pixucount
943A: .Scroller.message
972B: .Scroller.sintimer
972C: .Scroller.sintable
992C: ._Scroller__leave
992D: ._copper_wobble
992D: .copper_wobble
9943: .cop_upload_copper_lineoopa
99DE: .cop_upload_copper_lineoopb
9A5F: ._copper_wobble__leave
9A5F: .wait_raster_copper_lineine
9A60: .core.__EQ16