6000: .core.__START_PROGRAM
6018: .core.__CALL_BACK__
601A: .core.ZXBASIC_MEM_HEAP
601A: .core.ZXBASIC_USER_DATA
681A: ._n
681B: ._v
681C: ._m
681D: ._t
681E: ._count
681F: ._count2
6820: ._ca
6821: ._cb
6822: ._k
6824: ._keydown
6825: ._y
6826: ._bo
6828: .core.ZXBASIC_USER_DATA_END
6828: .core.__MAIN_PROGRAM__
682B: .nbtempstackstart
6835: .LABEL._filename
6835: .filename
6975: .endfilename
6975: .shadowlayerbit
6976: .nextbuild_file_end
698B: .LABEL.__LABEL0
69BB: .LABEL.__LABEL7
6A19: .LABEL.__LABEL4
6A25: .LABEL.__LABEL2
6A29: .LABEL.__LABEL3
6A62: .LABEL.__LABEL12
6A79: .LABEL.__LABEL13
6A7C: .LABEL.__LABEL9
6A8E: .LABEL.__LABEL10
6A96: .LABEL._image_band
6A9B: .LABEL._image_box
6AA0: .LABEL._image_circle
6AA5: .LABEL._image_robo
6AAA: .LABEL._image_smallflag
6AAF: .LABEL._image_cards
6AB4: .LABEL._sin_table
6CB4: .LABEL._delay_table
6CD7: .core.__END_PROGRAM
6CE5: ._checkints
6CFA: .itbuff
6CFB: ._checkints__leave
6CFC: ._DrawImage
6D06: .ImagePlot.straight_plot
6D25: .ImagePlot._no_trans
6D5C: .add1
6D5F: .line1
6D6D: .ImagePlot._was_not_zero
6D6E: .ImagePlot._trans_patch
6D8B: .ImagePlot.get_xy_pos_l2
6D9A: .ImagePlot.image_plot_done
6DA2: ._DrawImage__leave
6DAF: ._CLS256
6DB7: .Cls256
6DCE: .LoadAll
6DD4: .ClearLoop
6DF7: ._CLS256__leave
6E00: ._WaitRetrace2
6E21: ._WaitRetrace2__leave
6E22: .LABEL.__LABEL11
6E25: .LABEL.__LABEL14
6E28: .LABEL.__LABEL17
6E2A: .core.SCREEN_ADDR
6E2C: .core.SCREEN_ATTR_ADDR
6E2E: .core.__ERROR
6E32: .core.__ERROR_CODE
6E34: .core.__STOP
6E38: .core.__IN_SCREEN
6E42: .core.__OUT_OF_SCREEN_ERR
6E47: .core.__ATTR_ADDR
6E58: .core.SET_ATTR
6E5F: .core.__SET_ATTR
6E5F: .core.__SET_ATTR2
6E6C: .core.__LOAD_S_POSN
6E78: .core.__SAVE_S_POSN
6E81: .core.__SET_SCR_PTR
6E9E: .core.JUMP_HL_PLUS_2A
6E9F: .core.JUMP_HL_PLUS_A
6EA2: .core.JUMP_HL_PLUS_DE
6EA7: .core.CALL_HL
6EA8: .core.__zxnbackup_sysvar_bank
6EBE: .core.__zxnbackup_sysvar_bank_restore
6EC3: .core.INK
6EE5: .core.INK_TMP
6EEE: .core.PAPER
6F13: .core.PAPER_TMP
6F1C: .core.FLASH
6F1F: .core.__SET_FLASH
6F36: .core.FLASH_TMP
6F3B: .core.BRIGHT
6F3E: .core.__SET_BRIGHT
6F55: .core.BRIGHT_TMP
6F5A: .core.OVER
6F70: .core.OVER_TMP
6F88: .core.INVERSE
6F95: .core.INVERSE_TMP
6FA3: .core.BOLD
6FB0: .core.BOLD_TMP
6FBC: .core.ITALIC
6FC9: .core.ITALIC_TMP
6FD7: .core.__PRINT_INIT
6FFC: .core.__PRINTCHAR
7000: .core.__PRINT_CHR
703D: .core.__PRGRAPH0
705A: .core.PRINT_MODE
705B: .core.INVERSE_MODE
7074: .core.__PRINT_SPECIAL
707B: .core.__PRINT_0Dh
708C: .core.__PRINT_EOL_END
70BD: .core.__PRINT_AT
70C2: .core.__PRINT_NOP
70C2: .core.__PRINT_RESTART
70E7: .core.__PRINT_DEL
7102: .core.__PRINT_INK2
710C: .core.__PRINT_PAP2
7111: .core.__PRINT_FLA
7116: .core.__PRINT_FLA2
711B: .core.__PRINT_BRI
7120: .core.__PRINT_BRI2
7125: .core.__PRINT_INV
712A: .core.__PRINT_INV2
712F: .core.__PRINT_OVR
7134: .core.__PRINT_OVR2
718A: .core.PRINT_COMMA
7192: .core.PRINT_TAB
71E1: .core.COPY_ATTR
7225: .core.__DIVU8
7227: .core.__DIVU8_FAST
722C: .core.__DIV8LOOP
7234: .core.__DIV8NOSUB
7239: .core.__DIVI8
723B: .core.__DIVI8_FAST
7243: .core.__DIV8A
724C: .core.__DIV8B
7257: .core.__MODU8
7259: .core.__MODU8_FAST
725E: .core.__MODI8
7260: .core.__MODI8_FAST
7265: .core.__MEM_INIT
726B: .core.__MEM_INIT2
7289: .core.MEM_ALLOC
7289: .core.__MEM_ALLOC
72D8: .core.INKEY
7305: .core.__MUL16
731C: .core.__PRINTU_START
732F: .core.__PRINT_MINUS
7334: .core.__PRINTI8
733F: .core.__PRINTU8
7355: .core.MEM_FREE
7355: .core.__MEM_FREE
73A7: .core.__PISTORE_STR2
73AB: .core.__ISTORE_STR2
73AF: .core.__STORE_STR2
73BF: .core.__STR_ISNULL
73C5: .core.__STRCMP
7407: .core.__STREQ
7414: .core.__STRNE
741E: .core.__STRLT
742C: .core.__STRLE
7437: .core.__STRGT
7445: .core.__STRGE
744D: .core.__FREE_STR