6000: .core.__START_PROGRAM
6015: .core.__CALL_BACK__
6017: .core.ZXBASIC_MEM_HEAP
6017: .core.ZXBASIC_USER_DATA
6817: ._n
6818: ._v
6819: ._m
681A: ._t
681B: ._count
681C: ._count2
681D: ._ca
681E: ._cb
681F: ._k
6821: ._keydown
6822: ._y
6823: ._t2
6828: ._bo
682A: .core.ZXBASIC_USER_DATA_END
682A: .core.__MAIN_PROGRAM__
682D: .nbtempstackstart
6837: .LABEL._filename
6837: .filename
6977: .endfilename
6977: .shadowlayerbit
6978: .nextbuild_file_end
698D: .LABEL.__LABEL0
69A0: .LABEL.__LABEL7
69FD: .LABEL.__LABEL4
6A09: .LABEL.__LABEL2
6A0D: .LABEL.__LABEL3
6A41: .LABEL.__LABEL9
6A58: .LABEL.__LABEL10
6A83: .LABEL.__LABEL14
6A9A: .LABEL.__LABEL15
6A9D: .LABEL.__LABEL11
6AAF: .LABEL.__LABEL12
6AB7: .LABEL._image_band
6ABC: .LABEL._image_box
6AC1: .LABEL._image_circle
6AC6: .LABEL._image_robo
6ACB: .LABEL._image_smallflag
6AD0: .LABEL._image_cards
6AD5: .LABEL._sin_table
6CD5: .LABEL._delay_table
6CF8: .core.__END_PROGRAM
6D06: ._checkints
6D1B: .itbuff
6D1C: ._checkints__leave
6D1D: ._DrawImage
6D27: .ImagePlot.straight_plot
6D46: .ImagePlot._no_trans
6D7D: .add1
6D80: .line1
6D8E: .ImagePlot._was_not_zero
6D8F: .ImagePlot._trans_patch
6DAC: .ImagePlot.get_xy_pos_l2
6DBB: .ImagePlot.image_plot_done
6DC3: ._DrawImage__leave
6DD0: ._CLS256
6DD8: .Cls256
6DEF: .LoadAll
6DF5: .ClearLoop
6E18: ._CLS256__leave
6E21: ._WaitRetrace2
6E42: ._WaitRetrace2__leave
6E43: .LABEL.__LABEL13
6E46: .LABEL.__LABEL16
6E49: .LABEL.__LABEL19
6E4B: .core.__DIVU8
6E4D: .core.__DIVU8_FAST
6E52: .core.__DIV8LOOP
6E5A: .core.__DIV8NOSUB
6E5F: .core.__DIVI8
6E61: .core.__DIVI8_FAST
6E69: .core.__DIV8A
6E72: .core.__DIV8B
6E7D: .core.__MODU8
6E7F: .core.__MODU8_FAST
6E84: .core.__MODI8
6E86: .core.__MODI8_FAST
6E8B: .core.__ABS32
6E8E: .core.__NEG32
6EA0: .core.__I8TOFREG
6EA6: .core.__I32TOFREG
6EB4: .core.__U8TOFREG
6EB9: .core.__U32TOFREG
6ECD: .core.__U32TOFREG_LOOP
6EEF: .core.__FTOU32REG
6F0C: .core.__FTOU32REG_LOOP
6F20: .core.__FTOU32REG_END
6F38: .core.__FTOU8
6F3D: .core.__FPSTACK_PUSH2
6F4E: .core.__FPSTACK_I16
6F59: .core.__EQF
6F67: .core.__ERROR
6F6B: .core.__ERROR_CODE
6F6D: .core.__STOP
6F71: .core.__MEM_INIT
6F77: .core.__MEM_INIT2
6F95: .core.MEM_ALLOC
6F95: .core.__MEM_ALLOC
6FE4: .core.INKEY
7011: .core.__MUL16
7028: .core.__FP_PUSH_REV
703B: .core.__PISTOREF
7042: .core.__ISTOREF
7048: .core.__STOREF
7052: .core.MEM_FREE
7052: .core.__MEM_FREE
70A4: .core.__PISTORE_STR2
70A8: .core.__ISTORE_STR2
70AC: .core.__STORE_STR2
70BC: .core.__STR_ISNULL
70C2: .core.__STRCMP
7104: .core.__STREQ
7111: .core.__STRNE
711B: .core.__STRLT
7129: .core.__STRLE
7134: .core.__STRGT
7142: .core.__STRGE
714A: .core.__FREE_STR
7160: .core.__zxnbackup_sysvar_bank
7176: .core.__zxnbackup_sysvar_bank_restore
717B: .core.__SUBF