6000: .core.__START_PROGRAM
6012: .core.__CALL_BACK__
6014: ._n
6014: .core.ZXBASIC_USER_DATA
6015: ._n1
6016: ._t
6017: ._t1
6018: ._t2
6019: ._y
601A: ._xoff
601B: ._x
601C: ._bo
601E: .core.ZXBASIC_USER_DATA_END
601E: .core.__MAIN_PROGRAM__
6021: .nbtempstackstart
602B: .LABEL._filename
602B: .filename
616B: .endfilename
616B: .shadowlayerbit
616C: .nextbuild_file_end
6181: .LABEL.__LABEL0
6234: .LABEL.__LABEL2
6238: .LABEL.__LABEL3
6257: .LABEL.__LABEL4
625B: .LABEL.__LABEL5
6267: .LABEL._image_box
626C: .LABEL._image_circle
6271: .LABEL._sin_table
6474: .core.__END_PROGRAM
6482: ._checkints
6497: .itbuff
6498: ._checkints__leave
6499: ._DrawImage
64A3: .ImagePlot.straight_plot
64C2: .ImagePlot._no_trans
64F9: .add1
64FC: .line1
650A: .ImagePlot._was_not_zero
650B: .ImagePlot._trans_patch
6528: .ImagePlot.get_xy_pos_l2
6537: .ImagePlot.image_plot_done
653F: ._DrawImage__leave
654C: ._CLS256
6554: .Cls256
656B: .LoadAll
6571: .ClearLoop
6594: ._CLS256__leave
659D: ._WaitRetrace2
65BE: ._WaitRetrace2__leave
65BF: .core.__DIVU8
65C1: .core.__DIVU8_FAST
65C6: .core.__DIV8LOOP
65CE: .core.__DIV8NOSUB
65D3: .core.__DIVI8
65D5: .core.__DIVI8_FAST
65DD: .core.__DIV8A
65E6: .core.__DIV8B
65F1: .core.__MODU8
65F3: .core.__MODU8_FAST
65F8: .core.__MODI8
65FA: .core.__MODI8_FAST
65FF: .core.__MUL16