6000: .core.__START_PROGRAM
6012: .core.__CALL_BACK__
6014: ._n
6014: .core.ZXBASIC_USER_DATA
6015: ._x
6016: ._card
6017: ._bo
6019: .core.ZXBASIC_USER_DATA_END
6019: .core.__MAIN_PROGRAM__
601C: .nbtempstackstart
6026: .LABEL._filename
6026: .filename
6166: .endfilename
6166: .shadowlayerbit
6167: .nextbuild_file_end
617C: .LABEL.__LABEL0
61D4: .LABEL._image_pirate
61D9: .LABEL._image_128
61DE: .LABEL._image_robo
61E3: .LABEL._image_smallflag
61E8: .LABEL._image_cards
61F0: .core.__END_PROGRAM
61FE: ._checkints
6213: .itbuff
6214: ._checkints__leave
6215: ._DrawImage
621F: .ImagePlot.straight_plot
623E: .ImagePlot._no_trans
6275: .add1
6278: .line1
6286: .ImagePlot._was_not_zero
6287: .ImagePlot._trans_patch
62A4: .ImagePlot.get_xy_pos_l2
62B3: .ImagePlot.image_plot_done
62BB: ._DrawImage__leave
62C8: ._CLS256
62D0: .Cls256
62E7: .LoadAll
62ED: .ClearLoop
6310: ._CLS256__leave
6319: ._WaitRetrace
632D: ._WaitRetrace__leave
632E: .core.__DIVU8
6330: .core.__DIVU8_FAST
6335: .core.__DIV8LOOP
633D: .core.__DIV8NOSUB
6342: .core.__DIVI8
6344: .core.__DIVI8_FAST
634C: .core.__DIV8A
6355: .core.__DIV8B
6360: .core.__MODU8
6362: .core.__MODU8_FAST
6367: .core.__MODI8
6369: .core.__MODI8_FAST
636E: .core.__MUL16