6000: .core.__START_PROGRAM
6015: .core.__CALL_BACK__
6017: .core.ZXBASIC_MEM_HEAP
6017: .core.ZXBASIC_USER_DATA
6817: ._n
6818: ._v
6819: ._m
681A: ._t
681B: ._count
681C: ._count2
681D: ._ca
681E: ._cb
681F: ._k
6821: ._keydown
6822: ._y
6823: ._bo
6825: .core.ZXBASIC_USER_DATA_END
6825: .core.__MAIN_PROGRAM__
6828: .nbtempstackstart
6832: .LABEL._filename
6832: .filename
6972: .endfilename
6972: .shadowlayerbit
6973: .nextbuild_file_end
6988: .LABEL.__LABEL0
699B: .LABEL.__LABEL7
69FE: .LABEL.__LABEL4
6A0A: .LABEL.__LABEL2
6A0E: .LABEL.__LABEL3
6A47: .LABEL.__LABEL12
6A5E: .LABEL.__LABEL13
6A61: .LABEL.__LABEL9
6A73: .LABEL.__LABEL10
6A7B: .LABEL._image_band
6A80: .LABEL._image_box
6A85: .LABEL._image_circle
6A8A: .LABEL._image_robo
6A8F: .LABEL._image_smallflag
6A94: .LABEL._image_cards
6A99: .LABEL._sin_table
6C99: .LABEL._delay_table
6CBC: .core.__END_PROGRAM
6CCA: ._checkints
6CDF: .itbuff
6CE0: ._checkints__leave
6CE1: ._DrawImage
6CEB: .ImagePlot.straight_plot
6D0A: .ImagePlot._no_trans
6D41: .add1
6D44: .line1
6D52: .ImagePlot._was_not_zero
6D53: .ImagePlot._trans_patch
6D70: .ImagePlot.get_xy_pos_l2
6D7F: .ImagePlot.image_plot_done
6D87: ._DrawImage__leave
6D94: ._CLS256
6D9C: .Cls256
6DB3: .LoadAll
6DB9: .ClearLoop
6DDC: ._CLS256__leave
6DE5: ._WaitRetrace2
6E06: ._WaitRetrace2__leave
6E07: .LABEL.__LABEL11
6E0A: .LABEL.__LABEL14
6E0D: .LABEL.__LABEL17
6E0F: .core.__DIVU8
6E11: .core.__DIVU8_FAST
6E16: .core.__DIV8LOOP
6E1E: .core.__DIV8NOSUB
6E23: .core.__DIVI8
6E25: .core.__DIVI8_FAST
6E2D: .core.__DIV8A
6E36: .core.__DIV8B
6E41: .core.__MODU8
6E43: .core.__MODU8_FAST
6E48: .core.__MODI8
6E4A: .core.__MODI8_FAST
6E4F: .core.__ERROR
6E53: .core.__ERROR_CODE
6E55: .core.__STOP
6E59: .core.__MEM_INIT
6E5F: .core.__MEM_INIT2
6E7D: .core.MEM_ALLOC
6E7D: .core.__MEM_ALLOC
6ECC: .core.INKEY
6EF9: .core.__MUL16
6F10: .core.MEM_FREE
6F10: .core.__MEM_FREE
6F62: .core.__PISTORE_STR2
6F66: .core.__ISTORE_STR2
6F6A: .core.__STORE_STR2
6F7A: .core.__STR_ISNULL
6F80: .core.__STRCMP
6FC2: .core.__STREQ
6FCF: .core.__STRNE
6FD9: .core.__STRLT
6FE7: .core.__STRLE
6FF2: .core.__STRGT
7000: .core.__STRGE
7008: .core.__FREE_STR