8000: .core.__START_PROGRAM
8018: .core.__CALL_BACK__
801A: .core.ZXBASIC_MEM_HEAP
801A: .core.ZXBASIC_USER_DATA
881A: ._key
881B: ._timer
881C: ._oldpos
881D: ._sample
881E: ._pattern_position
881F: ._play
8820: ._sam
8821: ._t
8822: ._a
8824: ._samples
8826: ._samples.__DATA__.__PTR__
8828: ._samples.__DATA__
883A: .LABEL.__LABEL55
883D: .core.ZXBASIC_USER_DATA_END
883D: .core.__MAIN_PROGRAM__
8840: .nbtempstackstart
884A: .LABEL._filename
884A: .filename
898A: .endfilename
898A: .shadowlayerbit
898B: .nextbuild_file_end
89F1: .LABEL._nasty
89FD: .LABEL.__LABEL6
8A24: .LABEL.__LABEL51
8A2E: .LABEL.__LABEL8
8A32: .LABEL.__LABEL9
8A48: .LABEL.__LABEL52
8A73: .LABEL.__LABEL12
8A80: .LABEL.__LABEL13
8A83: .LABEL.__LABEL10
8A94: .LABEL.__LABEL11
8AB2: .LABEL.__LABEL53
8ACA: .LABEL.__LABEL18
8ADF: .LABEL.__LABEL20
8AF4: .LABEL.__LABEL22
8B09: .LABEL.__LABEL24
8B1B: .LABEL.__LABEL19
8B4F: .LABEL.__LABEL17
8B62: .LABEL.__LABEL54
8B8F: .LABEL.__LABEL29
8BAC: .LABEL.__LABEL31
8BAF: .LABEL._pattern
8BAF: .pat1
8BC0: .pat2
8BD1: .pat3
8BE2: .pattern_order
8BF2: .LABEL._copper_sample_table
8BF2: .copper_sample_table
8C19: .core.__END_PROGRAM
8C27: ._checkints
8C3C: .itbuff
8C3D: ._checkints__leave
8C3E: ._WaitRetrace2
8C5F: ._WaitRetrace2__leave
8C60: ._WaitKey
8C9C: .exit_wait_key
8C9D: ._WaitKey__leave
8C9E: ._GetKeyScanCode
8CB1: ._GetKeyScanCode__leave
8CB2: ._Play_Music
8CB5: ._Play_Music__leave
8CB6: ._Init_Music
8CB9: ._Init_Music__leave
8CBA: ._Mute_Music
8CBD: ._Mute_Music__leave
8CBE: .Music.setupmusic
8CBE: ._music
8CC9: .Music.playframe
8CD1: .Music.mutemusic
8CD9: .finished
8CE3: .Music.setbanks
8CED: ._music__leave
8CEE: ._GetNextSample
8D98: .LABEL.__LABEL37
8DA6: .LABEL.__LABEL38
8DAF: ._GetNextSample__leave
8DB0: ._draw_pattern
8DD8: .LABEL.__LABEL45
8E0D: .LABEL.__LABEL46
8E10: .LABEL.__LABEL42
8E18: ._draw_pattern__leave
8E21: ._update_pattern
8E67: ._update_pattern__leave
8E68: ._InitCopperAudio
8E8D: ._InitCopperAudio__leave
8E8E: ._PlayCopperSample
8EB3: .playerstack
8EB6: ._PlayCopperSample__leave
8EB7: ._SetCopperAudio
8EBA: ._SetCopperAudio__leave
8EBB: ._PlayCopperAudio
8EBE: ._PlayCopperAudio__leave
8EBF: ._CopperWaitLine
8EBF: .wait_line
8EC8: .msb
8ED3: .lsb
8EDA: ._CopperWaitLine__leave
8EDB: .CopperSample.set_copper_audio
8EDB: ._CopperSample
8EFE: .refresh
8F06: .hdmi
8F2F: .no_loop
8F5B: .skip
8F5C: .next
8F60: .zone
8F69: .no_split
8F86: .no_zone
8F87: .zone_next
8F8F: .return
8F91: .stack
8F95: .CopperSample.play_copper_audio
8FAB: .CopperSample.play_copper_audio2
8FAF: .CopperSample.copper_audio_config
8FCF: .CopperSample.copper_audio_control
8FD3: .CopperSample.copper_out16
8FDC: .CopperSample.copper_out15
8FE5: .CopperSample.copper_out14
8FEE: .CopperSample.copper_out13
8FF7: .CopperSample.copper_out12
9000: .CopperSample.copper_out11
9009: .CopperSample.copper_out10
9012: .CopperSample.copper_out9
901B: .CopperSample.copper_out8
9024: .CopperSample.copper_out7
902D: .CopperSample.copper_out6
9036: .CopperSample.copper_out5
903F: .CopperSample.copper_out4
9048: .CopperSample.copper_out3
9051: .CopperSample.copper_out2
905A: .CopperSample.copper_out1
9063: .CopperSample.copper_out0
9064: .CopperSample.copper_split
9074: .CopperSample.copper_loop
9082: .loop
9085: .forever
908A: .CopperSample.copper_done
9094: .CopperSample.play_copper_stack
9099: .CopperSample.vga_50_config
90A4: .CopperSample.vga_60_config
90AF: .CopperSample.hdmi_50_config
90BA: .CopperSample.hdmi_60_config
90C5: .CopperSample.sample_ptr
90C7: .CopperSample.sample_pos
90C9: .CopperSample.sample_len
90CB: .CopperSample.sample_dac
90CC: .CopperSample.sample_loop
90CD: .CopperSample.sample_bank
90CE: .CopperSample.video_lines
90D0: .CopperSample.video_timing
90FF: .CopperSample.copper_audio_stack
9101: ._CopperSample__leave
9102: .LABEL.__LABEL0
910A: .LABEL.__LABEL1
9116: .LABEL.__LABEL2
9123: .LABEL.__LABEL3
912F: .LABEL.__LABEL4
9138: .LABEL.__LABEL5
9146: .LABEL.__LABEL34
914B: .LABEL.__LABEL35
914F: .LABEL.__LABEL49
9152: .LABEL.__LABEL50
9155: .core.__MUL16
9158: .core.__MUL16_FAST
916C: .core.__ARRAY_PTR
9170: .core.__ARRAY
91B3: .core.SCREEN_ADDR
91B5: .core.SCREEN_ATTR_ADDR
91B7: .core.__ERROR
91BB: .core.__ERROR_CODE
91BD: .core.__STOP
91C1: .core.__IN_SCREEN
91CB: .core.__OUT_OF_SCREEN_ERR
91D0: .core.__ATTR_ADDR
91E1: .core.SET_ATTR
91E8: .core.__SET_ATTR
91E8: .core.__SET_ATTR2
91F5: .core.__LOAD_S_POSN
9201: .core.__SAVE_S_POSN
920A: .core.__SET_SCR_PTR
9227: .core.__zxnbackup_sysvar_bank
923D: .core.__zxnbackup_sysvar_bank_restore
9242: .core.CLS
9276: .core.JUMP_HL_PLUS_2A
9277: .core.JUMP_HL_PLUS_A
927A: .core.JUMP_HL_PLUS_DE
927F: .core.CALL_HL
9280: .core.INK
92AB: .core.PAPER
92D0: .core.PAPER_TMP
92D9: .core.FLASH
92DC: .core.__SET_FLASH
92F3: .core.FLASH_TMP
92F8: .core.BRIGHT
92FB: .core.__SET_BRIGHT
9312: .core.BRIGHT_TMP
9317: .core.OVER
9345: .core.INVERSE
9352: .core.INVERSE_TMP
9360: .core.BOLD
936D: .core.BOLD_TMP
9379: .core.ITALIC
9386: .core.ITALIC_TMP
9394: .core.__PRINT_INIT
93B9: .core.__PRINTCHAR
93BD: .core.__PRINT_CHR
93FA: .core.__PRGRAPH0
9417: .core.PRINT_MODE
9418: .core.INVERSE_MODE
9431: .core.__PRINT_SPECIAL
9438: .core.__PRINT_0Dh
9449: .core.__PRINT_EOL_END
947A: .core.__PRINT_AT
947F: .core.__PRINT_NOP
947F: .core.__PRINT_RESTART
94A4: .core.__PRINT_DEL
94BF: .core.__PRINT_INK2
94C9: .core.__PRINT_PAP2
94CE: .core.__PRINT_FLA
94D3: .core.__PRINT_FLA2
94D8: .core.__PRINT_BRI
94DD: .core.__PRINT_BRI2
94E2: .core.__PRINT_INV
94E7: .core.__PRINT_INV2
94EC: .core.__PRINT_OVR
94F1: .core.__PRINT_OVR2
9547: .core.PRINT_COMMA
954F: .core.PRINT_TAB
959E: .core.COPY_ATTR
95E2: .core.__EQ16
95E8: .core.__MEM_INIT
95EE: .core.__MEM_INIT2
960C: .core.MEM_ALLOC
960C: .core.__MEM_ALLOC
965B: .core.__ILOADSTR
9662: .core.__LOADSTR
967B: .core.MEM_FREE
967B: .core.__MEM_FREE
96CD: .core.PRINT_STR
96CD: .core.__PRINTSTR
96F2: .core.__PRINT_STR
96FA: .core.__PRINTU_START
970D: .core.__PRINT_MINUS
9712: .core.__ABS16
9715: .core.__NEGHL
971D: .core.__DIVU16
971D: .core.__DIVU16_FAST
9724: .core.__DIV16LOOP
972F: .core.__DIV16NOADD
9735: .core.__MODU16
973A: .core.__DIVI16
973A: .core.__DIVI16_FAST
9748: .core.__DIVI16A
974D: .core.__DIVI16B
9756: .core.__MODI16
975B: .core.__PRINTI16
977D: .core.__DIVU8
977F: .core.__DIVU8_FAST
9784: .core.__DIV8LOOP
978C: .core.__DIV8NOSUB
9791: .core.__DIVI8
9793: .core.__DIVI8_FAST
979B: .core.__DIV8A
97A4: .core.__DIV8B
97AF: .core.__MODU8
97B1: .core.__MODU8_FAST
97B6: .core.__MODI8
97B8: .core.__MODI8_FAST
97BD: .core.__PRINTI8
97C8: .core.__PRINTU8
97DE: .core.__REALLOC
9812: .core.__STRASSIGN
9846: .core.__STRCPY
985B: .core.__PISTORE_STR
985F: .core.__ISTORE_STR
9863: .core.__STORE_STR