8000: .core.__START_PROGRAM
8015: .core.__CALL_BACK__
8017: ._key
8017: .core.ZXBASIC_USER_DATA
8018: ._timer
8019: ._oldpos
801A: ._sample
801B: ._pattern_position
801C: ._pattern_position_index
801D: ._play
801E: ._t
801F: ._pattern_order_index
8021: ._pattern_index
8023: ._sampleplay_position
8024: ._last_sample_y
8025: .core.ZXBASIC_USER_DATA_END
8025: .core.__MAIN_PROGRAM__
802F: .LABEL._filename
802F: .filename
816F: .endfilename
816F: .nbtempstackstart
8172: .shadowlayerbit
8173: .nextbuild_file_end
81B4: .LABEL._nasty
81B8: .startup
81C7: .irq
8232: .LABEL.__LABEL0
8249: .LABEL.__LABEL31
8253: .LABEL.__LABEL2
8257: .LABEL.__LABEL3
826F: .LABEL.__LABEL4
8273: .LABEL.__LABEL5
8276: .LABEL._pattern
8276: .pat1
8287: .pat2
82C8: .pat3
8309: .pat4
834A: .LABEL._pattern_order
834A: .pattern_order
8378: .LABEL._copper_sample_table
8378: .copper_sample_table
8396: .LABEL._wavea
8396: .test_waveforma
8396: .wavea
83B6: .LABEL._waveb
83B6: .test_waveformb
83B6: .waveb
83D6: .LABEL._wavec
83D6: .test_waveformc
83F6: .noduty_waveform
8416: .muted_waveform
8439: .core.__END_PROGRAM
8447: ._checkints
845C: .itbuff
845D: ._checkints__leave
845E: ._NextRegA
8467: ._NextRegA__leave
8468: ._Play_Music
846B: ._Play_Music__leave
846C: .Music.setupmusic
846C: ._music
8477: .Music.playframe
847F: .Music.mutemusic
8487: .finished
8491: .Music.setbanks
849B: ._music__leave
849C: ._GetNextSample
84C5: .LABEL.__LABEL7
84F0: .LABEL.__LABEL9
851C: .LABEL.__LABEL11
853C: ._GetNextSample__leave
853D: ._draw_pattern
8560: .LABEL.__LABEL17
859A: .LABEL.__LABEL18
859D: .LABEL.__LABEL14
85A5: ._draw_pattern__leave
85AA: ._draw_sample
8625: .LABEL.__LABEL24
8634: .LABEL.__LABEL29
865A: .LABEL.__LABEL36
8691: .LABEL.__LABEL26
86C8: .LABEL.__LABEL21
86D0: ._draw_sample__leave
86D9: ._InitCopperAudio
8707: ._InitCopperAudio__leave
8708: ._PlayCopperSample
872E: .playerstack
8732: ._PlayCopperSample__leave
8733: ._SetCopperAudio
8738: ._SetCopperAudio__leave
8739: ._PlayCopperAudio
873E: ._PlayCopperAudio__leave
873F: .CopperSample.set_copper_audio
873F: ._CopperSample
8761: .refresh
8769: .hdmi
8792: .no_loop
87BE: .skip
87BF: .next
87C3: .zone
87CC: .no_split
87E9: .no_zone
87EA: .zone_next
87F2: .return
87F4: .copstack
87F8: .CopperSample.play_copper_audio
87F8: .CopperSample.play_copper_audio2
87FC: .CopperSample.copper_audio_config
881C: .CopperSample.copper_audio_control
8820: .CopperSample.copper_out16
8829: .CopperSample.copper_out15
8832: .CopperSample.copper_out14
883B: .CopperSample.copper_out13
8844: .CopperSample.copper_out12
884D: .CopperSample.copper_out11
8856: .CopperSample.copper_out10
885F: .CopperSample.copper_out9
8868: .CopperSample.copper_out8
8871: .CopperSample.copper_out7
887A: .CopperSample.copper_out6
8883: .CopperSample.copper_out5
888C: .CopperSample.copper_out4
8895: .CopperSample.copper_out3
889E: .CopperSample.copper_out2
88A7: .CopperSample.copper_out1
88B0: .CopperSample.copper_out0
88B1: .CopperSample.copper_split
88C1: .CopperSample.copper_loop
88CF: .loop
88D2: .forever
88D7: .CopperSample.copper_done
88E1: .CopperSample.play_copper_stack
88E5: .CopperSample.vga_50_config
88F0: .CopperSample.vga_60_config
88FB: .CopperSample.hdmi_50_config
8906: .CopperSample.hdmi_60_config
8911: .CopperSample.sample_ptr
8913: .CopperSample.sample_pos
8915: .CopperSample.sample_len
8917: .CopperSample.sample_dac
8918: .CopperSample.sample_loop
8919: .CopperSample.sample_bank
891A: .CopperSample.video_lines
891C: .CopperSample.video_timing
894B: .CopperSample.copper_audio_stack
894D: ._CopperSample__leave
894E: .core.SCREEN_ADDR
8950: .core.SCREEN_ATTR_ADDR
8952: .core.__ERROR
8956: .core.__ERROR_CODE
8958: .core.__STOP
895C: .core.__IN_SCREEN
8966: .core.__OUT_OF_SCREEN_ERR
896B: .core.__ATTR_ADDR
897C: .core.SET_ATTR
8983: .core.__SET_ATTR
8983: .core.__SET_ATTR2
8990: .core.__LOAD_S_POSN
899C: .core.__SAVE_S_POSN
89A5: .core.__SET_SCR_PTR
89C2: .core.__zxnbackup_sysvar_bank
89D8: .core.__zxnbackup_sysvar_bank_restore
89DD: .core.CLS
8A11: .core.JUMP_HL_PLUS_2A
8A12: .core.JUMP_HL_PLUS_A
8A15: .core.JUMP_HL_PLUS_DE
8A1A: .core.CALL_HL
8A1B: .core.INK
8A46: .core.PAPER
8A6B: .core.PAPER_TMP
8A74: .core.FLASH
8A77: .core.__SET_FLASH
8A8E: .core.FLASH_TMP
8A93: .core.BRIGHT
8A96: .core.__SET_BRIGHT
8AAD: .core.BRIGHT_TMP
8AB2: .core.OVER
8AC8: .core.OVER_TMP
8AE0: .core.INVERSE
8AED: .core.INVERSE_TMP
8AFB: .core.BOLD
8B08: .core.BOLD_TMP
8B14: .core.ITALIC
8B21: .core.ITALIC_TMP
8B2F: .core.__PRINT_INIT
8B54: .core.__PRINTCHAR
8B58: .core.__PRINT_CHR
8B95: .core.__PRGRAPH0
8BB2: .core.PRINT_MODE
8BB3: .core.INVERSE_MODE
8BCC: .core.__PRINT_SPECIAL
8BD3: .core.__PRINT_0Dh
8BE4: .core.__PRINT_EOL_END
8C15: .core.__PRINT_AT
8C1A: .core.__PRINT_NOP
8C1A: .core.__PRINT_RESTART
8C3F: .core.__PRINT_DEL
8C5A: .core.__PRINT_INK2
8C64: .core.__PRINT_PAP2
8C69: .core.__PRINT_FLA
8C6E: .core.__PRINT_FLA2
8C73: .core.__PRINT_BRI
8C78: .core.__PRINT_BRI2
8C7D: .core.__PRINT_INV
8C82: .core.__PRINT_INV2
8C87: .core.__PRINT_OVR
8C8C: .core.__PRINT_OVR2
8CE2: .core.PRINT_COMMA
8CEA: .core.PRINT_TAB
8D39: .core.COPY_ATTR
8D7D: .core.__ABS16
8D80: .core.__NEGHL
8D88: .core.__DIVU16
8D88: .core.__DIVU16_FAST
8D8F: .core.__DIV16LOOP
8D9A: .core.__DIV16NOADD
8DA0: .core.__MODU16
8DA5: .core.__DIVI16
8DA5: .core.__DIVI16_FAST
8DB3: .core.__DIVI16A
8DB8: .core.__DIVI16B
8DC1: .core.__MODI16
8DC6: .core.__EQ16
8DCC: .core.__MUL16
8DE3: .core.SET_PIXEL_ADDR_ATTR
8DF2: .core.PLOT
8DFB: .core.__PLOT
8E2A: .core.__PRINTU_START
8E3D: .core.__PRINT_MINUS
8E42: .core.__DIVU8
8E44: .core.__DIVU8_FAST
8E49: .core.__DIV8LOOP
8E51: .core.__DIV8NOSUB
8E56: .core.__DIVI8
8E58: .core.__DIVI8_FAST
8E60: .core.__DIV8A
8E69: .core.__DIV8B
8E74: .core.__MODU8
8E76: .core.__MODU8_FAST
8E7B: .core.__MODI8
8E7D: .core.__MODI8_FAST
8E82: .core.__PRINTI8
8E8D: .core.__PRINTU8