8000: .core.__START_PROGRAM
8018: .core.__CALL_BACK__
801A: .core.ZXBASIC_MEM_HEAP
801A: .core.ZXBASIC_USER_DATA
881A: ._key
881B: ._timer
881C: ._oldpos
881D: ._sample
881E: ._pattern_position
881F: ._pattern_position_index
8820: ._play
8821: ._t
8822: ._pattern_order_index
8824: ._pattern_index
8826: ._sampleplay_position
8827: ._last_sample_y
8828: .core.ZXBASIC_USER_DATA_END
8828: .core.__MAIN_PROGRAM__
882B: .nbtempstackstart
8835: .LABEL._filename
8835: .filename
8975: .endfilename
8975: .shadowlayerbit
8976: .nextbuild_file_end
89B7: .LABEL._nasty
89C2: .LABEL.__LABEL0
89E0: .LABEL.__LABEL43
89EA: .LABEL.__LABEL2
89EE: .LABEL.__LABEL3
8A0B: .LABEL.__LABEL5
8A11: .LABEL._pattern
8A11: .pat1
8A22: .pat2
8A63: .pat3
8AA4: .pat4
8AE5: .LABEL._pattern_order
8AE5: .pattern_order
8B13: .LABEL._copper_sample_table
8B13: .copper_sample_table
8B34: .core.__END_PROGRAM
8B42: ._checkints
8B57: .itbuff
8B58: ._checkints__leave
8B59: ._NextRegA
8B62: ._NextRegA__leave
8B63: ._WaitKey
8B9F: .exit_wait_key
8BA0: ._WaitKey__leave
8BA1: ._Play_Music
8BA4: ._Play_Music__leave
8BA5: ._Init_Music
8BA8: ._Init_Music__leave
8BA9: .Music.setupmusic
8BA9: ._music
8BB4: .Music.playframe
8BBC: .Music.mutemusic
8BC4: .finished
8BCE: .Music.setbanks
8BD8: ._music__leave
8BD9: ._UpdateSampleCursor
8BFA: .LABEL.__LABEL8
8C00: .LABEL.__LABEL9
8C74: ._UpdateSampleCursor__leave
8C79: ._GetNextSample
8C9F: .LABEL.__LABEL13
8CC7: .LABEL.__LABEL15
8CF3: .LABEL.__LABEL17
8D13: ._GetNextSample__leave
8D14: ._draw_pattern
8D37: .LABEL.__LABEL23
8D71: .LABEL.__LABEL24
8D74: .LABEL.__LABEL20
8D7C: ._draw_pattern__leave
8D81: ._update_pattern
8DCB: ._update_pattern__leave
8DCC: ._draw_sample
8EAA: .LABEL.__LABEL36
8EB9: .LABEL.__LABEL41
8EDF: .LABEL.__LABEL48
8F16: .LABEL.__LABEL38
8F4D: .LABEL.__LABEL33
8F55: ._draw_sample__leave
8F5E: ._InitCopperAudio
8F83: ._InitCopperAudio__leave
8F84: ._PlayCopperSample
8FA9: .playerstack
8FAC: ._PlayCopperSample__leave
8FAD: ._SetCopperAudio
8FB0: ._SetCopperAudio__leave
8FB1: ._PlayCopperAudio
8FB4: ._PlayCopperAudio__leave
8FB5: ._CopperWaitLine
8FB5: .wait_line
8FBE: .msb
8FC9: .lsb
8FD0: ._CopperWaitLine__leave
8FD1: .CopperSample.set_copper_audio
8FD1: ._CopperSample
8FF4: .refresh
8FFC: .hdmi
9025: .no_loop
9051: .skip
9052: .next
9056: .zone
905F: .no_split
907C: .no_zone
907D: .zone_next
9085: .return
9087: .stack
908B: .CopperSample.play_copper_audio
90A1: .CopperSample.play_copper_audio2
90A5: .CopperSample.copper_audio_config
90C5: .CopperSample.copper_audio_control
90C9: .CopperSample.copper_out16
90D2: .CopperSample.copper_out15
90DB: .CopperSample.copper_out14
90E4: .CopperSample.copper_out13
90ED: .CopperSample.copper_out12
90F6: .CopperSample.copper_out11
90FF: .CopperSample.copper_out10
9108: .CopperSample.copper_out9
9111: .CopperSample.copper_out8
911A: .CopperSample.copper_out7
9123: .CopperSample.copper_out6
912C: .CopperSample.copper_out5
9135: .CopperSample.copper_out4
913E: .CopperSample.copper_out3
9147: .CopperSample.copper_out2
9150: .CopperSample.copper_out1
9159: .CopperSample.copper_out0
915A: .CopperSample.copper_split
916A: .CopperSample.copper_loop
9178: .loop
917B: .forever
9180: .CopperSample.copper_done
918A: .CopperSample.play_copper_stack
918F: .CopperSample.vga_50_config
919A: .CopperSample.vga_60_config
91A5: .CopperSample.hdmi_50_config
91B0: .CopperSample.hdmi_60_config
91BB: .CopperSample.sample_ptr
91BD: .CopperSample.sample_pos
91BF: .CopperSample.sample_len
91C1: .CopperSample.sample_dac
91C2: .CopperSample.sample_loop
91C3: .CopperSample.sample_bank
91C4: .CopperSample.video_lines
91C6: .CopperSample.video_timing
91F5: .CopperSample.copper_audio_stack
91F7: ._CopperSample__leave
91F8: .LABEL.__LABEL10
9219: .LABEL.__LABEL11
921D: .LABEL.__LABEL27
9220: .LABEL.__LABEL28
9223: .LABEL.__LABEL29
922F: .LABEL.__LABEL30
923B: .LABEL.__LABEL31
9247: .LABEL.__LABEL32
9253: .core.SCREEN_ADDR
9255: .core.SCREEN_ATTR_ADDR
9257: .core.__ERROR
925B: .core.__ERROR_CODE
925D: .core.__STOP
9261: .core.__IN_SCREEN
926B: .core.__OUT_OF_SCREEN_ERR
9270: .core.__ATTR_ADDR
9281: .core.SET_ATTR
9288: .core.__SET_ATTR
9288: .core.__SET_ATTR2
9295: .core.__LOAD_S_POSN
92A1: .core.__SAVE_S_POSN
92AA: .core.__SET_SCR_PTR
92C7: .core.__zxnbackup_sysvar_bank
92DD: .core.__zxnbackup_sysvar_bank_restore
92E2: .core.CLS
9316: .core.JUMP_HL_PLUS_2A
9317: .core.JUMP_HL_PLUS_A
931A: .core.JUMP_HL_PLUS_DE
931F: .core.CALL_HL
9320: .core.INK
934B: .core.PAPER
9379: .core.FLASH
937C: .core.__SET_FLASH
9393: .core.FLASH_TMP
9398: .core.BRIGHT
939B: .core.__SET_BRIGHT
93B2: .core.BRIGHT_TMP
93B7: .core.OVER
93E5: .core.INVERSE
93F2: .core.INVERSE_TMP
9400: .core.BOLD
940D: .core.BOLD_TMP
9419: .core.ITALIC
9426: .core.ITALIC_TMP
9434: .core.__PRINT_INIT
9459: .core.__PRINTCHAR
945D: .core.__PRINT_CHR
949A: .core.__PRGRAPH0
94B7: .core.PRINT_MODE
94B8: .core.INVERSE_MODE
94D1: .core.__PRINT_SPECIAL
94D8: .core.__PRINT_0Dh
94E9: .core.__PRINT_EOL_END
951A: .core.__PRINT_AT
951F: .core.__PRINT_NOP
951F: .core.__PRINT_RESTART
9544: .core.__PRINT_DEL
955F: .core.__PRINT_INK2
9569: .core.__PRINT_PAP2
956E: .core.__PRINT_FLA
9573: .core.__PRINT_FLA2
9578: .core.__PRINT_BRI
957D: .core.__PRINT_BRI2
9582: .core.__PRINT_INV
9587: .core.__PRINT_INV2
958C: .core.__PRINT_OVR
9591: .core.__PRINT_OVR2
95E7: .core.PRINT_COMMA
95EF: .core.PRINT_TAB
963E: .core.COPY_ATTR
9682: .core.__ABS16
9685: .core.__NEGHL
968D: .core.__DIVU16
968D: .core.__DIVU16_FAST
9694: .core.__DIV16LOOP
969F: .core.__DIV16NOADD
96A5: .core.__MODU16
96AA: .core.__DIVI16
96AA: .core.__DIVI16_FAST
96B8: .core.__DIVI16A
96BD: .core.__DIVI16B
96C6: .core.__MODI16
96CB: .core.__EQ16
96D1: .core.__MUL16
96E8: .core.SET_PIXEL_ADDR_ATTR
96F7: .core.PLOT
9700: .core.__PLOT
972F: .core.__MEM_INIT
9735: .core.__MEM_INIT2
9753: .core.MEM_FREE
9753: .core.__MEM_FREE
97A5: .core.PRINT_STR
97A5: .core.__PRINTSTR
97CA: .core.__PRINT_STR
97D2: .core.__PRINTU_START
97E5: .core.__PRINT_MINUS
97EA: .core.__PRINTI16
980C: .core.__DIVU8
980E: .core.__DIVU8_FAST
9813: .core.__DIV8LOOP
981B: .core.__DIV8NOSUB
9820: .core.__DIVI8
9822: .core.__DIVI8_FAST
982A: .core.__DIV8A
9833: .core.__DIV8B
983E: .core.__MODU8
9840: .core.__MODU8_FAST
9845: .core.__MODI8
9847: .core.__MODI8_FAST
984C: .core.__PRINTI8
9857: .core.__PRINTU8