8000: .core.__START_PROGRAM
8018: .core.__CALL_BACK__
801A: .core.ZXBASIC_MEM_HEAP
801A: .core.ZXBASIC_USER_DATA
881A: .core.ZXBASIC_USER_DATA_END
881A: .core.__MAIN_PROGRAM__
881D: .nbtempstackstart
8827: .LABEL._filename
8827: .filename
8967: .endfilename
8967: .shadowlayerbit
8968: .nextbuild_file_end
898F: .LABEL.__LABEL0
89B0: .LABEL.__LABEL5
89C6: .LABEL.__LABEL6
89C9: .LABEL.__LABEL7
89DF: .LABEL.__LABEL8
89E5: .LABEL._messagebyte
89E5: .messagebyte
89E7: .LABEL._filebuffer
89E7: .filebuffer
89F6: .core.__END_PROGRAM
8A04: ._checkints
8A19: .itbuff
8A1A: ._checkints__leave
8A1B: ._WaitRetrace
8A2F: ._WaitRetrace__leave
8A30: ._WaitKey
8A6C: .exit_wait_key
8A6D: ._WaitKey__leave
8A6E: ._GetKeyScanCode
8A81: ._GetKeyScanCode__leave
8A82: ._CopperAudio
8A93: .start_copper_audio
8AB1: .MenuFlyback
8AE5: .ReadSD
8B1A: .CopperArea2Injection2
8B53: .Flyback184
8B78: .CopperArea1Injection2
8BA6: .EndOfData
8BCE: .reset_copper
8BDF: .SetBlocksToLoad
8BF0: .Choice50
8BF7: .Read5060Hz
8C0A: .WeHave50Hz
8C0D: .StoreTotalLines
8C1B: .No312
8C1F: .Lines312
8C20: .Process5060Hz
8C36: .BlocksToLoad
8C38: .PrepareCopperBank
8C46: .CopperInjection
8C6F: .CopperRegisterLoop
8C8A: .SampleToPlay
8C8B: .SampleCurrentBank
8C8C: .SampleCurrentAddress
8C8E: .SampleCurrentLength
8C90: .CopperTotalLines
8C92: .CopperHalveLines
8C93: .CopperDoubleLines
8C95: .Hz5060
8C96: .SEND_COPPER_DMA
8CC9: .DMADATACOPPEROUT
8CCD: .DMA_CopperSource
8CCF: .DMA_CopperLength
8CDC: .SetDrive
8CE3: .SetBank
8CEA: .drive
8CEB: .CurrentBank
8CEC: .FHandle
8CED: .Allblocksdone
8CEE: ._CopperAudio__leave
8CEF: ._backupsysvar
8D03: ._backupsysvar__leave
8D04: ._Browser
8D18: .LABEL.__LABEL12
8D3E: .LABEL.__LABEL9
8D4D: .LABEL.__LABEL17
8D73: .LABEL.__LABEL14
8DA0: .browser2
8DA9: .pressesq
8DB9: .FILEOK
8DC0: .FILERROR
8DC4: .copyRAM7tode
8DE3: .cr7tomainloop
8DFE: .ftbuff
8DFF: .LABEL._extname
8E04: .LABEL._testtext
8E04: .testtext
8E45: .stackstore
8E49: .endout
8E63: ._Browser__leave
8E83: .LABEL.__LABEL2
8E88: .LABEL.__LABEL3
8E9B: .LABEL.__LABEL4
8EB6: .core.__MEM_INIT
8EBC: .core.__MEM_INIT2
8EDA: .core.MEM_FREE
8EDA: .core.__MEM_FREE
8F2C: .core.__ASC
8F42: .core.SCREEN_ADDR
8F44: .core.SCREEN_ATTR_ADDR
8F46: .core.__ERROR
8F4A: .core.__ERROR_CODE
8F4C: .core.__STOP
8F50: .core.__IN_SCREEN
8F5A: .core.__OUT_OF_SCREEN_ERR
8F5F: .core.__ATTR_ADDR
8F70: .core.SET_ATTR
8F77: .core.__SET_ATTR
8F77: .core.__SET_ATTR2
8F84: .core.__LOAD_S_POSN
8F90: .core.__SAVE_S_POSN
8F99: .core.__SET_SCR_PTR
8FB6: .core.__zxnbackup_sysvar_bank
8FCC: .core.__zxnbackup_sysvar_bank_restore
8FD1: .core.CLS
9005: .core.JUMP_HL_PLUS_2A
9006: .core.JUMP_HL_PLUS_A
9009: .core.JUMP_HL_PLUS_DE
900E: .core.CALL_HL
900F: .core.INK
9031: .core.INK_TMP
903A: .core.PAPER
905F: .core.PAPER_TMP
9068: .core.FLASH
906B: .core.__SET_FLASH
9082: .core.FLASH_TMP
9087: .core.BRIGHT
908A: .core.__SET_BRIGHT
90A1: .core.BRIGHT_TMP
90A6: .core.OVER
90BC: .core.OVER_TMP
90D4: .core.INVERSE
90E1: .core.INVERSE_TMP
90EF: .core.BOLD
90FC: .core.BOLD_TMP
9108: .core.ITALIC
9115: .core.ITALIC_TMP
9123: .core.__PRINT_INIT
9148: .core.__PRINTCHAR
914C: .core.__PRINT_CHR
9189: .core.__PRGRAPH0
91A6: .core.PRINT_MODE
91A7: .core.INVERSE_MODE
91C0: .core.__PRINT_SPECIAL
91C7: .core.__PRINT_0Dh
91D8: .core.__PRINT_EOL_END
9209: .core.__PRINT_AT
920E: .core.__PRINT_NOP
920E: .core.__PRINT_RESTART
9233: .core.__PRINT_DEL
924E: .core.__PRINT_INK2
9258: .core.__PRINT_PAP2
925D: .core.__PRINT_FLA
9262: .core.__PRINT_FLA2
9267: .core.__PRINT_BRI
926C: .core.__PRINT_BRI2
9271: .core.__PRINT_INV
9276: .core.__PRINT_INV2
927B: .core.__PRINT_OVR
9280: .core.__PRINT_OVR2
92D6: .core.PRINT_COMMA
92DE: .core.PRINT_TAB
92F2: .core.PRINT_AT
932D: .core.COPY_ATTR
9371: .core.MEM_ALLOC
9371: .core.__MEM_ALLOC
93C0: .core.__ILOADSTR
93C7: .core.__LOADSTR
93E0: .core.PRINT_STR
93E0: .core.__PRINTSTR
9405: .core.__PRINT_STR
940D: .core.__STRLEN
9415: .core.__STRSLICE
9419: .core.__STRSLICE_FAST