8000: .core.__START_PROGRAM
8018: .core.__CALL_BACK__
801A: .core.ZXBASIC_MEM_HEAP
801A: .core.ZXBASIC_USER_DATA
881A: ._key
881B: ._timer
881C: ._oldpos
881D: ._sample
881E: ._pattern_position
881F: ._pattern_position_index
8820: ._play
8821: ._t
8822: ._pattern_order_index
8824: ._pattern_index
8826: ._sampleplay_position
8827: ._last_sample_y
8828: .core.ZXBASIC_USER_DATA_END
8828: .core.__MAIN_PROGRAM__
882B: .nbtempstackstart
8835: .LABEL._filename
8835: .filename
8975: .endfilename
8975: .shadowlayerbit
8976: .nextbuild_file_end
89BA: .LABEL._nasty
89C5: .LABEL.__LABEL0
89E3: .LABEL.__LABEL39
89ED: .LABEL.__LABEL2
89F1: .LABEL.__LABEL3
8A0E: .LABEL.__LABEL5
8A14: .LABEL._pattern
8A14: .pat1
8A25: .pat2
8A66: .pat3
8AA7: .pat4
8AE8: .LABEL._pattern_order
8AE8: .pattern_order
8B16: .LABEL._copper_sample_table
8B16: .copper_sample_table
8B37: .core.__END_PROGRAM
8B45: ._checkints
8B5A: .itbuff
8B5B: ._checkints__leave
8B5C: ._NextRegA
8B65: ._NextRegA__leave
8B66: ._Play_Music
8B69: ._Play_Music__leave
8B6A: ._Init_Music
8B6D: ._Init_Music__leave
8B6E: .Music.setupmusic
8B6E: ._music
8B79: .Music.playframe
8B81: .Music.mutemusic
8B89: .finished
8B93: .Music.setbanks
8B9D: ._music__leave
8B9E: ._UpdateSampleCursor
8BBF: .LABEL.__LABEL8
8BC5: .LABEL.__LABEL9
8C39: ._UpdateSampleCursor__leave
8C3E: ._GetNextSample
8C67: .LABEL.__LABEL13
8C92: .LABEL.__LABEL15
8CBE: .LABEL.__LABEL17
8CDE: ._GetNextSample__leave
8CDF: ._draw_pattern
8D02: .LABEL.__LABEL23
8D3C: .LABEL.__LABEL24
8D3F: .LABEL.__LABEL20
8D47: ._draw_pattern__leave
8D4C: ._update_pattern
8D96: ._update_pattern__leave
8D97: ._draw_sample
8E13: .LABEL.__LABEL32
8E22: .LABEL.__LABEL37
8E48: .LABEL.__LABEL44
8E7F: .LABEL.__LABEL34
8EB6: .LABEL.__LABEL29
8EBE: ._draw_sample__leave
8EC7: ._InitCopperAudio
8EEC: ._InitCopperAudio__leave
8EED: ._PlayCopperSample
8F12: .playerstack
8F15: ._PlayCopperSample__leave
8F16: ._SetCopperAudio
8F19: ._SetCopperAudio__leave
8F1A: ._PlayCopperAudio
8F1D: ._PlayCopperAudio__leave
8F1E: ._CopperWaitLine
8F1E: .wait_line
8F27: .msb
8F32: .lsb
8F39: ._CopperWaitLine__leave
8F3A: .CopperSample.set_copper_audio
8F3A: ._CopperSample
8F5D: .refresh
8F65: .hdmi
8F8E: .no_loop
8FBA: .skip
8FBB: .next
8FBF: .zone
8FC8: .no_split
8FE5: .no_zone
8FE6: .zone_next
8FEE: .return
8FF0: .stack
8FF4: .CopperSample.play_copper_audio
900A: .CopperSample.play_copper_audio2
900E: .CopperSample.copper_audio_config
902E: .CopperSample.copper_audio_control
9032: .CopperSample.copper_out16
903B: .CopperSample.copper_out15
9044: .CopperSample.copper_out14
904D: .CopperSample.copper_out13
9056: .CopperSample.copper_out12
905F: .CopperSample.copper_out11
9068: .CopperSample.copper_out10
9071: .CopperSample.copper_out9
907A: .CopperSample.copper_out8
9083: .CopperSample.copper_out7
908C: .CopperSample.copper_out6
9095: .CopperSample.copper_out5
909E: .CopperSample.copper_out4
90A7: .CopperSample.copper_out3
90B0: .CopperSample.copper_out2
90B9: .CopperSample.copper_out1
90C2: .CopperSample.copper_out0
90C3: .CopperSample.copper_split
90D3: .CopperSample.copper_loop
90E1: .loop
90E4: .forever
90E9: .CopperSample.copper_done
90F3: .CopperSample.play_copper_stack
90F8: .CopperSample.vga_50_config
9103: .CopperSample.vga_60_config
910E: .CopperSample.hdmi_50_config
9119: .CopperSample.hdmi_60_config
9124: .CopperSample.sample_ptr
9126: .CopperSample.sample_pos
9128: .CopperSample.sample_len
912A: .CopperSample.sample_dac
912B: .CopperSample.sample_loop
912C: .CopperSample.sample_bank
912D: .CopperSample.video_lines
912F: .CopperSample.video_timing
915E: .CopperSample.copper_audio_stack
9160: ._CopperSample__leave
9161: .LABEL.__LABEL10
9182: .LABEL.__LABEL11
9186: .LABEL.__LABEL27
9189: .LABEL.__LABEL28
918C: .core.SCREEN_ADDR
918E: .core.SCREEN_ATTR_ADDR
9190: .core.__ERROR
9194: .core.__ERROR_CODE
9196: .core.__STOP
919A: .core.__IN_SCREEN
91A4: .core.__OUT_OF_SCREEN_ERR
91A9: .core.__ATTR_ADDR
91BA: .core.SET_ATTR
91C1: .core.__SET_ATTR
91C1: .core.__SET_ATTR2
91CE: .core.__LOAD_S_POSN
91DA: .core.__SAVE_S_POSN
91E3: .core.__SET_SCR_PTR
9200: .core.__zxnbackup_sysvar_bank
9216: .core.__zxnbackup_sysvar_bank_restore
921B: .core.CLS
924F: .core.JUMP_HL_PLUS_2A
9250: .core.JUMP_HL_PLUS_A
9253: .core.JUMP_HL_PLUS_DE
9258: .core.CALL_HL
9259: .core.INK
9284: .core.PAPER
92B2: .core.FLASH
92B5: .core.__SET_FLASH
92CC: .core.FLASH_TMP
92D1: .core.BRIGHT
92D4: .core.__SET_BRIGHT
92EB: .core.BRIGHT_TMP
92F0: .core.OVER
931E: .core.INVERSE
932B: .core.INVERSE_TMP
9339: .core.BOLD
9346: .core.BOLD_TMP
9352: .core.ITALIC
935F: .core.ITALIC_TMP
936D: .core.__PRINT_INIT
9392: .core.__PRINTCHAR
9396: .core.__PRINT_CHR
93D3: .core.__PRGRAPH0
93F0: .core.PRINT_MODE
93F1: .core.INVERSE_MODE
940A: .core.__PRINT_SPECIAL
9411: .core.__PRINT_0Dh
9422: .core.__PRINT_EOL_END
9453: .core.__PRINT_AT
9458: .core.__PRINT_NOP
9458: .core.__PRINT_RESTART
947D: .core.__PRINT_DEL
9498: .core.__PRINT_INK2
94A2: .core.__PRINT_PAP2
94A7: .core.__PRINT_FLA
94AC: .core.__PRINT_FLA2
94B1: .core.__PRINT_BRI
94B6: .core.__PRINT_BRI2
94BB: .core.__PRINT_INV
94C0: .core.__PRINT_INV2
94C5: .core.__PRINT_OVR
94CA: .core.__PRINT_OVR2
9520: .core.PRINT_COMMA
9528: .core.PRINT_TAB
9577: .core.COPY_ATTR
95BB: .core.__ABS16
95BE: .core.__NEGHL
95C6: .core.__DIVU16
95C6: .core.__DIVU16_FAST
95CD: .core.__DIV16LOOP
95D8: .core.__DIV16NOADD
95DE: .core.__MODU16
95E3: .core.__DIVI16
95E3: .core.__DIVI16_FAST
95F1: .core.__DIVI16A
95F6: .core.__DIVI16B
95FF: .core.__MODI16
9604: .core.__EQ16
960A: .core.__MUL16
9621: .core.SET_PIXEL_ADDR_ATTR
9630: .core.PLOT
9639: .core.__PLOT
9668: .core.__MEM_INIT
966E: .core.__MEM_INIT2
968C: .core.MEM_FREE
968C: .core.__MEM_FREE
96DE: .core.PRINT_STR
96DE: .core.__PRINTSTR
9703: .core.__PRINT_STR
970B: .core.__PRINTU_START
971E: .core.__PRINT_MINUS
9723: .core.__DIVU8
9725: .core.__DIVU8_FAST
972A: .core.__DIV8LOOP
9732: .core.__DIV8NOSUB
9737: .core.__DIVI8
9739: .core.__DIVI8_FAST
9741: .core.__DIV8A
974A: .core.__DIV8B
9755: .core.__MODU8
9757: .core.__MODU8_FAST
975C: .core.__MODI8
975E: .core.__MODI8_FAST
9763: .core.__PRINTI8
976E: .core.__PRINTU8