8000: .core.__START_PROGRAM
8015: .core.__CALL_BACK__
8017: ._key
8017: .core.ZXBASIC_USER_DATA
8018: ._timer
8019: ._oldpos
801A: ._sample
801B: ._pattern_position
801C: ._pattern_position_index
801D: ._play
801E: ._t
801F: ._pattern_order_index
8021: ._pattern_index
8023: ._sampleplay_position
8024: ._last_sample_y
8025: .core.ZXBASIC_USER_DATA_END
8025: .core.__MAIN_PROGRAM__
802F: .LABEL._filename
802F: .filename
816F: .endfilename
816F: .nbtempstackstart
8172: .shadowlayerbit
8173: .nextbuild_file_end
81B4: .LABEL._nasty
81B8: .startup
81C7: .irq
8233: .LABEL.__LABEL0
824A: .LABEL.__LABEL31
8254: .LABEL.__LABEL2
8258: .LABEL.__LABEL3
8270: .LABEL.__LABEL4
8274: .LABEL.__LABEL5
8277: .LABEL._pattern
8277: .pat1
8288: .pat2
82C9: .pat3
830A: .pat4
834B: .LABEL._pattern_order
834B: .pattern_order
8379: .LABEL._copper_sample_table
8379: .copper_sample_table
8397: .LABEL._wavea
8397: .test_waveforma
8397: .wavea
83B7: .LABEL._waveb
83B7: .test_waveformb
83B7: .waveb
83D7: .LABEL._wavec
83D7: .test_waveformc
83F7: .noduty_waveform
8417: .muted_waveform
843A: .core.__END_PROGRAM
8448: ._checkints
845D: .itbuff
845E: ._checkints__leave
845F: ._NextRegA
8468: ._NextRegA__leave
8469: ._Play_Music
846C: ._Play_Music__leave
846D: .Music.setupmusic
846D: ._music
8478: .Music.playframe
8480: .Music.mutemusic
8488: .finished
8492: .Music.setbanks
849C: ._music__leave
849D: ._GetNextSample
84C6: .LABEL.__LABEL7
84F1: .LABEL.__LABEL9
851D: .LABEL.__LABEL11
853D: ._GetNextSample__leave
853E: ._draw_pattern
8561: .LABEL.__LABEL17
859B: .LABEL.__LABEL18
859E: .LABEL.__LABEL14
85A6: ._draw_pattern__leave
85AB: ._draw_sample
8626: .LABEL.__LABEL24
8635: .LABEL.__LABEL29
865B: .LABEL.__LABEL36
8692: .LABEL.__LABEL26
86C9: .LABEL.__LABEL21
86D1: ._draw_sample__leave
86DA: ._InitCopperAudio
8708: ._InitCopperAudio__leave
8709: ._PlayCopperSample
872F: .playerstack
8733: ._PlayCopperSample__leave
8734: ._SetCopperAudio
8739: ._SetCopperAudio__leave
873A: ._PlayCopperAudio
873F: ._PlayCopperAudio__leave
8740: .CopperSample.set_copper_audio
8740: ._CopperSample
8762: .refresh
876A: .hdmi
8793: .no_loop
87BF: .skip
87C0: .next
87C4: .zone
87CD: .no_split
87EA: .no_zone
87EB: .zone_next
87F3: .return
87F5: .copstack
87F9: .CopperSample.play_copper_audio
87F9: .CopperSample.play_copper_audio2
87FD: .CopperSample.copper_audio_config
881D: .CopperSample.copper_audio_control
8821: .CopperSample.copper_out16
882A: .CopperSample.copper_out15
8833: .CopperSample.copper_out14
883C: .CopperSample.copper_out13
8845: .CopperSample.copper_out12
884E: .CopperSample.copper_out11
8857: .CopperSample.copper_out10
8860: .CopperSample.copper_out9
8869: .CopperSample.copper_out8
8872: .CopperSample.copper_out7
887B: .CopperSample.copper_out6
8884: .CopperSample.copper_out5
888D: .CopperSample.copper_out4
8896: .CopperSample.copper_out3
889F: .CopperSample.copper_out2
88A8: .CopperSample.copper_out1
88B1: .CopperSample.copper_out0
88B2: .CopperSample.copper_split
88C2: .CopperSample.copper_loop
88D0: .loop
88D3: .forever
88D8: .CopperSample.copper_done
88E2: .CopperSample.play_copper_stack
88E7: .CopperSample.vga_50_config
88F2: .CopperSample.vga_60_config
88FD: .CopperSample.hdmi_50_config
8908: .CopperSample.hdmi_60_config
8913: .CopperSample.sample_ptr
8915: .CopperSample.sample_pos
8917: .CopperSample.sample_len
8919: .CopperSample.sample_dac
891A: .CopperSample.sample_loop
891B: .CopperSample.sample_bank
891C: .CopperSample.video_lines
891E: .CopperSample.video_timing
894D: .CopperSample.copper_audio_stack
894F: ._CopperSample__leave
8950: .core.SCREEN_ADDR
8952: .core.SCREEN_ATTR_ADDR
8954: .core.__ERROR
8958: .core.__ERROR_CODE
895A: .core.__STOP
895E: .core.__IN_SCREEN
8968: .core.__OUT_OF_SCREEN_ERR
896D: .core.__ATTR_ADDR
897E: .core.SET_ATTR
8985: .core.__SET_ATTR
8985: .core.__SET_ATTR2
8992: .core.__LOAD_S_POSN
899E: .core.__SAVE_S_POSN
89A7: .core.__SET_SCR_PTR
89C4: .core.__zxnbackup_sysvar_bank
89DA: .core.__zxnbackup_sysvar_bank_restore
89DF: .core.CLS
8A13: .core.JUMP_HL_PLUS_2A
8A14: .core.JUMP_HL_PLUS_A
8A17: .core.JUMP_HL_PLUS_DE
8A1C: .core.CALL_HL
8A1D: .core.INK
8A48: .core.PAPER
8A6D: .core.PAPER_TMP
8A76: .core.FLASH
8A79: .core.__SET_FLASH
8A90: .core.FLASH_TMP
8A95: .core.BRIGHT
8A98: .core.__SET_BRIGHT
8AAF: .core.BRIGHT_TMP
8AB4: .core.OVER
8ACA: .core.OVER_TMP
8AE2: .core.INVERSE
8AEF: .core.INVERSE_TMP
8AFD: .core.BOLD
8B0A: .core.BOLD_TMP
8B16: .core.ITALIC
8B23: .core.ITALIC_TMP
8B31: .core.__PRINT_INIT
8B56: .core.__PRINTCHAR
8B5A: .core.__PRINT_CHR
8B97: .core.__PRGRAPH0
8BB4: .core.PRINT_MODE
8BB5: .core.INVERSE_MODE
8BCE: .core.__PRINT_SPECIAL
8BD5: .core.__PRINT_0Dh
8BE6: .core.__PRINT_EOL_END
8C17: .core.__PRINT_AT
8C1C: .core.__PRINT_NOP
8C1C: .core.__PRINT_RESTART
8C41: .core.__PRINT_DEL
8C5C: .core.__PRINT_INK2
8C66: .core.__PRINT_PAP2
8C6B: .core.__PRINT_FLA
8C70: .core.__PRINT_FLA2
8C75: .core.__PRINT_BRI
8C7A: .core.__PRINT_BRI2
8C7F: .core.__PRINT_INV
8C84: .core.__PRINT_INV2
8C89: .core.__PRINT_OVR
8C8E: .core.__PRINT_OVR2
8CE4: .core.PRINT_COMMA
8CEC: .core.PRINT_TAB
8D3B: .core.COPY_ATTR
8D7F: .core.__ABS16
8D82: .core.__NEGHL
8D8A: .core.__DIVU16
8D8A: .core.__DIVU16_FAST
8D91: .core.__DIV16LOOP
8D9C: .core.__DIV16NOADD
8DA2: .core.__MODU16
8DA7: .core.__DIVI16
8DA7: .core.__DIVI16_FAST
8DB5: .core.__DIVI16A
8DBA: .core.__DIVI16B
8DC3: .core.__MODI16
8DC8: .core.__EQ16
8DCE: .core.__MUL16
8DE5: .core.SET_PIXEL_ADDR_ATTR
8DF4: .core.PLOT
8DFD: .core.__PLOT
8E2C: .core.__PRINTU_START
8E3F: .core.__PRINT_MINUS
8E44: .core.__DIVU8
8E46: .core.__DIVU8_FAST
8E4B: .core.__DIV8LOOP
8E53: .core.__DIV8NOSUB
8E58: .core.__DIVI8
8E5A: .core.__DIVI8_FAST
8E62: .core.__DIV8A
8E6B: .core.__DIV8B
8E76: .core.__MODU8
8E78: .core.__MODU8_FAST
8E7D: .core.__MODI8
8E7F: .core.__MODI8_FAST
8E84: .core.__PRINTI8
8E8F: .core.__PRINTU8