8000: .core.__START_PROGRAM
8018: .core.__CALL_BACK__
801A: .core.ZXBASIC_MEM_HEAP
801A: .core.ZXBASIC_USER_DATA
881A: ._key
881B: ._timer
881C: ._oldpos
881D: ._sample
881E: ._pattern_position
881F: ._pattern_position_index
8820: ._play
8821: ._t
8822: ._pattern_order_index
8824: ._pattern_index
8826: ._sampleplay_position
8827: ._last_sample_y
8828: .core.ZXBASIC_USER_DATA_END
8828: .core.__MAIN_PROGRAM__
8832: .LABEL._filename
8832: .filename
8972: .endfilename
8972: .nbtempstackstart
8975: .shadowlayerbit
8976: .nextbuild_file_end
89B7: .LABEL._nasty
89C2: .LABEL.__LABEL0
89E0: .LABEL.__LABEL43
89EA: .LABEL.__LABEL2
89EE: .LABEL.__LABEL3
8A0B: .LABEL.__LABEL5
8A11: .LABEL._pattern
8A11: .pat1
8A22: .pat2
8A63: .pat3
8A74: .pat4
8AB5: .LABEL._pattern_order
8AB5: .pattern_order
8AE3: .LABEL._copper_sample_table
8AE3: .copper_sample_table
8AFE: .core.__END_PROGRAM
8B0C: ._checkints
8B21: .itbuff
8B22: ._checkints__leave
8B23: ._NextRegA
8B2C: ._NextRegA__leave
8B2D: ._WaitKey
8B69: .exit_wait_key
8B6A: ._WaitKey__leave
8B6B: ._Play_Music
8B6E: ._Play_Music__leave
8B6F: ._Init_Music
8B72: ._Init_Music__leave
8B73: .Music.setupmusic
8B73: ._music
8B7E: .Music.playframe
8B86: .Music.mutemusic
8B8E: .finished
8B98: .Music.setbanks
8BA2: ._music__leave
8BA3: ._UpdateSampleCursor
8BC4: .LABEL.__LABEL8
8BCA: .LABEL.__LABEL9
8C3E: ._UpdateSampleCursor__leave
8C43: ._GetNextSample
8C69: .LABEL.__LABEL13
8C91: .LABEL.__LABEL15
8CBD: .LABEL.__LABEL17
8CDD: ._GetNextSample__leave
8CDE: ._draw_pattern
8D01: .LABEL.__LABEL23
8D3B: .LABEL.__LABEL24
8D3E: .LABEL.__LABEL20
8D46: ._draw_pattern__leave
8D4B: ._update_pattern
8D95: ._update_pattern__leave
8D96: ._draw_sample
8E74: .LABEL.__LABEL36
8E83: .LABEL.__LABEL41
8EA9: .LABEL.__LABEL48
8EE0: .LABEL.__LABEL38
8F17: .LABEL.__LABEL33
8F1F: ._draw_sample__leave
8F28: ._InitCopperAudio
8F4D: ._InitCopperAudio__leave
8F4E: ._PlayCopperSample
8F73: .playerstack
8F76: ._PlayCopperSample__leave
8F77: ._SetCopperAudio
8F7A: ._SetCopperAudio__leave
8F7B: ._PlayCopperAudio
8F7E: ._PlayCopperAudio__leave
8F7F: ._CopperWaitLine
8F7F: .wait_line
8F88: .msb
8F93: .lsb
8F9A: ._CopperWaitLine__leave
8F9B: .CopperSample.set_copper_audio
8F9B: ._CopperSample
8FBE: .refresh
8FC6: .hdmi
8FEF: .no_loop
901B: .skip
901C: .next
9020: .zone
9029: .no_split
9046: .no_zone
9047: .zone_next
904F: .return
9051: .stack
9055: .CopperSample.play_copper_audio
906B: .CopperSample.play_copper_audio2
906F: .CopperSample.copper_audio_config
908F: .CopperSample.copper_audio_control
9093: .CopperSample.copper_out16
909C: .CopperSample.copper_out15
90A5: .CopperSample.copper_out14
90AE: .CopperSample.copper_out13
90B7: .CopperSample.copper_out12
90C0: .CopperSample.copper_out11
90C9: .CopperSample.copper_out10
90D2: .CopperSample.copper_out9
90DB: .CopperSample.copper_out8
90E4: .CopperSample.copper_out7
90ED: .CopperSample.copper_out6
90F6: .CopperSample.copper_out5
90FF: .CopperSample.copper_out4
9108: .CopperSample.copper_out3
9111: .CopperSample.copper_out2
911A: .CopperSample.copper_out1
9123: .CopperSample.copper_out0
9124: .CopperSample.copper_split
9134: .CopperSample.copper_loop
9142: .loop
9145: .forever
914A: .CopperSample.copper_done
9154: .CopperSample.play_copper_stack
9159: .CopperSample.vga_50_config
9164: .CopperSample.vga_60_config
916F: .CopperSample.hdmi_50_config
917A: .CopperSample.hdmi_60_config
9185: .CopperSample.sample_ptr
9187: .CopperSample.sample_pos
9189: .CopperSample.sample_len
918B: .CopperSample.sample_dac
918C: .CopperSample.sample_loop
918D: .CopperSample.sample_bank
918E: .CopperSample.video_lines
9190: .CopperSample.video_timing
91BF: .CopperSample.copper_audio_stack
91C1: ._CopperSample__leave
91C2: .LABEL.__LABEL10
91E3: .LABEL.__LABEL11
91E7: .LABEL.__LABEL27
91EA: .LABEL.__LABEL28
91ED: .LABEL.__LABEL29
91F9: .LABEL.__LABEL30
9205: .LABEL.__LABEL31
9211: .LABEL.__LABEL32
921D: .core.SCREEN_ADDR
921F: .core.SCREEN_ATTR_ADDR
9221: .core.__ERROR
9225: .core.__ERROR_CODE
9227: .core.__STOP
922B: .core.__IN_SCREEN
9235: .core.__OUT_OF_SCREEN_ERR
923A: .core.__ATTR_ADDR
924B: .core.SET_ATTR
9252: .core.__SET_ATTR
9252: .core.__SET_ATTR2
925F: .core.__LOAD_S_POSN
926B: .core.__SAVE_S_POSN
9274: .core.__SET_SCR_PTR
9291: .core.__zxnbackup_sysvar_bank
92A7: .core.__zxnbackup_sysvar_bank_restore
92AC: .core.CLS
92E0: .core.JUMP_HL_PLUS_2A
92E1: .core.JUMP_HL_PLUS_A
92E4: .core.JUMP_HL_PLUS_DE
92E9: .core.CALL_HL
92EA: .core.INK
9315: .core.PAPER
9343: .core.FLASH
9346: .core.__SET_FLASH
935D: .core.FLASH_TMP
9362: .core.BRIGHT
9365: .core.__SET_BRIGHT
937C: .core.BRIGHT_TMP
9381: .core.OVER
93AF: .core.INVERSE
93BC: .core.INVERSE_TMP
93CA: .core.BOLD
93D7: .core.BOLD_TMP
93E3: .core.ITALIC
93F0: .core.ITALIC_TMP
93FE: .core.__PRINT_INIT
9423: .core.__PRINTCHAR
9427: .core.__PRINT_CHR
9464: .core.__PRGRAPH0
9481: .core.PRINT_MODE
9482: .core.INVERSE_MODE
949B: .core.__PRINT_SPECIAL
94A2: .core.__PRINT_0Dh
94B3: .core.__PRINT_EOL_END
94E4: .core.__PRINT_AT
94E9: .core.__PRINT_NOP
94E9: .core.__PRINT_RESTART
950E: .core.__PRINT_DEL
9529: .core.__PRINT_INK2
9533: .core.__PRINT_PAP2
9538: .core.__PRINT_FLA
953D: .core.__PRINT_FLA2
9542: .core.__PRINT_BRI
9547: .core.__PRINT_BRI2
954C: .core.__PRINT_INV
9551: .core.__PRINT_INV2
9556: .core.__PRINT_OVR
955B: .core.__PRINT_OVR2
95B1: .core.PRINT_COMMA
95B9: .core.PRINT_TAB
9608: .core.COPY_ATTR
964C: .core.__ABS16
964F: .core.__NEGHL
9657: .core.__DIVU16
9657: .core.__DIVU16_FAST
965E: .core.__DIV16LOOP
9669: .core.__DIV16NOADD
966F: .core.__MODU16
9674: .core.__DIVI16
9674: .core.__DIVI16_FAST
9682: .core.__DIVI16A
9687: .core.__DIVI16B
9690: .core.__MODI16
9695: .core.__EQ16
969B: .core.__MUL16
96B2: .core.SET_PIXEL_ADDR_ATTR
96C1: .core.PLOT
96CA: .core.__PLOT
96F9: .core.__MEM_INIT
96FF: .core.__MEM_INIT2
971D: .core.MEM_FREE
971D: .core.__MEM_FREE
976F: .core.PRINT_STR
976F: .core.__PRINTSTR
9794: .core.__PRINT_STR
979C: .core.__PRINTU_START
97AF: .core.__PRINT_MINUS
97B4: .core.__PRINTI16
97D6: .core.__DIVU8
97D8: .core.__DIVU8_FAST
97DD: .core.__DIV8LOOP
97E5: .core.__DIV8NOSUB
97EA: .core.__DIVI8
97EC: .core.__DIVI8_FAST
97F4: .core.__DIV8A
97FD: .core.__DIV8B
9808: .core.__MODU8
980A: .core.__MODU8_FAST
980F: .core.__MODI8
9811: .core.__MODI8_FAST
9816: .core.__PRINTI8
9821: .core.__PRINTU8