8000: .core.__START_PROGRAM
8012: .core.__CALL_BACK__
8014: ._key
8014: .core.ZXBASIC_USER_DATA
8015: ._timer
8016: ._oldpos
8017: ._sample
8018: ._pattern_position
8019: ._play
801A: ._t
801B: ._sampleplay_position
801C: ._last_sample_y
801D: .core.ZXBASIC_USER_DATA_END
801D: .core.__MAIN_PROGRAM__
8027: .LABEL._filename
8027: .filename
8167: .endfilename
8167: .nbtempstackstart
816A: .shadowlayerbit
816B: .nextbuild_file_end
8195: .LABEL._nasty
8199: .startup
81A8: .irq
8208: .LABEL.__LABEL0
821C: .LABEL.__LABEL6
8226: .LABEL.__LABEL2
822A: .LABEL.__LABEL3
823C: .LABEL.__LABEL4
8240: .LABEL.__LABEL5
8243: .LABEL._wavea
8243: .test_waveforma
8243: .wavea
8263: .LABEL._waveb
8263: .test_waveformb
8263: .waveb
8283: .LABEL._wavec
8283: .test_waveformc
82A3: .noduty_waveform
82C3: .muted_waveform
82E6: .core.__END_PROGRAM
82F4: ._checkints
8309: .itbuff
830A: ._checkints__leave
830B: ._Play_Music
830E: ._Play_Music__leave
830F: .core.SCREEN_ADDR
8311: .core.SCREEN_ATTR_ADDR
8313: .core.__ERROR
8317: .core.__ERROR_CODE
8319: .core.__STOP
831D: .core.__IN_SCREEN
8327: .core.__OUT_OF_SCREEN_ERR
832C: .core.__ATTR_ADDR
833D: .core.SET_ATTR
8344: .core.__SET_ATTR
8344: .core.__SET_ATTR2
8351: .core.__LOAD_S_POSN
835D: .core.__SAVE_S_POSN
8366: .core.__SET_SCR_PTR
8383: .core.__zxnbackup_sysvar_bank
8399: .core.__zxnbackup_sysvar_bank_restore
839E: .core.CLS
83D2: .core.INK
83F4: .core.INK_TMP
83FD: .core.PAPER
8422: .core.PAPER_TMP