8000: .core.__START_PROGRAM
8015: .core.__CALL_BACK__
8017: ._key
8017: .core.ZXBASIC_USER_DATA
8018: ._timer
8019: ._oldpos
801A: ._sample
801B: ._pattern_position
801C: ._pattern_position_index
801D: ._play
801E: ._t
801F: ._pattern_order_index
8021: ._pattern_index
8023: ._sampleplay_position
8024: ._last_sample_y
8025: .core.ZXBASIC_USER_DATA_END
8025: .core.__MAIN_PROGRAM__
802F: .LABEL._filename
802F: .filename
816F: .endfilename
816F: .nbtempstackstart
8172: .shadowlayerbit
8173: .nextbuild_file_end
81B4: .LABEL._nasty
81B8: .startup
81C7: .irq
8232: .LABEL.__LABEL0
824C: .LABEL.__LABEL31
8256: .LABEL.__LABEL2
825A: .LABEL.__LABEL3
8272: .LABEL.__LABEL4
8276: .LABEL.__LABEL5
8279: .LABEL._pattern
8279: .pat1
828A: .pat2
82CB: .pat3
830C: .pat4
834D: .LABEL._pattern_order
834D: .pattern_order
837B: .LABEL._copper_sample_table
837B: .copper_sample_table
8399: .LABEL._wavea
8399: .test_waveforma
8399: .wavea
83B9: .LABEL._waveb
83B9: .test_waveformb
83B9: .waveb
83D9: .LABEL._wavec
83D9: .test_waveformc
83F9: .noduty_waveform
8419: .muted_waveform
843C: .core.__END_PROGRAM
844A: ._checkints
845F: .itbuff
8460: ._checkints__leave
8461: ._NextRegA
846A: ._NextRegA__leave
846B: ._Play_Music
846E: ._Play_Music__leave
846F: .Music.setupmusic
846F: ._music
847A: .Music.playframe
8482: .Music.mutemusic
848A: .finished
8494: .Music.setbanks
849E: ._music__leave
849F: ._GetNextSample
84C8: .LABEL.__LABEL7
84F3: .LABEL.__LABEL9
851F: .LABEL.__LABEL11
853F: ._GetNextSample__leave
8540: ._draw_pattern
8563: .LABEL.__LABEL17
859D: .LABEL.__LABEL18
85A0: .LABEL.__LABEL14
85A8: ._draw_pattern__leave
85AD: ._draw_sample
8628: .LABEL.__LABEL24
8637: .LABEL.__LABEL29
865D: .LABEL.__LABEL36
8694: .LABEL.__LABEL26
86CB: .LABEL.__LABEL21
86D3: ._draw_sample__leave
86DC: ._InitCopperAudio
870A: ._InitCopperAudio__leave
870B: ._PlayCopperSample
8731: .playerstack
8735: ._PlayCopperSample__leave
8736: ._SetCopperAudio
873B: ._SetCopperAudio__leave
873C: ._PlayCopperAudio
8741: ._PlayCopperAudio__leave
8742: ._CopperWaitLine
8742: .wait_line
874B: .msb
8756: .lsb
875D: ._CopperWaitLine__leave
875E: .CopperSample.set_copper_audio
875E: ._CopperSample
8780: .refresh
8788: .hdmi
87B1: .no_loop
87DD: .skip
87DE: .next
87E2: .zone
87EB: .no_split
8808: .no_zone
8809: .zone_next
8811: .return
8813: .copstack
8817: .CopperSample.play_copper_audio
8817: .CopperSample.play_copper_audio2
881B: .CopperSample.copper_audio_config
883B: .CopperSample.copper_audio_control
883F: .CopperSample.copper_out16
8848: .CopperSample.copper_out15
8851: .CopperSample.copper_out14
885A: .CopperSample.copper_out13
8863: .CopperSample.copper_out12
886C: .CopperSample.copper_out11
8875: .CopperSample.copper_out10
887E: .CopperSample.copper_out9
8887: .CopperSample.copper_out8
8890: .CopperSample.copper_out7
8899: .CopperSample.copper_out6
88A2: .CopperSample.copper_out5
88AB: .CopperSample.copper_out4
88B4: .CopperSample.copper_out3
88BD: .CopperSample.copper_out2
88C6: .CopperSample.copper_out1
88CF: .CopperSample.copper_out0
88D0: .CopperSample.copper_split
88E0: .CopperSample.copper_loop
88EE: .loop
88F1: .forever
88F6: .CopperSample.copper_done
8900: .CopperSample.play_copper_stack
8904: .CopperSample.vga_50_config
890F: .CopperSample.vga_60_config
891A: .CopperSample.hdmi_50_config
8925: .CopperSample.hdmi_60_config
8930: .CopperSample.sample_ptr
8932: .CopperSample.sample_pos
8934: .CopperSample.sample_len
8936: .CopperSample.sample_dac
8937: .CopperSample.sample_loop
8938: .CopperSample.sample_bank
8939: .CopperSample.video_lines
893B: .CopperSample.video_timing
896A: .CopperSample.copper_audio_stack
896C: ._CopperSample__leave
896D: .core.SCREEN_ADDR
896F: .core.SCREEN_ATTR_ADDR
8971: .core.__ERROR
8975: .core.__ERROR_CODE
8977: .core.__STOP
897B: .core.__IN_SCREEN
8985: .core.__OUT_OF_SCREEN_ERR
898A: .core.__ATTR_ADDR
899B: .core.SET_ATTR
89A2: .core.__SET_ATTR
89A2: .core.__SET_ATTR2
89AF: .core.__LOAD_S_POSN
89BB: .core.__SAVE_S_POSN
89C4: .core.__SET_SCR_PTR
89E1: .core.__zxnbackup_sysvar_bank
89F7: .core.__zxnbackup_sysvar_bank_restore
89FC: .core.CLS
8A30: .core.JUMP_HL_PLUS_2A
8A31: .core.JUMP_HL_PLUS_A
8A34: .core.JUMP_HL_PLUS_DE
8A39: .core.CALL_HL
8A3A: .core.INK
8A65: .core.PAPER
8A8A: .core.PAPER_TMP
8A93: .core.FLASH
8A96: .core.__SET_FLASH
8AAD: .core.FLASH_TMP
8AB2: .core.BRIGHT
8AB5: .core.__SET_BRIGHT
8ACC: .core.BRIGHT_TMP
8AD1: .core.OVER
8AE7: .core.OVER_TMP
8AFF: .core.INVERSE
8B0C: .core.INVERSE_TMP
8B1A: .core.BOLD
8B27: .core.BOLD_TMP
8B33: .core.ITALIC
8B40: .core.ITALIC_TMP
8B4E: .core.__PRINT_INIT
8B73: .core.__PRINTCHAR
8B77: .core.__PRINT_CHR
8BB4: .core.__PRGRAPH0
8BD1: .core.PRINT_MODE
8BD2: .core.INVERSE_MODE
8BEB: .core.__PRINT_SPECIAL
8BF2: .core.__PRINT_0Dh
8C03: .core.__PRINT_EOL_END
8C34: .core.__PRINT_AT
8C39: .core.__PRINT_NOP
8C39: .core.__PRINT_RESTART
8C5E: .core.__PRINT_DEL
8C79: .core.__PRINT_INK2
8C83: .core.__PRINT_PAP2
8C88: .core.__PRINT_FLA
8C8D: .core.__PRINT_FLA2
8C92: .core.__PRINT_BRI
8C97: .core.__PRINT_BRI2
8C9C: .core.__PRINT_INV
8CA1: .core.__PRINT_INV2
8CA6: .core.__PRINT_OVR
8CAB: .core.__PRINT_OVR2
8D01: .core.PRINT_COMMA
8D09: .core.PRINT_TAB
8D58: .core.COPY_ATTR
8D9C: .core.__ABS16
8D9F: .core.__NEGHL
8DA7: .core.__DIVU16
8DA7: .core.__DIVU16_FAST
8DAE: .core.__DIV16LOOP
8DB9: .core.__DIV16NOADD
8DBF: .core.__MODU16
8DC4: .core.__DIVI16
8DC4: .core.__DIVI16_FAST
8DD2: .core.__DIVI16A
8DD7: .core.__DIVI16B
8DE0: .core.__MODI16
8DE5: .core.__EQ16
8DEB: .core.__MUL16
8E02: .core.SET_PIXEL_ADDR_ATTR
8E11: .core.PLOT
8E1A: .core.__PLOT
8E49: .core.__PRINTU_START
8E5C: .core.__PRINT_MINUS
8E61: .core.__DIVU8
8E63: .core.__DIVU8_FAST
8E68: .core.__DIV8LOOP
8E70: .core.__DIV8NOSUB
8E75: .core.__DIVI8
8E77: .core.__DIVI8_FAST
8E7F: .core.__DIV8A
8E88: .core.__DIV8B
8E93: .core.__MODU8
8E95: .core.__MODU8_FAST
8E9A: .core.__MODI8
8E9C: .core.__MODI8_FAST
8EA1: .core.__PRINTI8
8EAC: .core.__PRINTU8