8000: .core.__START_PROGRAM
8018: .core.__CALL_BACK__
801A: .core.ZXBASIC_MEM_HEAP
801A: .core.ZXBASIC_USER_DATA
881A: .core.ZXBASIC_USER_DATA_END
881A: .core.__MAIN_PROGRAM__
881D: .nbtempstackstart
8827: .LABEL._filename
8827: .filename
8967: .endfilename
8967: .shadowlayerbit
8968: .nextbuild_file_end
898F: .LABEL.__LABEL0
89CA: .LABEL.__LABEL7
89E0: .LABEL.__LABEL8
89E3: .LABEL.__LABEL9
89F9: .LABEL.__LABEL10
89FF: .LABEL._messagebyte
89FF: .messagebyte
8A01: .LABEL._filebuffer
8A01: .filebuffer
8A11: .core.__END_PROGRAM
8A1F: ._checkints
8A34: .itbuff
8A35: ._checkints__leave
8A36: ._WaitRetrace
8A4A: ._WaitRetrace__leave
8A4B: ._WaitKey
8A87: .exit_wait_key
8A88: ._WaitKey__leave
8A89: ._GetKeyScanCode
8A9C: ._GetKeyScanCode__leave
8A9D: ._CopperAudio
8AAE: .start_copper_audio
8ACC: .MenuFlyback
8AFC: .ReadSD
8B31: .CopperArea2Injection2
8B62: .Flyback184
8B87: .CopperArea1Injection2
8BB9: .EndOfData
8BDC: .reset_copper
8BED: .SetBlocksToLoad
8BFE: .Choice50
8C05: .Read5060Hz
8C18: .WeHave50Hz
8C1B: .StoreTotalLines
8C29: .No312
8C2D: .Lines312
8C2E: .Process5060Hz
8C44: .BlocksToLoad
8C46: .PrepareCopperBank
8C54: .CopperInjection
8C7D: .CopperRegisterLoop
8C98: .SampleToPlay
8C99: .SampleCurrentBank
8C9A: .SampleCurrentAddress
8C9C: .SampleCurrentLength
8C9E: .CopperTotalLines
8CA0: .CopperHalveLines
8CA1: .CopperDoubleLines
8CA3: .Hz5060
8CA4: .SEND_COPPER_DMA
8CD7: .DMADATACOPPEROUT
8CDB: .DMA_CopperSource
8CDD: .DMA_CopperLength
8CEA: .SetDrive
8CF1: .SetBank
8CF8: .drive
8CF9: .CurrentBank
8CFA: .FHandle
8CFB: .Allblocksdone
8CFC: ._CopperAudio__leave
8CFD: ._backupsysvar
8D11: ._backupsysvar__leave
8D12: ._Browser
8D26: .LABEL.__LABEL14
8D4C: .LABEL.__LABEL11
8D5B: .LABEL.__LABEL19
8D81: .LABEL.__LABEL16
8DAE: .browser2
8DB7: .pressesq
8DC7: .FILEOK
8DCE: .FILERROR
8DD2: .copyRAM7tode
8DF1: .cr7tomainloop
8E0C: .ftbuff
8E0D: .LABEL._extname
8E12: .LABEL._testtext
8E12: .testtext
8E53: .stackstore
8E57: .endout
8E71: ._Browser__leave
8E91: .LABEL.__LABEL2
8EA2: .LABEL.__LABEL3
8EBD: .LABEL.__LABEL4
8EC2: .LABEL.__LABEL5
8ED5: .LABEL.__LABEL6
8EF0: .core.__MEM_INIT
8EF6: .core.__MEM_INIT2
8F14: .core.MEM_FREE
8F14: .core.__MEM_FREE
8F66: .core.__ASC
8F7C: .core.SCREEN_ADDR
8F7E: .core.SCREEN_ATTR_ADDR
8F80: .core.__ERROR
8F84: .core.__ERROR_CODE
8F86: .core.__STOP
8F8A: .core.__IN_SCREEN
8F94: .core.__OUT_OF_SCREEN_ERR
8F99: .core.__ATTR_ADDR
8FAA: .core.SET_ATTR
8FB1: .core.__SET_ATTR
8FB1: .core.__SET_ATTR2
8FBE: .core.__LOAD_S_POSN
8FCA: .core.__SAVE_S_POSN
8FD3: .core.__SET_SCR_PTR
8FF0: .core.__zxnbackup_sysvar_bank
9006: .core.__zxnbackup_sysvar_bank_restore
900B: .core.CLS
903F: .core.JUMP_HL_PLUS_2A
9040: .core.JUMP_HL_PLUS_A
9043: .core.JUMP_HL_PLUS_DE
9048: .core.CALL_HL
9049: .core.INK
906B: .core.INK_TMP
9074: .core.PAPER
9099: .core.PAPER_TMP
90A2: .core.FLASH
90A5: .core.__SET_FLASH
90BC: .core.FLASH_TMP
90C1: .core.BRIGHT
90C4: .core.__SET_BRIGHT
90DB: .core.BRIGHT_TMP
90E0: .core.OVER
90F6: .core.OVER_TMP
910E: .core.INVERSE
911B: .core.INVERSE_TMP
9129: .core.BOLD
9136: .core.BOLD_TMP
9142: .core.ITALIC
914F: .core.ITALIC_TMP
915D: .core.__PRINT_INIT
9182: .core.__PRINTCHAR
9186: .core.__PRINT_CHR
91C3: .core.__PRGRAPH0
91E0: .core.PRINT_MODE
91E1: .core.INVERSE_MODE
91FA: .core.__PRINT_SPECIAL
9201: .core.__PRINT_0Dh
9212: .core.__PRINT_EOL_END
9243: .core.__PRINT_AT
9248: .core.__PRINT_NOP
9248: .core.__PRINT_RESTART
926D: .core.__PRINT_DEL
9288: .core.__PRINT_INK2
9292: .core.__PRINT_PAP2
9297: .core.__PRINT_FLA
929C: .core.__PRINT_FLA2
92A1: .core.__PRINT_BRI
92A6: .core.__PRINT_BRI2
92AB: .core.__PRINT_INV
92B0: .core.__PRINT_INV2
92B5: .core.__PRINT_OVR
92BA: .core.__PRINT_OVR2
9310: .core.PRINT_COMMA
9318: .core.PRINT_TAB
932C: .core.PRINT_AT
9367: .core.COPY_ATTR
93AB: .core.MEM_ALLOC
93AB: .core.__MEM_ALLOC
93FA: .core.__ILOADSTR
9401: .core.__LOADSTR
941A: .core.PRINT_STR
941A: .core.__PRINTSTR
943F: .core.__PRINT_STR
9447: .core.__STRLEN
944F: .core.__STRSLICE
9453: .core.__STRSLICE_FAST