8000: .core.__START_PROGRAM
8018: .core.__CALL_BACK__
801A: .core.ZXBASIC_MEM_HEAP
801A: .core.ZXBASIC_USER_DATA
881A: ._add
881C: .core.ZXBASIC_USER_DATA_END
881C: .core.__MAIN_PROGRAM__
8826: .LABEL._filename
8826: .filename
8966: .endfilename
8966: .nbtempstackstart
8969: .shadowlayerbit
896A: .nextbuild_file_end
8972: .startup
8984: .irq
89AA: .LABEL.__LABEL0
8A3C: .LABEL._pattern_position
8A3E: .LABEL._pattern_position_index
8A40: .LABEL._sample_to_play
8A42: .LABEL._pattern
8A42: .pat1
8A63: .pat2
8A74: .pat3
8A85: .pat4
8AC6: .pat5
8AD7: .pat6
8B00: .LABEL._pattern_order
8B00: .pattern_order
8B5A: .patch_interrupt
8BB3: .raster_line
8BBE: .ctc0
8BED: .playing
8BF2: .skipleft
8BFC: .skiplaying
8C08: .ctc0_port
8C08: .done_playing
8C16: .ctc1
8C19: .set_ctc
8C39: .timing_tab
8C49: .LABEL._copper_sample_table
8C49: .copper_sample_table
8C6A: .core.__END_PROGRAM
8C78: ._checkints
8C8D: .itbuff
8C8E: ._checkints__leave
8C8F: ._WaitRetrace
8CA3: ._WaitRetrace__leave
8CA4: ._GetNextSample
8CA4: .get_next_sample
8CA7: .pattern_timing
8CAB: .pattern_speed
8CB6: .get_pattern_order
8CCD: .dont_reset_pattern_order_index
8CDC: .process_sample
8CDD: .increase_pattern_pos
8CE1: .play_sample
8D00: .sampread
8D11: .sampread2
8D1C: .sample
8D1D: .sample_bank
8D1E: .sample_loop
8D1F: .sample_start
8D21: .sample_length
8D23: .sample_offset
8D25: ._GetNextSample__leave
8D26: .LABEL.__LABEL2
8D32: .LABEL.__LABEL3
8D37: .LABEL.__LABEL4
8D43: .LABEL.__LABEL5
8D4F: .core.SCREEN_ADDR
8D51: .core.SCREEN_ATTR_ADDR
8D53: .core.__ERROR
8D57: .core.__ERROR_CODE
8D59: .core.__STOP
8D5D: .core.__IN_SCREEN
8D67: .core.__OUT_OF_SCREEN_ERR
8D6C: .core.__ATTR_ADDR
8D7D: .core.SET_ATTR
8D84: .core.__SET_ATTR
8D84: .core.__SET_ATTR2
8D91: .core.__LOAD_S_POSN
8D9D: .core.__SAVE_S_POSN
8DA6: .core.__SET_SCR_PTR
8DC3: .core.JUMP_HL_PLUS_2A
8DC4: .core.JUMP_HL_PLUS_A
8DC7: .core.JUMP_HL_PLUS_DE
8DCC: .core.CALL_HL
8DCD: .core.__zxnbackup_sysvar_bank
8DE3: .core.__zxnbackup_sysvar_bank_restore
8DE8: .core.INK
8E0A: .core.INK_TMP
8E13: .core.PAPER
8E38: .core.PAPER_TMP
8E41: .core.FLASH
8E44: .core.__SET_FLASH
8E5B: .core.FLASH_TMP
8E60: .core.BRIGHT
8E63: .core.__SET_BRIGHT
8E7A: .core.BRIGHT_TMP
8E7F: .core.OVER
8E95: .core.OVER_TMP
8EAD: .core.INVERSE
8EBA: .core.INVERSE_TMP
8EC8: .core.BOLD
8ED5: .core.BOLD_TMP
8EE1: .core.ITALIC
8EEE: .core.ITALIC_TMP
8EFC: .core.__PRINT_INIT
8F21: .core.__PRINTCHAR
8F25: .core.__PRINT_CHR
8F62: .core.__PRGRAPH0
8F7F: .core.PRINT_MODE
8F80: .core.INVERSE_MODE
8F99: .core.__PRINT_SPECIAL
8FA0: .core.__PRINT_0Dh
8FB1: .core.__PRINT_EOL_END
8FE2: .core.__PRINT_AT
8FE7: .core.__PRINT_NOP
8FE7: .core.__PRINT_RESTART
900C: .core.__PRINT_DEL
9027: .core.__PRINT_INK2
9031: .core.__PRINT_PAP2
9036: .core.__PRINT_FLA
903B: .core.__PRINT_FLA2
9040: .core.__PRINT_BRI
9045: .core.__PRINT_BRI2
904A: .core.__PRINT_INV
904F: .core.__PRINT_INV2
9054: .core.__PRINT_OVR
9059: .core.__PRINT_OVR2
90AF: .core.PRINT_COMMA
90B7: .core.PRINT_TAB
9106: .core.COPY_ATTR
914A: .core.__MEM_INIT
9150: .core.__MEM_INIT2
916E: .core.MEM_FREE
916E: .core.__MEM_FREE
91C0: .core.PRINT_STR
91C0: .core.__PRINTSTR
91E5: .core.__PRINT_STR
91ED: .core.__PRINTU_START
9200: .core.__PRINT_MINUS
9205: .core.__DIVU8
9207: .core.__DIVU8_FAST
920C: .core.__DIV8LOOP
9214: .core.__DIV8NOSUB
9219: .core.__DIVI8
921B: .core.__DIVI8_FAST
9223: .core.__DIV8A
922C: .core.__DIV8B
9237: .core.__MODU8
9239: .core.__MODU8_FAST
923E: .core.__MODI8
9240: .core.__MODI8_FAST
9245: .core.__PRINTI8
9250: .core.__PRINTU8
9266: .core.MEM_ALLOC
9266: .core.__MEM_ALLOC
92B5: .core.__FPSTACK_PUSH2
92C6: .core.__FPSTACK_I16
92D1: .core.__STR
92D1: .core.__STR_FAST
930C: .core.__STR_BANKS
930F: .core.__ABS32
9312: .core.__NEG32
9324: .core.__I8TOFREG
932A: .core.__I32TOFREG
9338: .core.__U8TOFREG
933D: .core.__U32TOFREG
9351: .core.__U32TOFREG_LOOP