8000: .core.__START_PROGRAM
8015: .core.__CALL_BACK__
8017: ._y
8017: .core.ZXBASIC_USER_DATA
8018: ._key
8019: ._tune
801A: ._x
801B: ._a
801D: .core.ZXBASIC_USER_DATA_END
801D: .core.__MAIN_PROGRAM__
8027: .LABEL._filename
8027: .filename
8167: .endfilename
8167: .nbtempstackstart
816A: .shadowlayerbit
816B: .nextbuild_file_end
81BD: .LABEL.__LABEL3
81DB: .LABEL.__LABEL0
81E8: .LABEL.__LABEL5
8213: .LABEL.__LABEL19
821E: .LABEL.__LABEL8
8234: .LABEL.__LABEL20
8244: .LABEL.__LABEL9
825A: .LABEL.__LABEL21
8269: .LABEL.__LABEL11
827F: .LABEL.__LABEL22
8290: .LABEL.__LABEL13
82A6: .LABEL.__LABEL23
82B7: .LABEL.__LABEL15
82CE: .LABEL.__LABEL24
82D6: .LABEL.__LABEL10
82E8: .LABEL._frame_raster
82E8: .raster_line
82FE: .ctc0
8313: .skiploada
831D: .skipload
8335: .mono_player
833C: .end_player
8344: .final
834E: .ctc1
8373: .skipload2
8377: .read_data_a
8388: .read_data_b
8399: .open_file
83B2: .openerror
83BA: .filehandle2
83BB: .chunkloadflag
83BC: .sample_stereo
83BD: .LABEL._sample_offset
83BD: .sample_offset
83BF: .sample_start
83C1: .LABEL._Sprites
83C1: .Sprite1
84C1: .Sprite2
85C1: .LABEL._raster_frame
85C1: .raster_frame
85C5: .core.__END_PROGRAM
85D3: ._checkints
85E8: .itbuff
85E9: ._checkints__leave
85EA: ._InitSprites
8602: .sploop
860B: ._InitSprites__leave
8616: ._UpdateSprite
864A: ._UpdateSprite__leave
864E: .__EXIT_FUNCTION
8658: ._GetKeyScanCode
866B: ._GetKeyScanCode__leave
866C: ._StartTune
867D: ._StartTune__leave
8686: ._ChangeTune
86A4: .tunedatabase
86B8: .tune1
86B8: .tunefilename
86C7: .tune2
86DB: .tune3
86F0: .tune4
86F9: ._ChangeTune__leave
86FA: ._dostuff
870E: ._dostuff__leave
870F: ._OpenFile
8714: ._OpenFile__leave
8715: ._ReadChunk
871B: ._ReadChunk__leave
871C: .Vblank
871C: ._CTCWaitVlbank
8720: .vsync
8723: ._CTCWaitVlbank__leave
8724: ._SetUPCTC
8724: .startup
8733: .irq
874B: .patch_interrupt
87A2: .set_ctc
87C5: .timing_tab
87D5: .sampletiming
87D6: .tunemamebuffer
87D8: ._SetUPCTC__leave
87D9: .core.SCREEN_ADDR
87DB: .core.SCREEN_ATTR_ADDR
87DD: .core.__ERROR
87E1: .core.__ERROR_CODE
87E3: .core.__STOP
87E7: .core.__IN_SCREEN
87F1: .core.__OUT_OF_SCREEN_ERR
87F6: .core.__ATTR_ADDR
8807: .core.SET_ATTR
880E: .core.__SET_ATTR
880E: .core.__SET_ATTR2
881B: .core.__LOAD_S_POSN
8827: .core.__SAVE_S_POSN
8830: .core.__SET_SCR_PTR
884D: .core.__zxnbackup_sysvar_bank
8863: .core.__zxnbackup_sysvar_bank_restore
8868: .core.CLS
889C: .core.JUMP_HL_PLUS_2A
889D: .core.JUMP_HL_PLUS_A
88A0: .core.JUMP_HL_PLUS_DE
88A5: .core.CALL_HL
88A6: .core.INK
88C8: .core.INK_TMP
88D1: .core.PAPER
88F6: .core.PAPER_TMP
88FF: .core.FLASH
8902: .core.__SET_FLASH
8919: .core.FLASH_TMP
891E: .core.BRIGHT
8921: .core.__SET_BRIGHT
8938: .core.BRIGHT_TMP
893D: .core.OVER
8953: .core.OVER_TMP
896B: .core.INVERSE
8978: .core.INVERSE_TMP
8986: .core.BOLD
8993: .core.BOLD_TMP
899F: .core.ITALIC
89AC: .core.ITALIC_TMP
89BA: .core.__PRINT_INIT
89DF: .core.__PRINTCHAR
89E3: .core.__PRINT_CHR
8A20: .core.__PRGRAPH0
8A3D: .core.PRINT_MODE
8A3E: .core.INVERSE_MODE
8A57: .core.__PRINT_SPECIAL
8A5E: .core.__PRINT_0Dh
8A6F: .core.__PRINT_EOL_END
8AA0: .core.__PRINT_AT
8AA5: .core.__PRINT_NOP
8AA5: .core.__PRINT_RESTART
8ACA: .core.__PRINT_DEL
8AE5: .core.__PRINT_INK2
8AEF: .core.__PRINT_PAP2
8AF4: .core.__PRINT_FLA
8AF9: .core.__PRINT_FLA2
8AFE: .core.__PRINT_BRI
8B03: .core.__PRINT_BRI2
8B08: .core.__PRINT_INV
8B0D: .core.__PRINT_INV2
8B12: .core.__PRINT_OVR
8B17: .core.__PRINT_OVR2
8B6D: .core.PRINT_COMMA
8B75: .core.PRINT_TAB
8BC4: .core.COPY_ATTR
8C08: .core.__EQ16
8C0E: .core.__PRINTU_START
8C21: .core.__PRINT_MINUS
8C26: .core.__DIVU8
8C28: .core.__DIVU8_FAST
8C2D: .core.__DIV8LOOP
8C35: .core.__DIV8NOSUB
8C3A: .core.__DIVI8
8C3C: .core.__DIVI8_FAST
8C44: .core.__DIV8A
8C4D: .core.__DIV8B
8C58: .core.__MODU8
8C5A: .core.__MODU8_FAST
8C5F: .core.__MODI8
8C61: .core.__MODI8_FAST
8C66: .core.__PRINTI8
8C71: .core.__PRINTU8