8000: .core.__START_PROGRAM
8012: .core.__CALL_BACK__
8014: ._key
8014: .core.ZXBASIC_USER_DATA
8015: ._tune
8016: ._a
8017: ._b
8018: ._timer
8019: .core.ZXBASIC_USER_DATA_END
8019: .core.__MAIN_PROGRAM__
801C: .nbtempstackstart
8026: .LABEL._filename
8026: .filename
8166: .endfilename
8166: .shadowlayerbit
8167: .asm
8167: .nextbuild_file_end
81CF: .LABEL.__LABEL0
81EA: .LABEL.__LABEL30
81F5: .LABEL.__LABEL3
820D: .LABEL.__LABEL31
821D: .LABEL.__LABEL4
8236: .LABEL.__LABEL32
8245: .LABEL.__LABEL6
825E: .LABEL.__LABEL33
826F: .LABEL.__LABEL8
8288: .LABEL.__LABEL34
8299: .LABEL.__LABEL10
82B2: .LABEL.__LABEL35
82BD: .LABEL.__LABEL12
82D6: .LABEL.__LABEL36
82E1: .LABEL.__LABEL14
82FA: .LABEL.__LABEL37
8305: .LABEL.__LABEL16
831E: .LABEL.__LABEL38
8329: .LABEL.__LABEL18
8342: .LABEL.__LABEL39
834D: .LABEL.__LABEL20
8366: .LABEL.__LABEL40
8371: .LABEL.__LABEL22
8385: .LABEL.__LABEL41
838D: .LABEL.__LABEL5
83B2: .LABEL.__LABEL29
83BE: .LABEL.__LABEL26
83C2: .LABEL.__LABEL27
83C8: .LABEL._frame_raster
83C8: .raster_line
83DE: .ctc0
83F3: .skiploada
83FD: .skipload
8415: .mono_player
841C: .end_player
8424: .final
842E: .ctc1
8453: .skipload2
8457: .read_data_a
8468: .read_data_b
8479: .open_file
8490: .openerror
8496: .filehandle2
8497: .chunkloadflag
8498: .sample_stereo
8499: .LABEL._sample_offset
8499: .sample_offset
849B: .sample_start
849D: .LABEL._raster_frame
849D: .raster_frame
849E: .LABEL._rainbow
849E: .rainbow
86A1: .core.__END_PROGRAM
86AF: ._checkints
86C4: .itbuff
86C5: ._checkints__leave
86C6: ._ShowLayer2
86D2: ._ShowLayer2__leave
86D3: ._NextRegA
86DC: ._NextRegA__leave
86DD: ._ClipLayer2
86FD: ._ClipLayer2__leave
8709: ._GetKeyScanCode
871C: ._GetKeyScanCode__leave
871D: ._genpalette
872D: .uploop1
8741: .uploop
8759: ._genpalette__leave
875A: ._PalCycle
8796: ._PalCycle__leave
87A1: ._StartTune
87B2: ._StartTune__leave
87BB: ._ChangeTune
87D9: .tunedatabase
87ED: .tune1
87ED: .tunefilename
87FC: .tune2
8810: .tune3
8825: .tune4
882E: ._ChangeTune__leave
882F: ._dostuff
883B: ._dostuff__leave
883C: ._OpenFile
8841: ._OpenFile__leave
8842: ._ReadChunk
8848: ._ReadChunk__leave
8849: .Vblank
8849: ._CTCWaitVlbank
884D: .vsync
8850: ._CTCWaitVlbank__leave
8851: ._SetUPCTC
8851: .startup
8860: .irq
8878: .patch_interrupt
88CF: .set_ctc
88F2: .timing_tab
8902: .sampletiming
8903: .tunemamebuffer
8905: ._SetUPCTC__leave
8906: .core.SCREEN_ADDR
8908: .core.SCREEN_ATTR_ADDR
890A: .core.__ERROR
890E: .core.__ERROR_CODE
8910: .core.__STOP
8914: .core.__IN_SCREEN
891E: .core.__OUT_OF_SCREEN_ERR
8923: .core.__ATTR_ADDR
8934: .core.SET_ATTR
893B: .core.__SET_ATTR
893B: .core.__SET_ATTR2
8948: .core.__LOAD_S_POSN
8954: .core.__SAVE_S_POSN
895D: .core.__SET_SCR_PTR
897A: .core.__zxnbackup_sysvar_bank
8990: .core.__zxnbackup_sysvar_bank_restore
8995: .core.CLS
89C9: .core.__EQ16
89CF: .core.INK
89F1: .core.INK_TMP
89FA: .core.PAPER
8A1F: .core.PAPER_TMP