8000: .core.__START_PROGRAM
8015: .core.__CALL_BACK__
8017: ._y
8017: .core.ZXBASIC_USER_DATA
8018: ._key
8019: ._tune
801A: ._x
801B: ._a
801D: .core.ZXBASIC_USER_DATA_END
801D: .core.__MAIN_PROGRAM__
8020: .nbtempstackstart
802A: .LABEL._filename
802A: .filename
816A: .endfilename
816A: .shadowlayerbit
816B: .nextbuild_file_end
81BC: .LABEL.__LABEL3
81DA: .LABEL.__LABEL0
81E7: .LABEL.__LABEL5
8212: .LABEL.__LABEL19
821D: .LABEL.__LABEL8
8233: .LABEL.__LABEL20
8243: .LABEL.__LABEL9
8259: .LABEL.__LABEL21
8268: .LABEL.__LABEL11
827E: .LABEL.__LABEL22
828F: .LABEL.__LABEL13
82A5: .LABEL.__LABEL23
82B6: .LABEL.__LABEL15
82CD: .LABEL.__LABEL24
82D5: .LABEL.__LABEL10
82E7: .LABEL._frame_raster
82E7: .raster_line
82FD: .ctc0
8312: .skiploada
831C: .skipload
8334: .mono_player
833B: .end_player
8343: .final
834D: .ctc1
8372: .skipload2
8376: .read_data_a
8387: .read_data_b
8398: .open_file
83B1: .openerror
83B9: .filehandle2
83BA: .chunkloadflag
83BB: .sample_stereo
83BC: .LABEL._sample_offset
83BC: .sample_offset
83BE: .sample_start
83C0: .LABEL._Sprites
83C0: .Sprite1
84C0: .Sprite2
85C0: .LABEL._raster_frame
85C0: .raster_frame
85C4: .core.__END_PROGRAM
85D2: ._checkints
85E7: .itbuff
85E8: ._checkints__leave
85E9: ._InitSprites
8601: .sploop
860A: ._InitSprites__leave
8615: ._UpdateSprite
8649: ._UpdateSprite__leave
864D: .__EXIT_FUNCTION
8657: ._GetKeyScanCode
866A: ._GetKeyScanCode__leave
866B: ._StartTune
867C: ._StartTune__leave
8685: ._ChangeTune
86A3: .tunedatabase
86B7: .tune1
86B7: .tunefilename
86C6: .tune2
86DA: .tune3
86EF: .tune4
86F8: ._ChangeTune__leave
86F9: ._dostuff
870D: ._dostuff__leave
870E: ._OpenFile
8713: ._OpenFile__leave
8714: ._ReadChunk
871A: ._ReadChunk__leave
871B: .Vblank
871B: ._CTCWaitVlbank
871F: .vsync
8722: ._CTCWaitVlbank__leave
8723: ._SetUPCTC
8723: .startup
8732: .irq
874A: .patch_interrupt
87A1: .set_ctc
87C4: .timing_tab
87D4: .sampletiming
87D5: .tunemamebuffer
87D7: ._SetUPCTC__leave
87D8: .core.SCREEN_ADDR
87DA: .core.SCREEN_ATTR_ADDR
87DC: .core.__ERROR
87E0: .core.__ERROR_CODE
87E2: .core.__STOP
87E6: .core.__IN_SCREEN
87F0: .core.__OUT_OF_SCREEN_ERR
87F5: .core.__ATTR_ADDR
8806: .core.SET_ATTR
880D: .core.__SET_ATTR
880D: .core.__SET_ATTR2
881A: .core.__LOAD_S_POSN
8826: .core.__SAVE_S_POSN
882F: .core.__SET_SCR_PTR
884C: .core.__zxnbackup_sysvar_bank
8862: .core.__zxnbackup_sysvar_bank_restore
8867: .core.CLS
889B: .core.JUMP_HL_PLUS_2A
889C: .core.JUMP_HL_PLUS_A
889F: .core.JUMP_HL_PLUS_DE
88A4: .core.CALL_HL
88A5: .core.INK
88C7: .core.INK_TMP
88D0: .core.PAPER
88F5: .core.PAPER_TMP
88FE: .core.FLASH
8901: .core.__SET_FLASH
8918: .core.FLASH_TMP
891D: .core.BRIGHT
8920: .core.__SET_BRIGHT
8937: .core.BRIGHT_TMP
893C: .core.OVER
8952: .core.OVER_TMP
896A: .core.INVERSE
8977: .core.INVERSE_TMP
8985: .core.BOLD
8992: .core.BOLD_TMP
899E: .core.ITALIC
89AB: .core.ITALIC_TMP
89B9: .core.__PRINT_INIT
89DE: .core.__PRINTCHAR
89E2: .core.__PRINT_CHR
8A1F: .core.__PRGRAPH0
8A3C: .core.PRINT_MODE
8A3D: .core.INVERSE_MODE
8A56: .core.__PRINT_SPECIAL
8A5D: .core.__PRINT_0Dh
8A6E: .core.__PRINT_EOL_END
8A9F: .core.__PRINT_AT
8AA4: .core.__PRINT_NOP
8AA4: .core.__PRINT_RESTART
8AC9: .core.__PRINT_DEL
8AE4: .core.__PRINT_INK2
8AEE: .core.__PRINT_PAP2
8AF3: .core.__PRINT_FLA
8AF8: .core.__PRINT_FLA2
8AFD: .core.__PRINT_BRI
8B02: .core.__PRINT_BRI2
8B07: .core.__PRINT_INV
8B0C: .core.__PRINT_INV2
8B11: .core.__PRINT_OVR
8B16: .core.__PRINT_OVR2
8B6C: .core.PRINT_COMMA
8B74: .core.PRINT_TAB
8BC3: .core.COPY_ATTR
8C07: .core.__EQ16
8C0D: .core.__PRINTU_START
8C20: .core.__PRINT_MINUS
8C25: .core.__DIVU8
8C27: .core.__DIVU8_FAST
8C2C: .core.__DIV8LOOP
8C34: .core.__DIV8NOSUB
8C39: .core.__DIVI8
8C3B: .core.__DIVI8_FAST
8C43: .core.__DIV8A
8C4C: .core.__DIV8B
8C57: .core.__MODU8
8C59: .core.__MODU8_FAST
8C5E: .core.__MODI8
8C60: .core.__MODI8_FAST
8C65: .core.__PRINTI8
8C70: .core.__PRINTU8