8000: .core.__START_PROGRAM
8012: .core.__CALL_BACK__
8014: ._key
8014: .core.ZXBASIC_USER_DATA
8015: ._tune
8016: ._a
8017: ._b
8018: ._timer
8019: .core.ZXBASIC_USER_DATA_END
8019: .core.__MAIN_PROGRAM__
801C: .nbtempstackstart
8026: .LABEL._filename
8026: .filename
8166: .endfilename
8166: .shadowlayerbit
8167: .asm
8167: .nextbuild_file_end
81D0: .LABEL.__LABEL0
81EB: .LABEL.__LABEL30
81F6: .LABEL.__LABEL3
820E: .LABEL.__LABEL31
821E: .LABEL.__LABEL4
8237: .LABEL.__LABEL32
8246: .LABEL.__LABEL6
825F: .LABEL.__LABEL33
8270: .LABEL.__LABEL8
8289: .LABEL.__LABEL34
829A: .LABEL.__LABEL10
82B3: .LABEL.__LABEL35
82BE: .LABEL.__LABEL12
82D7: .LABEL.__LABEL36
82E2: .LABEL.__LABEL14
82FB: .LABEL.__LABEL37
8306: .LABEL.__LABEL16
831F: .LABEL.__LABEL38
832A: .LABEL.__LABEL18
8343: .LABEL.__LABEL39
834E: .LABEL.__LABEL20
8367: .LABEL.__LABEL40
8372: .LABEL.__LABEL22
8386: .LABEL.__LABEL41
838E: .LABEL.__LABEL5
83B3: .LABEL.__LABEL29
83BF: .LABEL.__LABEL26
83C3: .LABEL.__LABEL27
83C9: .LABEL._frame_raster
83C9: .raster_line
83DF: .ctc0
83F4: .skiploada
83FE: .skipload
8416: .mono_player
841D: .end_player
8425: .final
842F: .ctc1
8454: .skipload2
8458: .read_data_a
8469: .read_data_b
847A: .open_file
8491: .openerror
8497: .filehandle2
8498: .chunkloadflag
8499: .sample_stereo
849A: .LABEL._sample_offset
849A: .sample_offset
849C: .sample_start
849E: .LABEL._raster_frame
849E: .raster_frame
849F: .LABEL._rainbow
849F: .rainbow
86A2: .core.__END_PROGRAM
86B0: ._checkints
86C5: .itbuff
86C6: ._checkints__leave
86C7: ._ShowLayer2
86D3: ._ShowLayer2__leave
86D4: ._NextRegA
86DD: ._NextRegA__leave
86DE: ._ClipLayer2
86FE: ._ClipLayer2__leave
870A: ._GetKeyScanCode
871D: ._GetKeyScanCode__leave
871E: ._genpalette
872E: .uploop1
8742: .uploop
875A: ._genpalette__leave
875B: ._PalCycle
8797: ._PalCycle__leave
87A2: ._StartTune
87B3: ._StartTune__leave
87BC: ._ChangeTune
87DA: .tunedatabase
87EE: .tune1
87EE: .tunefilename
87FD: .tune2
8811: .tune3
8826: .tune4
882F: ._ChangeTune__leave
8830: ._dostuff
883C: ._dostuff__leave
883D: ._OpenFile
8842: ._OpenFile__leave
8843: ._ReadChunk
8849: ._ReadChunk__leave
884A: .Vblank
884A: ._CTCWaitVlbank
884E: .vsync
8851: ._CTCWaitVlbank__leave
8852: ._SetUPCTC
8852: .startup
8861: .irq
8879: .patch_interrupt
88D0: .set_ctc
88F3: .timing_tab
8903: .sampletiming
8904: .tunemamebuffer
8906: ._SetUPCTC__leave
8907: .core.SCREEN_ADDR
8909: .core.SCREEN_ATTR_ADDR
890B: .core.__ERROR
890F: .core.__ERROR_CODE
8911: .core.__STOP
8915: .core.__IN_SCREEN
891F: .core.__OUT_OF_SCREEN_ERR
8924: .core.__ATTR_ADDR
8935: .core.SET_ATTR
893C: .core.__SET_ATTR
893C: .core.__SET_ATTR2
8949: .core.__LOAD_S_POSN
8955: .core.__SAVE_S_POSN
895E: .core.__SET_SCR_PTR
897B: .core.__zxnbackup_sysvar_bank
8991: .core.__zxnbackup_sysvar_bank_restore
8996: .core.CLS
89CA: .core.__EQ16
89D0: .core.INK
89F2: .core.INK_TMP
89FB: .core.PAPER
8A20: .core.PAPER_TMP