8000: .core.__START_PROGRAM
8018: .core.__CALL_BACK__
801A: .core.ZXBASIC_MEM_HEAP
801A: .core.ZXBASIC_USER_DATA
881A: ._add
881C: .core.ZXBASIC_USER_DATA_END
881C: .core.__MAIN_PROGRAM__
881F: .nbtempstackstart
8829: .LABEL._filename
8829: .filename
8969: .endfilename
8969: .shadowlayerbit
896A: .LABEL.__LABEL0
896A: .nextbuild_file_end
8A08: .LABEL._pattern_position
8A0A: .LABEL._pattern_position_index
8A0C: .LABEL._sample_to_play
8A0E: .LABEL._pattern
8A0E: .pat1
8A1F: .pat2
8A30: .pat3
8A41: .pat4
8A52: .LABEL._pattern_order
8A52: .pattern_order
8A7D: .testloop
8A86: .LABEL._testcode
8A86: .raster_line
8AA6: .skipload2
8AB3: .checkpos
8AC5: .skiploada
8ACF: .skipload
8AE5: .final
8AEC: .chunkloadflag
8AED: .sample_offset
8AEF: .read_data_a
8AF4: .read_data_b
8AF9: .asm
8AFA: .ctc0
8B0A: .done_playing
8B11: .sample_length
8B16: .core.__END_PROGRAM
8B24: ._checkints
8B39: .itbuff
8B3A: ._checkints__leave
8B3B: ._WaitRetrace2
8B5C: ._WaitRetrace2__leave
8B5D: ._GetNextSample
8B60: .pattern_timing
8B6F: .get_pattern_order
8B86: .dont_reset_pattern_order_index
8B95: .process_sample
8B98: .increase_pattern_pos
8B9F: .play_sample
8BA2: .sample
8BA5: ._GetNextSample__leave
8BA6: .LABEL.__LABEL2
8BC2: .LABEL.__LABEL3
8BCE: .LABEL.__LABEL4
8BD3: .LABEL.__LABEL5
8BDF: .LABEL.__LABEL6
8BEB: .core.SCREEN_ADDR
8BED: .core.SCREEN_ATTR_ADDR
8BEF: .core.__ERROR
8BF3: .core.__ERROR_CODE
8BF5: .core.__STOP
8BF9: .core.__IN_SCREEN
8C03: .core.__OUT_OF_SCREEN_ERR
8C08: .core.__ATTR_ADDR
8C19: .core.SET_ATTR
8C20: .core.__SET_ATTR
8C20: .core.__SET_ATTR2
8C2D: .core.__LOAD_S_POSN
8C39: .core.__SAVE_S_POSN
8C42: .core.__SET_SCR_PTR
8C5F: .core.JUMP_HL_PLUS_2A
8C60: .core.JUMP_HL_PLUS_A
8C63: .core.JUMP_HL_PLUS_DE
8C68: .core.CALL_HL
8C69: .core.__zxnbackup_sysvar_bank
8C7F: .core.__zxnbackup_sysvar_bank_restore
8C84: .core.INK
8CA6: .core.INK_TMP
8CAF: .core.PAPER
8CD4: .core.PAPER_TMP
8CDD: .core.FLASH
8CE0: .core.__SET_FLASH
8CF7: .core.FLASH_TMP
8CFC: .core.BRIGHT
8CFF: .core.__SET_BRIGHT
8D16: .core.BRIGHT_TMP
8D1B: .core.OVER
8D31: .core.OVER_TMP
8D49: .core.INVERSE
8D56: .core.INVERSE_TMP
8D64: .core.BOLD
8D71: .core.BOLD_TMP
8D7D: .core.ITALIC
8D8A: .core.ITALIC_TMP
8D98: .core.__PRINT_INIT
8DBD: .core.__PRINTCHAR
8DC1: .core.__PRINT_CHR
8DFE: .core.__PRGRAPH0
8E1B: .core.PRINT_MODE
8E1C: .core.INVERSE_MODE
8E35: .core.__PRINT_SPECIAL
8E3C: .core.__PRINT_0Dh
8E4D: .core.__PRINT_EOL_END
8E7E: .core.__PRINT_AT
8E83: .core.__PRINT_NOP
8E83: .core.__PRINT_RESTART
8EA8: .core.__PRINT_DEL
8EC3: .core.__PRINT_INK2
8ECD: .core.__PRINT_PAP2
8ED2: .core.__PRINT_FLA
8ED7: .core.__PRINT_FLA2
8EDC: .core.__PRINT_BRI
8EE1: .core.__PRINT_BRI2
8EE6: .core.__PRINT_INV
8EEB: .core.__PRINT_INV2
8EF0: .core.__PRINT_OVR
8EF5: .core.__PRINT_OVR2
8F4B: .core.PRINT_COMMA
8F53: .core.PRINT_TAB
8FA2: .core.COPY_ATTR
8FE6: .core.__MEM_INIT
8FEC: .core.__MEM_INIT2
900A: .core.MEM_FREE
900A: .core.__MEM_FREE
905C: .core.PRINT_STR
905C: .core.__PRINTSTR
9081: .core.__PRINT_STR
9089: .core.__PRINTU_START
909C: .core.__PRINT_MINUS
90A1: .core.__DIVU8
90A3: .core.__DIVU8_FAST
90A8: .core.__DIV8LOOP
90B0: .core.__DIV8NOSUB
90B5: .core.__DIVI8
90B7: .core.__DIVI8_FAST
90BF: .core.__DIV8A
90C8: .core.__DIV8B
90D3: .core.__MODU8
90D5: .core.__MODU8_FAST
90DA: .core.__MODI8
90DC: .core.__MODI8_FAST
90E1: .core.__PRINTI8
90EC: .core.__PRINTU8