6000: .core.__START_PROGRAM
6015: .core.__CALL_BACK__
6017: .core.ZXBASIC_MEM_HEAP
6017: .core.ZXBASIC_USER_DATA
6817: ._a
681C: ._pcounter
681D: ._pcounter2
681E: ._position
681F: ._sx
6820: ._sy
6821: ._dg
6822: ._dh
6823: ._delay
6824: .core.ZXBASIC_USER_DATA_END
6824: .core.__MAIN_PROGRAM__
682D: .core.__END_PROGRAM
683E: .nbtempstackstart
6848: .LABEL._filename
6848: .filename
6988: .endfilename
6988: .shadowlayerbit
6989: .LABEL._sintable
6989: .nextbuild_file_end
6C09: .LABEL._sintable2
6D0F: ._NStr
6D2F: .CharToAsc
6D58: ._NStr__leave
6D6E: ._checkints
6D83: .itbuff
6D84: ._checkints__leave
6D85: ._InitSprites2
6DB3: ._InitSprites2__leave
6DB4: ._UpdateSprite
6DE8: ._UpdateSprite__leave
6DEC: .__EXIT_FUNCTION
6DF6: ._L2Text
6E49: .PlotTextTile
6E7F: .textfontdone
6E84: .endofl2text
6E8B: ._L2Text__leave
6EA5: ._CLS256
6EAD: .Cls256
6EC8: .LoadAll
6ECE: .ClearLoop
6EF1: ._CLS256__leave
6EFA: ._WaitRetrace
6F0E: ._WaitRetrace__leave
6F0F: ._GetKey2
6F5D: ._GetKey2__leave
6F5E: ._fSin
6F89: .LABEL.__LABEL0
6FC4: .LABEL.__LABEL2
7003: .LABEL.__LABEL3
7042: .LABEL.__LABEL4
7046: .LABEL.__LABEL5
707E: .LABEL.__LABEL7
713D: .LABEL._sinetable
716B: ._fSin__leave
7175: ._Init
7179: ._Init__leave
717A: ._Main
71B3: .LABEL.__LABEL10
71FA: .LABEL.__LABEL12
722C: .LABEL.__LABEL14
7241: .LABEL.__LABEL18
724B: .LABEL.__LABEL11
7250: ._Main__leave
7251: ._draw_sprites
7270: .LABEL.__LABEL23
72F2: .LABEL.__LABEL25
72F6: .LABEL.__LABEL26
7319: .LABEL.__LABEL20
7324: ._draw_sprites__leave
7329: .LABEL.__LABEL8
733B: .LABEL.__LABEL9
7359: .core.__ABS32
735C: .core.__NEG32
736E: .core.__DIVU32
7372: .core.__DIVU32START
7385: .core.__DIV32LOOP
73A4: .core.__DIV32NOADD
73B2: .core.__MODU32
73B9: .core.__MODU32START
73C0: .core.__DIVI32
73C4: .core.__DIVI32START
73E1: .core.__MODI32
73EB: .core.__DIVF16
73F0: .core.__DIVF16START
7403: .core.__SHIFTALOOP
7412: .core.__SHIFTB
7415: .core.__SHIFTBLOOP
7424: .core.__DOF16_DIVIDE
7427: .core.__DOF16_DIVRDY
7433: .core.__SHIFTCLOOP
743A: .core.__ENDF16DIV
7441: .core.__I8TOFREG
7447: .core.__I32TOFREG
7455: .core.__U8TOFREG
745A: .core.__U32TOFREG
746E: .core.__U32TOFREG_LOOP
7490: .core.__FTOU32REG
74AD: .core.__FTOU32REG_LOOP
74C1: .core.__FTOU32REG_END
74D9: .core.__FTOU8
74DE: .core.__FPSTACK_PUSH2
74EF: .core.__FPSTACK_I16
74FA: .core.__EQF
7508: .core.__MEM_INIT
750E: .core.__MEM_INIT2
752C: .core.MEM_FREE
752C: .core.__MEM_FREE
757E: .core.__SUB32
7592: .core.__LEI32
75AF: .core.__ERROR
75B3: .core.__ERROR_CODE
75B5: .core.__STOP
75B9: .core.MEM_ALLOC
75B9: .core.__MEM_ALLOC
7608: .core.__ILOADSTR
760F: .core.__LOADSTR
7628: .core.__LTI32
763C: .core.__MUL32_64START
7646: .core.__LMUL
7653: .core.__LMULLOOP
765A: .core.__LMULNOADD
7664: .core.__LMULSTART
7670: .core.__MULF16
7683: .core.__ROUND_FIX
769A: .core.__MODF16
76C0: .core.__PISTORE32
76C6: .core.__ISTORE32
76CA: .core.__STORE32
76D2: .core.__PSTORE32
76DB: .core.__FP_PUSH_REV
76EE: .core.__PISTOREF
76F5: .core.__ISTOREF
76FB: .core.__STOREF