6000: .core.__START_PROGRAM
6015: .core.__CALL_BACK__
6017: .core.ZXBASIC_MEM_HEAP
6017: .core.ZXBASIC_USER_DATA
6817: ._a
681C: .core.ZXBASIC_USER_DATA_END
681C: .core.__MAIN_PROGRAM__
6825: .core.__END_PROGRAM
683D: .LABEL._filename
683D: .filename
697D: .endfilename
697D: .nbtempstackstart
6980: .shadowlayerbit
6981: .nextbuild_file_end
6987: ._checkints
699C: .itbuff
699D: ._checkints__leave
699E: ._InitSprites2
69CC: ._InitSprites2__leave
69CD: ._RemoveSprite
69EE: ._RemoveSprite__leave
69F8: ._L2Text
6A4B: .PlotTextTile
6A81: .textfontdone
6A86: .endofl2text
6A8D: ._L2Text__leave
6AA7: ._CLS256
6AAF: .Cls256
6ACA: .LoadAll
6AD0: .ClearLoop
6AF3: ._CLS256__leave
6AFC: ._WaitRetrace
6B17: ._WaitRetrace__leave
6B20: ._GetKey2
6B6E: ._GetKey2__leave
6B6F: ._fSin
6B9A: .LABEL.__LABEL0
6BD5: .LABEL.__LABEL2
6C14: .LABEL.__LABEL3
6C53: .LABEL.__LABEL4
6C57: .LABEL.__LABEL5
6C8F: .LABEL.__LABEL7
6D4E: .LABEL._sinetable
6D7C: ._fSin__leave
6D86: ._Init
6D9E: .LABEL.__LABEL11
6DAA: .LABEL.__LABEL8
6DB2: ._Init__leave
6DB7: ._Main
6DF0: .LABEL.__LABEL15
6DFE: .LABEL.__LABEL16
6E03: ._Main__leave
6E04: .LABEL.__LABEL13
6E16: .LABEL.__LABEL14
6E34: .core.__ABS32
6E37: .core.__NEG32
6E49: .core.__DIVU32
6E4D: .core.__DIVU32START
6E60: .core.__DIV32LOOP
6E7F: .core.__DIV32NOADD
6E8D: .core.__MODU32
6E94: .core.__MODU32START
6E9B: .core.__DIVI32
6E9F: .core.__DIVI32START
6EBC: .core.__MODI32
6EC6: .core.__DIVF16
6ECB: .core.__DIVF16START
6EDE: .core.__SHIFTALOOP
6EED: .core.__SHIFTB
6EF0: .core.__SHIFTBLOOP
6EFF: .core.__DOF16_DIVIDE
6F02: .core.__DOF16_DIVRDY
6F0E: .core.__SHIFTCLOOP
6F15: .core.__ENDF16DIV
6F1C: .core.__MEM_INIT
6F22: .core.__MEM_INIT2
6F40: .core.MEM_FREE
6F40: .core.__MEM_FREE
6F92: .core.__SUB32
6FA6: .core.__LEI32
6FC3: .core.__ERROR
6FC7: .core.__ERROR_CODE
6FC9: .core.__STOP
6FCD: .core.MEM_ALLOC
6FCD: .core.__MEM_ALLOC
701C: .core.__ILOADSTR
7023: .core.__LOADSTR
703C: .core.__LTI32
7050: .core.__MUL32_64START
705A: .core.__LMUL
7067: .core.__LMULLOOP
706E: .core.__LMULNOADD
7078: .core.__LMULSTART
7084: .core.__MULF16
7097: .core.__ROUND_FIX
70AE: .core.__MODF16
70D4: .core.__PISTORE32
70DA: .core.__ISTORE32
70DE: .core.__STORE32
70E6: .core.__PSTORE32