6000: .core.__START_PROGRAM
6015: .core.__CALL_BACK__
6017: .core.ZXBASIC_MEM_HEAP
6017: .core.ZXBASIC_USER_DATA
6817: ._common
6819: ._pcounter
681A: ._pcounter2
681B: ._position
681C: ._sx
681D: ._sy
681E: ._dg
681F: ._dh
6820: ._delay
6821: ._a
6822: .core.ZXBASIC_USER_DATA_END
6822: .core.__MAIN_PROGRAM__
682B: .core.__END_PROGRAM
6842: .LABEL._filename
6842: .filename
6942: .endfilename
6942: .nbtempstackstart
6945: .shadowlayerbit
694F: .LABEL._sintable
6BCF: .LABEL._sintable2
6CD5: ._checkints
6CEA: .itbuff
6CEB: ._checkints__leave
6CEC: ._InitSprites2
6D1E: ._InitSprites2__leave
6D1F: ._UpdateSprite
6D53: ._UpdateSprite__leave
6D57: .__EXIT_FUNCTION
6D61: ._L2Text
6DB4: .PlotTextTile
6DEA: .textfontdone
6DEF: .endofl2text
6DF6: ._L2Text__leave
6E10: ._CLS256
6E18: .Cls256
6E33: .LoadAll
6E39: .ClearLoop
6E5B: ._CLS256__leave
6E64: ._WaitRetrace
6E7F: ._WaitRetrace__leave
6E88: ._GetKey2
6ED6: ._GetKey2__leave
6ED7: ._fSin
6F02: .LABEL.__LABEL1
6F3D: .LABEL.__LABEL3
6F7C: .LABEL.__LABEL4
6FBB: .LABEL.__LABEL5
6FBF: .LABEL.__LABEL6
6FF7: .LABEL.__LABEL8
70B6: .LABEL._sinetable
70E4: ._fSin__leave
70EE: ._Init
70F2: ._Init__leave
70F3: ._Main
712A: .LABEL.__LABEL11
715E: .LABEL.__LABEL13
7185: .LABEL.__LABEL15
718D: .LABEL.__LABEL19
7197: .LABEL.__LABEL12
719C: ._Main__leave
719D: ._draw_sprites
71BC: .LABEL.__LABEL24
7246: .LABEL.__LABEL26
724A: .LABEL.__LABEL27
726D: .LABEL.__LABEL21
7278: ._draw_sprites__leave
727D: .LABEL.__LABEL0
7280: .LABEL.__LABEL9
7292: .LABEL.__LABEL10
72B0: .core.__ABS32
72B3: .core.__NEG32
72C5: .core.__DIVU32
72C9: .core.__DIVU32START
72DC: .core.__DIV32LOOP
72FB: .core.__DIV32NOADD
7309: .core.__MODU32
7310: .core.__MODU32START
7317: .core.__DIVI32
731B: .core.__DIVI32START
7338: .core.__MODI32
7342: .core.__DIVF16
7347: .core.__DIVF16START
735A: .core.__SHIFTALOOP
7369: .core.__SHIFTB
736C: .core.__SHIFTBLOOP
737B: .core.__DOF16_DIVIDE
737E: .core.__DOF16_DIVRDY
738A: .core.__SHIFTCLOOP
7391: .core.__ENDF16DIV
7398: .core.__MEM_INIT
739E: .core.__MEM_INIT2
73BC: .core.MEM_FREE
73BC: .core.__MEM_FREE
740E: .core.__SUB32
7422: .core.__LEI32
743F: .core.__ERROR
7443: .core.__ERROR_CODE
7445: .core.__STOP
7449: .core.MEM_ALLOC
7449: .core.__MEM_ALLOC
7498: .core.__ILOADSTR
749F: .core.__LOADSTR
74B8: .core.__LTI32
74CC: .core.__MUL32_64START
74D6: .core.__LMUL
74E3: .core.__LMULLOOP
74EA: .core.__LMULNOADD
74F4: .core.__LMULSTART
7500: .core.__MULF16
7513: .core.__ROUND_FIX
752A: .core.__MODF16
7550: .core.__PISTORE32
7556: .core.__ISTORE32
755A: .core.__STORE32
7562: .core.__PSTORE32
756B: .core.__REALLOC
759F: .core.__STRASSIGN
75D3: .core.__STRCPY
75E8: .core.__PISTORE_STR
75EC: .core.__ISTORE_STR
75F0: .core.__STORE_STR
7600: .core.__FPSTACK_PUSH2
7611: .core.__FPSTACK_I16
761C: .core.SCREEN_ADDR
761E: .core.SCREEN_ATTR_ADDR
7620: .core.__zxnbackup_sysvar_bank
7636: .core.__zxnbackup_sysvar_bank_restore
763B: .core.__STR
763B: .core.__STR_FAST
7676: .core.__STR_BANKS
7679: .core.__I8TOFREG
767F: .core.__I32TOFREG
768D: .core.__U8TOFREG
7692: .core.__U32TOFREG
76A6: .core.__U32TOFREG_LOOP