6000: .core.__START_PROGRAM
6015: .core.__CALL_BACK__
6017: .core.ZXBASIC_MEM_HEAP
6017: .core.ZXBASIC_USER_DATA
6817: ._a
681C: ._pcounter
681D: ._pcounter2
681E: ._position
681F: ._sx
6820: ._sy
6821: ._dg
6822: ._dh
6823: ._delay
6824: .core.ZXBASIC_USER_DATA_END
6824: .core.__MAIN_PROGRAM__
682D: .core.__END_PROGRAM
6845: .LABEL._filename
6845: .filename
6985: .endfilename
6985: .nbtempstackstart
6988: .shadowlayerbit
6989: .LABEL._sintable
6989: .nextbuild_file_end
6C09: .LABEL._sintable2
6D0F: ._NStr
6D2F: .CharToAsc
6D58: ._NStr__leave
6D6E: ._checkints
6D83: .itbuff
6D84: ._checkints__leave
6D85: ._InitSprites2
6DB3: ._InitSprites2__leave
6DB4: ._UpdateSprite
6DE8: ._UpdateSprite__leave
6DEC: .__EXIT_FUNCTION
6DF6: ._L2Text
6E49: .PlotTextTile
6E7F: .textfontdone
6E84: .endofl2text
6E8B: ._L2Text__leave
6EA5: ._CLS256
6EAD: .Cls256
6EC8: .LoadAll
6ECE: .ClearLoop
6EF1: ._CLS256__leave
6EFA: ._WaitRetrace
6F15: ._WaitRetrace__leave
6F1E: ._GetKey2
6F6C: ._GetKey2__leave
6F6D: ._fSin
6F98: .LABEL.__LABEL0
6FD3: .LABEL.__LABEL2
7012: .LABEL.__LABEL3
7051: .LABEL.__LABEL4
7055: .LABEL.__LABEL5
708D: .LABEL.__LABEL7
714C: .LABEL._sinetable
717A: ._fSin__leave
7184: ._Init
7188: ._Init__leave
7189: ._Main
71C2: .LABEL.__LABEL10
720A: .LABEL.__LABEL12
723C: .LABEL.__LABEL14
7251: .LABEL.__LABEL18
725B: .LABEL.__LABEL11
7260: ._Main__leave
7261: ._draw_sprites
7280: .LABEL.__LABEL23
7302: .LABEL.__LABEL25
7306: .LABEL.__LABEL26
7329: .LABEL.__LABEL20
7334: ._draw_sprites__leave
7339: .LABEL.__LABEL8
734B: .LABEL.__LABEL9
7369: .core.__ABS32
736C: .core.__NEG32
737E: .core.__DIVU32
7382: .core.__DIVU32START
7395: .core.__DIV32LOOP
73B4: .core.__DIV32NOADD
73C2: .core.__MODU32
73C9: .core.__MODU32START
73D0: .core.__DIVI32
73D4: .core.__DIVI32START
73F1: .core.__MODI32
73FB: .core.__DIVF16
7400: .core.__DIVF16START
7413: .core.__SHIFTALOOP
7422: .core.__SHIFTB
7425: .core.__SHIFTBLOOP
7434: .core.__DOF16_DIVIDE
7437: .core.__DOF16_DIVRDY
7443: .core.__SHIFTCLOOP
744A: .core.__ENDF16DIV
7451: .core.__I8TOFREG
7457: .core.__I32TOFREG
7465: .core.__U8TOFREG
746A: .core.__U32TOFREG
747E: .core.__U32TOFREG_LOOP
74A0: .core.__FTOU32REG
74BD: .core.__FTOU32REG_LOOP
74D1: .core.__FTOU32REG_END
74E9: .core.__FTOU8
74EE: .core.__FPSTACK_PUSH2
74FF: .core.__FPSTACK_I16
750A: .core.__EQF
7518: .core.__MEM_INIT
751E: .core.__MEM_INIT2
753C: .core.MEM_FREE
753C: .core.__MEM_FREE
758E: .core.__SUB32
75A2: .core.__LEI32
75BF: .core.__ERROR
75C3: .core.__ERROR_CODE
75C5: .core.__STOP
75C9: .core.MEM_ALLOC
75C9: .core.__MEM_ALLOC
7618: .core.__ILOADSTR
761F: .core.__LOADSTR
7638: .core.__LTI32
764C: .core.__MUL32_64START
7656: .core.__LMUL
7663: .core.__LMULLOOP
766A: .core.__LMULNOADD
7674: .core.__LMULSTART
7680: .core.__MULF16
7693: .core.__ROUND_FIX
76AA: .core.__MODF16
76D0: .core.__PISTORE32
76D6: .core.__ISTORE32
76DA: .core.__STORE32
76E2: .core.__PSTORE32
76EB: .core.__FP_PUSH_REV
76FE: .core.__PISTOREF
7705: .core.__ISTOREF
770B: .core.__STOREF