E000: .core.__START_PROGRAM
E015: .core.__CALL_BACK__
E017: .core.ZXBASIC_MEM_HEAP
E017: .core.ZXBASIC_USER_DATA
E317: ._common
E319: .core.ZXBASIC_USER_DATA_END
E319: .core.__MAIN_PROGRAM__
E323: .LABEL._filename
E323: .filename
E423: .endfilename
E423: .shadowlayerbit
E43F: .LABEL._ExitToBasic
E464: .core.__END_PROGRAM
E471: ._checkints
E486: .itbuff
E487: ._checkints__leave
E488: ._LoadSD
E4AF: .carryon
E509: .LABEL._filesize
E509: .filesize
E55F: .loadsdout2
E562: ._LoadSD__leave
E57C: ._SetLoadModule
E596: ._SetLoadModule__leave
E5A1: ._NStr
E5BC: .CharToAsc
E5DE: ._NStr__leave
E5DF: ._fSin
E60A: .LABEL.__LABEL1
E645: .LABEL.__LABEL3
E684: .LABEL.__LABEL4
E6C3: .LABEL.__LABEL5
E6C7: .LABEL.__LABEL6
E6FF: .LABEL.__LABEL8
E7BE: .LABEL._sinetable
E7EC: ._fSin__leave
E7F6: ._Main
E80C: .LABEL._MainLoop
E812: ._Main__leave
E813: ._ExecModule
E874: .execmodule_end
E877: ._ExecModule__leave
E889: .LABEL.__LABEL0
E88C: .LABEL.__LABEL9
E894: .LABEL.__LABEL10
E89A: .core.SCREEN_ADDR
E89C: .core.SCREEN_ATTR_ADDR
E89E: .core.__ERROR
E8A2: .core.__ERROR_CODE
E8A4: .core.__STOP
E8A8: .core.__IN_SCREEN
E8B2: .core.__OUT_OF_SCREEN_ERR
E8B7: .core.__ATTR_ADDR
E8C8: .core.SET_ATTR
E8CF: .core.__SET_ATTR
E8CF: .core.__SET_ATTR2
E8DC: .core.__LOAD_S_POSN
E8E8: .core.__SAVE_S_POSN
E8F1: .core.__SET_SCR_PTR
E90E: .core.__zxnbackup_sysvar_bank
E924: .core.__zxnbackup_sysvar_bank_restore
E929: .core.CLS
E95D: .core.COPY_ATTR
E972: .core.__SET_ATTR_MODE
E97E: .core.__ABS32
E981: .core.__NEG32
E993: .core.__DIVU32
E997: .core.__DIVU32START
E9AA: .core.__DIV32LOOP
E9C9: .core.__DIV32NOADD
E9D7: .core.__MODU32
E9DE: .core.__MODU32START
E9E5: .core.__DIVI32
E9E9: .core.__DIVI32START
EA06: .core.__MODI32
EA10: .core.__DIVF16
EA15: .core.__DIVF16START
EA28: .core.__SHIFTALOOP
EA37: .core.__SHIFTB
EA3A: .core.__SHIFTBLOOP
EA49: .core.__DOF16_DIVIDE
EA4C: .core.__DOF16_DIVRDY
EA58: .core.__SHIFTCLOOP
EA5F: .core.__ENDF16DIV
EA66: .core.__MEM_INIT
EA6C: .core.__MEM_INIT2
EA8A: .core.MEM_FREE
EA8A: .core.__MEM_FREE
EADC: .core.__SUB32
EAF0: .core.__LEI32
EB0D: .core.MEM_ALLOC
EB0D: .core.__MEM_ALLOC
EB5C: .core.__ILOADSTR
EB63: .core.__LOADSTR
EB7C: .core.__LTI32
EB90: .core.__MUL32_64START
EB9A: .core.__LMUL
EBA7: .core.__LMULLOOP
EBAE: .core.__LMULNOADD
EBB8: .core.__LMULSTART
EBC4: .core.__MULF16
EBD7: .core.__ROUND_FIX
EBEE: .core.__MODF16
EC14: .core.PAPER
EC39: .core.PAPER_TMP
EC42: .core.__PISTORE32
EC48: .core.__ISTORE32
EC4C: .core.__STORE32
EC54: .core.__PSTORE32
EC5D: .core.__PISTORE_STR2
EC61: .core.__ISTORE_STR2
EC65: .core.__STORE_STR2
EC75: .core.__PSTORE_STR2
EC7C: .core.__REALLOC
ECB0: .core.__STRASSIGN
ECE4: .core.__STRCPY
ECF9: .core.__PISTORE_STR
ECFD: .core.__ISTORE_STR
ED01: .core.__STORE_STR
ED11: .core.__STRLEN
ED19: .core.__ADDSTR
ED19: .core.__STRCAT2
ED42: .core.__STR_CONT1
ED4B: .core.__STRCAT