E000: .core.__START_PROGRAM
E015: .core.__CALL_BACK__
E017: .core.ZXBASIC_MEM_HEAP
E017: .core.ZXBASIC_USER_DATA
E317: ._common
E319: ._a
E31E: .core.ZXBASIC_USER_DATA_END
E31E: .core.__MAIN_PROGRAM__
E328: .LABEL._filename
E328: .filename
E468: .endfilename
E468: .shadowlayerbit
E469: .nextbuild_file_end
E48D: .LABEL._ExitToBasic
E4B2: .core.__END_PROGRAM
E4C0: ._checkints
E4D5: .itbuff
E4D6: ._checkints__leave
E4D7: ._LoadSD
E4FE: .carryon
E558: .LABEL._filesize
E558: .filesize
E5AE: .loadsdout2
E5B1: ._LoadSD__leave
E5CB: ._SetLoadModule
E5E5: ._SetLoadModule__leave
E5F0: ._fSin
E61B: .LABEL.__LABEL0
E656: .LABEL.__LABEL2
E695: .LABEL.__LABEL3
E6D4: .LABEL.__LABEL4
E6D8: .LABEL.__LABEL5
E710: .LABEL.__LABEL7
E7CF: .LABEL._sinetable
E7FD: ._fSin__leave
E807: ._Main
E81D: .LABEL._MainLoop
E823: ._Main__leave
E824: ._ExecModule
E882: .execmodule_end
E885: ._ExecModule__leave
E897: .LABEL.__LABEL8
E89F: .LABEL.__LABEL9
E8A5: .core.SCREEN_ADDR
E8A7: .core.SCREEN_ATTR_ADDR
E8A9: .core.__ERROR
E8AD: .core.__ERROR_CODE
E8AF: .core.__STOP
E8B3: .core.__IN_SCREEN
E8BD: .core.__OUT_OF_SCREEN_ERR
E8C2: .core.__ATTR_ADDR
E8D3: .core.SET_ATTR
E8DA: .core.__SET_ATTR
E8DA: .core.__SET_ATTR2
E8E7: .core.__LOAD_S_POSN
E8F3: .core.__SAVE_S_POSN
E8FC: .core.__SET_SCR_PTR
E919: .core.__zxnbackup_sysvar_bank
E92F: .core.__zxnbackup_sysvar_bank_restore
E934: .core.CLS
E968: .core.__ABS32
E96B: .core.__NEG32
E97D: .core.__DIVU32
E981: .core.__DIVU32START
E994: .core.__DIV32LOOP
E9B3: .core.__DIV32NOADD
E9C1: .core.__MODU32
E9C8: .core.__MODU32START
E9CF: .core.__DIVI32
E9D3: .core.__DIVI32START
E9F0: .core.__MODI32
E9FA: .core.__DIVF16
E9FF: .core.__DIVF16START
EA12: .core.__SHIFTALOOP
EA21: .core.__SHIFTB
EA24: .core.__SHIFTBLOOP
EA33: .core.__DOF16_DIVIDE
EA36: .core.__DOF16_DIVRDY
EA42: .core.__SHIFTCLOOP
EA49: .core.__ENDF16DIV
EA50: .core.__MEM_INIT
EA56: .core.__MEM_INIT2
EA74: .core.MEM_FREE
EA74: .core.__MEM_FREE
EAC6: .core.__SUB32
EADA: .core.__LEI32
EAF7: .core.MEM_ALLOC
EAF7: .core.__MEM_ALLOC
EB46: .core.__ILOADSTR
EB4D: .core.__LOADSTR
EB66: .core.__LTI32
EB7A: .core.__MUL32_64START
EB84: .core.__LMUL
EB91: .core.__LMULLOOP
EB98: .core.__LMULNOADD
EBA2: .core.__LMULSTART
EBAE: .core.__MULF16
EBC1: .core.__ROUND_FIX
EBD8: .core.__MODF16
EBFE: .core.PAPER
EC23: .core.PAPER_TMP
EC2C: .core.__PISTORE32
EC32: .core.__ISTORE32
EC36: .core.__STORE32
EC3E: .core.__PSTORE32
EC47: .core.__PISTORE_STR2
EC4B: .core.__ISTORE_STR2
EC4F: .core.__STORE_STR2
EC5F: .core.__PSTORE_STR2
EC66: .core.__FPSTACK_PUSH2
EC77: .core.__FPSTACK_I16
EC82: .core.__STR
EC82: .core.__STR_FAST
ECBD: .core.__STR_BANKS
ECC0: .core.__STRLEN
ECC8: .core.__ADDSTR
ECC8: .core.__STRCAT2
ECF1: .core.__STR_CONT1
ECFA: .core.__STRCAT
ED1D: .core.__I8TOFREG
ED23: .core.__I32TOFREG
ED31: .core.__U8TOFREG
ED36: .core.__U32TOFREG
ED4A: .core.__U32TOFREG_LOOP