E000: .core.__START_PROGRAM
E015: .core.__CALL_BACK__
E017: .core.ZXBASIC_MEM_HEAP
E017: .core.ZXBASIC_USER_DATA
E317: ._common
E319: ._a
E31E: .core.ZXBASIC_USER_DATA_END
E31E: .core.__MAIN_PROGRAM__
E328: .LABEL._filename
E328: .filename
E468: .endfilename
E468: .shadowlayerbit
E469: .nextbuild_file_end
E48D: .LABEL._ExitToBasic
E4B2: .core.__END_PROGRAM
E4C0: ._checkints
E4D5: .itbuff
E4D6: ._checkints__leave
E4D7: ._LoadSD
E4FE: .carryon
E558: .LABEL._filesize
E558: .filesize
E5AE: .loadsdout2
E5B1: ._LoadSD__leave
E5CB: ._SetLoadModule
E5E5: ._SetLoadModule__leave
E5F0: ._fSin
E61B: .LABEL.__LABEL0
E656: .LABEL.__LABEL2
E695: .LABEL.__LABEL3
E6D4: .LABEL.__LABEL4
E6D8: .LABEL.__LABEL5
E710: .LABEL.__LABEL7
E7CF: .LABEL._sinetable
E7FD: ._fSin__leave
E807: ._Main
E81D: .LABEL._MainLoop
E823: ._Main__leave
E824: ._ExecModule
E882: .execmodule_end
E885: ._ExecModule__leave
E897: .LABEL.__LABEL8
E89F: .LABEL.__LABEL9
E8A5: .core.SCREEN_ADDR
E8A7: .core.SCREEN_ATTR_ADDR
E8A9: .core.__ERROR
E8AD: .core.__ERROR_CODE
E8AF: .core.__STOP
E8B3: .core.__IN_SCREEN
E8BD: .core.__OUT_OF_SCREEN_ERR
E8C2: .core.__ATTR_ADDR
E8D3: .core.SET_ATTR
E8DA: .core.__SET_ATTR
E8DA: .core.__SET_ATTR2
E8E7: .core.__LOAD_S_POSN
E8F3: .core.__SAVE_S_POSN
E8FC: .core.__SET_SCR_PTR
E919: .core.__zxnbackup_sysvar_bank
E937: .core.__zxnbackup_sysvar_bank_restore
E93C: .core.CLS
E970: .core.__ABS32
E973: .core.__NEG32
E985: .core.__DIVU32
E989: .core.__DIVU32START
E99C: .core.__DIV32LOOP
E9BB: .core.__DIV32NOADD
E9C9: .core.__MODU32
E9D0: .core.__MODU32START
E9D7: .core.__DIVI32
E9DB: .core.__DIVI32START
E9F8: .core.__MODI32
EA02: .core.__DIVF16
EA07: .core.__DIVF16START
EA1A: .core.__SHIFTALOOP
EA29: .core.__SHIFTB
EA2C: .core.__SHIFTBLOOP
EA3B: .core.__DOF16_DIVIDE
EA3E: .core.__DOF16_DIVRDY
EA4A: .core.__SHIFTCLOOP
EA51: .core.__ENDF16DIV
EA58: .core.__MEM_INIT
EA5E: .core.__MEM_INIT2
EA7C: .core.MEM_FREE
EA7C: .core.__MEM_FREE
EACE: .core.__SUB32
EAE2: .core.__LEI32
EAFF: .core.MEM_ALLOC
EAFF: .core.__MEM_ALLOC
EB4E: .core.__ILOADSTR
EB55: .core.__LOADSTR
EB6E: .core.__LTI32
EB82: .core.__MUL32_64START
EB8C: .core.__LMUL
EB99: .core.__LMULLOOP
EBA0: .core.__LMULNOADD
EBAA: .core.__LMULSTART
EBB6: .core.__MULF16
EBC9: .core.__ROUND_FIX
EBE0: .core.__MODF16
EC06: .core.PAPER
EC2B: .core.PAPER_TMP
EC34: .core.__PISTORE32
EC3A: .core.__ISTORE32
EC3E: .core.__STORE32
EC46: .core.__PSTORE32
EC4F: .core.__PISTORE_STR2
EC53: .core.__ISTORE_STR2
EC57: .core.__STORE_STR2
EC67: .core.__PSTORE_STR2
EC6E: .core.__FPSTACK_PUSH2
EC7F: .core.__FPSTACK_I16
EC8A: .core.__STR
EC8A: .core.__STR_FAST
ECC5: .core.__STR_BANKS
ECC9: .core.__STRLEN
ECD1: .core.__ADDSTR
ECD1: .core.__STRCAT2
ECFA: .core.__STR_CONT1
ED03: .core.__STRCAT
ED26: .core.__I8TOFREG
ED2C: .core.__I32TOFREG
ED3A: .core.__U8TOFREG
ED3F: .core.__U32TOFREG
ED53: .core.__U32TOFREG_LOOP