6000: .core.__START_PROGRAM
6015: .core.__CALL_BACK__
6017: .core.ZXBASIC_MEM_HEAP
6017: .core.ZXBASIC_USER_DATA
6817: .core.ZXBASIC_USER_DATA_END
6817: .core.__MAIN_PROGRAM__
6824: .LABEL._filename
6824: .filename
6964: .endfilename
6964: .shadowlayerbit
6965: .nextbuild_file_end
6968: .core.__END_PROGRAM
6976: ._NStr
6996: .CharToAsc
69BF: ._NStr__leave
69D5: ._checkints
69EA: .itbuff
69EB: ._checkints__leave
69EC: ._DoTileBank16
6A1D: .PlotTile16
6A44: .plotTilesLoop
6A60: ._DoTileBank16__leave
6A6C: ._L2Text
6ABF: .PlotTextTile
6AF5: .textfontdone
6AFA: .endofl2text
6B01: ._L2Text__leave
6B1B: ._CLS256
6B23: .Cls256
6B3E: .LoadAll
6B44: .ClearLoop
6B67: ._CLS256__leave
6B70: ._WaitKey
6BAC: .exit_wait_key
6BAD: ._WaitKey__leave
6BAE: ._SetLoadModule
6BC8: ._SetLoadModule__leave
6BD3: ._Main
6C86: .LABEL.__LABEL8
6C9A: .LABEL.__LABEL5
6CB5: ._Main__leave
6CBA: .LABEL.__LABEL0
6CC3: .LABEL.__LABEL1
6CCC: .LABEL.__LABEL2
6CD5: .LABEL.__LABEL3
6CDF: .LABEL.__LABEL4
6CFF: .core.__MEM_INIT
6D05: .core.__MEM_INIT2
6D23: .core.MEM_FREE
6D23: .core.__MEM_FREE
6D75: .core.__ERROR
6D79: .core.__ERROR_CODE
6D7B: .core.__STOP
6D7F: .core.MEM_ALLOC
6D7F: .core.__MEM_ALLOC
6DCE: .core.__ILOADSTR
6DD5: .core.__LOADSTR
6DEE: .core.__STRLEN
6DF6: .core.__ADDSTR
6DF6: .core.__STRCAT2
6E1F: .core.__STR_CONT1
6E28: .core.__STRCAT