6000: .core.__START_PROGRAM
6015: .core.__CALL_BACK__
6017: .core.ZXBASIC_MEM_HEAP
6017: .core.ZXBASIC_USER_DATA
6817: .core.ZXBASIC_USER_DATA_END
6817: .core.__MAIN_PROGRAM__
6824: .LABEL._filename
6824: .filename
6964: .endfilename
6964: .shadowlayerbit
6965: .nextbuild_file_end
6968: .core.__END_PROGRAM
6976: ._NStr
6996: .CharToAsc
69BF: ._NStr__leave
69D5: ._checkints
69EA: .itbuff
69EB: ._checkints__leave
69EC: ._L2Text
6A3F: .PlotTextTile
6A75: .textfontdone
6A7A: .endofl2text
6A81: ._L2Text__leave
6A9B: ._CLS256
6AA3: .Cls256
6ABE: .LoadAll
6AC4: .ClearLoop
6AE7: ._CLS256__leave
6AF0: ._WaitKey
6B2C: .exit_wait_key
6B2D: ._WaitKey__leave
6B2E: ._SetLoadModule
6B48: ._SetLoadModule__leave
6B53: ._Main
6C05: ._Main__leave
6C06: .LABEL.__LABEL0
6C0F: .LABEL.__LABEL1
6C18: .LABEL.__LABEL2
6C21: .LABEL.__LABEL3
6C2B: .LABEL.__LABEL4
6C4B: .core.__MEM_INIT
6C51: .core.__MEM_INIT2
6C6F: .core.MEM_FREE
6C6F: .core.__MEM_FREE
6CC1: .core.__ERROR
6CC5: .core.__ERROR_CODE
6CC7: .core.__STOP
6CCB: .core.MEM_ALLOC
6CCB: .core.__MEM_ALLOC
6D1A: .core.__ILOADSTR
6D21: .core.__LOADSTR
6D3A: .core.__STRLEN
6D42: .core.__ADDSTR
6D42: .core.__STRCAT2
6D6B: .core.__STR_CONT1
6D74: .core.__STRCAT