6000: .core.__START_PROGRAM
6015: .core.__CALL_BACK__
6017: .core.ZXBASIC_MEM_HEAP
6017: .core.ZXBASIC_USER_DATA
6417: .core.ZXBASIC_USER_DATA_END
6417: .core.__MAIN_PROGRAM__
6424: .LABEL._filename
6424: .filename
6564: .endfilename
6564: .shadowlayerbit
6565: .nextbuild_file_end
6568: .core.__END_PROGRAM
6576: ._NStr
6596: .CharToAsc
65BF: ._NStr__leave
65D5: ._checkints
65EA: .itbuff
65EB: ._checkints__leave
65EC: ._L2Text
663F: .PlotTextTile
6675: .textfontdone
667A: .endofl2text
6681: ._L2Text__leave
669B: ._CLS256
66A3: .Cls256
66BE: .LoadAll
66C4: .ClearLoop
66E7: ._CLS256__leave
66F0: ._WaitKey
672C: .exit_wait_key
672D: ._WaitKey__leave
672E: ._GetKey2
677C: ._GetKey2__leave
677D: ._GetKey
678A: .LABEL.__LABEL2
6798: .LABEL.__LABEL4
67AA: .LABEL.__LABEL5
67C0: .LABEL.__LABEL16
67CA: .LABEL.__LABEL7
67CD: ._GetKey__leave
67D6: ._Main
691B: ._Main__leave
691C: .LABEL.__LABEL8
6925: .LABEL.__LABEL9
692E: .LABEL.__LABEL10
6937: .LABEL.__LABEL11
6941: .LABEL.__LABEL12
6955: .LABEL.__LABEL13
696A: .LABEL.__LABEL14
6984: .LABEL.__LABEL15
699F: .core.__MEM_INIT
69A5: .core.__MEM_INIT2
69C3: .core.MEM_FREE
69C3: .core.__MEM_FREE
6A15: .core.__ERROR
6A19: .core.__ERROR_CODE
6A1B: .core.__STOP
6A1F: .core.MEM_ALLOC
6A1F: .core.__MEM_ALLOC
6A6E: .core.__ILOADSTR
6A75: .core.__LOADSTR
6A8E: .core.__STRLEN
6A96: .core.__ADDSTR
6A96: .core.__STRCAT2
6ABF: .core.__STR_CONT1
6AC8: .core.__STRCAT