E000: .core.__START_PROGRAM
E015: .core.__CALL_BACK__
E017: .core.ZXBASIC_MEM_HEAP
E017: .core.ZXBASIC_USER_DATA
E417: ._common
E419: .core.ZXBASIC_USER_DATA_END
E419: .core.__MAIN_PROGRAM__
E423: .LABEL._filename
E423: .filename
E563: .endfilename
E563: .shadowlayerbit
E564: .nextbuild_file_end
E56B: .core.__END_PROGRAM
E579: ._NStr
E596: .CharToAsc
E5BF: ._NStr__leave
E5D5: ._checkints
E5EA: .itbuff
E5EB: ._checkints__leave
E5EC: ._LoadSD
E613: .carryon
E66D: .LABEL._filesize
E66D: .filesize
E6C3: .loadsdout2
E6C6: ._LoadSD__leave
E6E0: ._SetLoadModule
E6FA: ._SetLoadModule__leave
E705: ._Main
E72D: .LABEL._MainBucle
E737: ._Main__leave
E738: ._ExecModule
E7A4: .execmodule_end
E7A7: ._ExecModule__leave
E7BD: .LABEL.__LABEL0
E7C5: .LABEL.__LABEL1
E7CB: .core.__MEM_INIT
E7D1: .core.__MEM_INIT2
E7EF: .core.MEM_FREE
E7EF: .core.__MEM_FREE
E841: .core.__ERROR
E845: .core.__ERROR_CODE
E847: .core.__STOP
E84B: .core.MEM_ALLOC
E84B: .core.__MEM_ALLOC
E89A: .core.__ILOADSTR
E8A1: .core.__LOADSTR
E8BA: .core.__PISTORE_STR2
E8BE: .core.__ISTORE_STR2
E8C2: .core.__STORE_STR2
E8D2: .core.__PSTORE_STR2
E8D9: .core.__STRLEN
E8E1: .core.__ADDSTR
E8E1: .core.__STRCAT2
E90A: .core.__STR_CONT1
E913: .core.__STRCAT
E936: .core.__STRSLICE
E93A: .core.__STRSLICE_FAST