6000: .core.__START_PROGRAM
6015: .core.__CALL_BACK__
6017: .core.ZXBASIC_MEM_HEAP
6017: .core.ZXBASIC_USER_DATA
6817: ._plx
6819: ._ply
681A: ._timer
681B: ._pframe
681C: ._ftimer
681D: ._oldplx
681E: ._oldply
681F: ._attr3
6820: ._pldx
6821: ._pldy
6822: ._x
6823: ._y
6824: ._tile
6825: .core.ZXBASIC_USER_DATA_END
6825: .core.__MAIN_PROGRAM__
6828: .nbtempstackstart
6832: .LABEL._filename
6832: .filename
6972: .endfilename
6972: .shadowlayerbit
6973: .nextbuild_file_end
69D5: .LABEL.__LABEL1
69E6: .LABEL._worldmap
69F9: .core.__END_PROGRAM
6A07: ._checkints
6A1C: .itbuff
6A1D: ._checkints__leave
6A1E: ._InitSprites2
6A4C: ._InitSprites2__leave
6A4D: ._UpdateSprite
6A81: ._UpdateSprite__leave
6A85: .__EXIT_FUNCTION
6A8F: ._DoTileBank8
6B03: ._DoTileBank8__leave
6B0F: ._L2Text
6B62: .PlotTextTile
6B98: .textfontdone
6B9D: .endofl2text
6BA4: ._L2Text__leave
6BBE: ._CLS256
6BC6: .Cls256
6BDD: .LoadAll
6BE3: .ClearLoop
6C06: ._CLS256__leave
6C0F: ._WaitRetrace2
6C30: ._WaitRetrace2__leave
6C31: ._MultiKeys
6C36: ._MultiKeys__leave
6C37: ._ReadKeyboard
6C56: .LABEL.__LABEL4
6C6D: .LABEL.__LABEL6
6C80: .LABEL.__LABEL8
6C93: ._ReadKeyboard__leave
6C94: ._UpdatePlayer
6CA1: .LABEL.__LABEL12
6CDA: .LABEL.__LABEL14
6CE9: .LABEL.__LABEL17
6CED: ._UpdatePlayer__leave
6CEE: ._DrawLevel
6D09: .LABEL.__LABEL22
6D39: .LABEL.__LABEL23
6D46: .LABEL.__LABEL19
6D7F: ._DrawLevel__leave
6D88: ._CheckCollision
6DCC: .LABEL.__LABEL27
6DDA: .LABEL.__LABEL28
6DED: .LABEL.__LABEL87
6E03: .LABEL.__LABEL89
6E35: .LABEL.__LABEL32
6E3F: .LABEL.__LABEL34
6E4B: .LABEL.__LABEL36
6E55: .LABEL.__LABEL38
6E69: .LABEL.__LABEL44
6EA9: .LABEL.__LABEL45
6EAC: .LABEL.__LABEL41
6EB5: .LABEL.__LABEL43
6EB8: .LABEL.__LABEL39
6EC8: .LABEL.__LABEL53
6F08: .LABEL.__LABEL54
6F0B: .LABEL.__LABEL50
6F14: .LABEL.__LABEL40
6F23: .LABEL.__LABEL57
6F2F: .LABEL.__LABEL58
6F42: .LABEL.__LABEL91
6F58: .LABEL.__LABEL93
6F8A: .LABEL.__LABEL62
6F94: .LABEL.__LABEL64
6F9E: .LABEL.__LABEL66
6FA8: .LABEL.__LABEL68
6FD9: .LABEL.__LABEL74
700F: .LABEL.__LABEL75
7012: .LABEL.__LABEL71
701B: .LABEL.__LABEL73
701E: .LABEL.__LABEL69
704B: .LABEL.__LABEL83
7073: .LABEL.__LABEL84
7076: .LABEL.__LABEL80
707F: .LABEL.__LABEL70
708F: ._CheckCollision__leave
7094: .LABEL.__LABEL0
709B: .LABEL.__LABEL26
70A3: .core.SCREEN_ADDR
70A5: .core.SCREEN_ATTR_ADDR
70A7: .core.__ERROR
70AB: .core.__ERROR_CODE
70AD: .core.__STOP
70B1: .core.__IN_SCREEN
70BB: .core.__OUT_OF_SCREEN_ERR
70C0: .core.__ATTR_ADDR
70D1: .core.SET_ATTR
70D8: .core.__SET_ATTR
70D8: .core.__SET_ATTR2
70E5: .core.__LOAD_S_POSN
70F1: .core.__SAVE_S_POSN
70FA: .core.__SET_SCR_PTR
7117: .core.__zxnbackup_sysvar_bank
712D: .core.__zxnbackup_sysvar_bank_restore
7132: .core.CLS
7166: .core.__MEM_INIT
716C: .core.__MEM_INIT2
718A: .core.MEM_FREE
718A: .core.__MEM_FREE
71DC: .core.INK
71FE: .core.INK_TMP
7207: .core.MEM_ALLOC
7207: .core.__MEM_ALLOC
7256: .core.__ILOADSTR
725D: .core.__LOADSTR
7276: .core.__MUL16
728D: .core.PAPER
72B2: .core.PAPER_TMP
72BB: .core.__FPSTACK_PUSH2
72CC: .core.__FPSTACK_I16
72D7: .core.__STR
72D7: .core.__STR_FAST
7312: .core.__STR_BANKS
7315: .core.__STRLEN
731D: .core.__ADDSTR
731D: .core.__STRCAT2
7346: .core.__STR_CONT1
734F: .core.__STRCAT
7372: .core.__ABS32
7375: .core.__NEG32
7387: .core.__I8TOFREG
738D: .core.__I32TOFREG
739B: .core.__U8TOFREG
73A0: .core.__U32TOFREG
73B4: .core.__U32TOFREG_LOOP