6000: .core.__START_PROGRAM
6015: .core.__CALL_BACK__
6017: .core.ZXBASIC_MEM_HEAP
6017: .core.ZXBASIC_USER_DATA
6817: ._px
6819: ._py
681A: ._pdir
681B: ._timer
681C: ._pframe
681D: ._ftimer
681E: .core.ZXBASIC_USER_DATA_END
681E: .core.__MAIN_PROGRAM__
6821: .nbtempstackstart
682B: .LABEL._filename
682B: .filename
696B: .endfilename
696B: .shadowlayerbit
696C: .nextbuild_file_end
6ADE: .LABEL.__LABEL2
6AED: .LABEL._worldmap
6B00: .core.__END_PROGRAM
6B0E: ._checkints
6B23: .itbuff
6B24: ._checkints__leave
6B25: ._InitSprites2
6B53: ._InitSprites2__leave
6B54: ._UpdateSprite
6B88: ._UpdateSprite__leave
6B8C: .__EXIT_FUNCTION
6B96: ._DoTileBank8
6C0A: ._DoTileBank8__leave
6C16: ._L2Text
6C69: .PlotTextTile
6C9F: .textfontdone
6CA4: .endofl2text
6CAB: ._L2Text__leave
6CC5: ._CLS256
6CCD: .Cls256
6CE4: .LoadAll
6CEA: .ClearLoop
6D0D: ._CLS256__leave
6D16: ._WaitRetrace
6D2A: ._WaitRetrace__leave
6D2B: ._GetKeyScanCode
6D3E: ._GetKeyScanCode__leave
6D3F: ._ReadKeyboard
6D5E: .LABEL.__LABEL4
6D7E: .LABEL.__LABEL6
6D9B: .LABEL.__LABEL8
6DB5: ._ReadKeyboard__leave
6DB6: ._UpdatePlayer
6DEE: .LABEL.__LABEL13
6DFD: .LABEL.__LABEL16
6E01: ._UpdatePlayer__leave
6E02: ._DrawLevel
6E20: .LABEL.__LABEL21
6E4E: .LABEL.__LABEL22
6E5B: .LABEL.__LABEL18
6E94: ._DrawLevel__leave
6E9D: .LABEL.__LABEL0
6EB4: .LABEL.__LABEL1
6EBB: .LABEL.__LABEL25
6EC3: .core.__EQ16
6EC9: .core.__MEM_INIT
6ECF: .core.__MEM_INIT2
6EED: .core.MEM_FREE
6EED: .core.__MEM_FREE
6F3F: .core.__ERROR
6F43: .core.__ERROR_CODE
6F45: .core.__STOP
6F49: .core.MEM_ALLOC
6F49: .core.__MEM_ALLOC
6F98: .core.__ILOADSTR
6F9F: .core.__LOADSTR
6FB8: .core.__FPSTACK_PUSH2
6FC9: .core.__FPSTACK_I16
6FD4: .core.SCREEN_ADDR
6FD6: .core.SCREEN_ATTR_ADDR
6FD8: .core.__zxnbackup_sysvar_bank
6FEE: .core.__zxnbackup_sysvar_bank_restore
6FF3: .core.__STR
6FF3: .core.__STR_FAST
702E: .core.__STR_BANKS
7031: .core.__STRLEN
7039: .core.__ADDSTR
7039: .core.__STRCAT2
7062: .core.__STR_CONT1
706B: .core.__STRCAT
708E: .core.__ABS32
7091: .core.__NEG32
70A3: .core.__I8TOFREG
70A9: .core.__I32TOFREG
70B7: .core.__U8TOFREG
70BC: .core.__U32TOFREG
70D0: .core.__U32TOFREG_LOOP