6000: .core.__START_PROGRAM
6015: .core.__CALL_BACK__
6017: .core.ZXBASIC_MEM_HEAP
6017: .core.ZXBASIC_USER_DATA
6817: ._plx
6819: ._ply
681A: ._timer
681B: ._pframe
681C: ._ftimer
681D: ._oldplx
681E: ._oldply
681F: ._attr3
6820: ._pldx
6821: ._pldy
6822: ._x
6823: ._y
6824: ._tile
6825: .core.ZXBASIC_USER_DATA_END
6825: .core.__MAIN_PROGRAM__
6828: .nbtempstackstart
6832: .LABEL._filename
6832: .filename
6972: .endfilename
6972: .shadowlayerbit
6973: .nextbuild_file_end
69D5: .LABEL.__LABEL1
69E6: .LABEL._worldmap
69F9: .core.__END_PROGRAM
6A07: ._checkints
6A1C: .itbuff
6A1D: ._checkints__leave
6A1E: ._InitSprites2
6A4C: ._InitSprites2__leave
6A4D: ._UpdateSprite
6A81: ._UpdateSprite__leave
6A85: .__EXIT_FUNCTION
6A8F: ._DoTileBank8
6B03: ._DoTileBank8__leave
6B0F: ._L2Text
6B62: .PlotTextTile
6B98: .textfontdone
6B9D: .endofl2text
6BA4: ._L2Text__leave
6BBE: ._CLS256
6BC6: .Cls256
6BDD: .LoadAll
6BE3: .ClearLoop
6C06: ._CLS256__leave
6C0F: ._WaitRetrace2
6C30: ._WaitRetrace2__leave
6C31: ._GetKeyScanCode
6C44: ._GetKeyScanCode__leave
6C45: ._ReadKeyboard
6C6A: .LABEL.__LABEL3
6C87: .LABEL.__LABEL5
6CA0: .LABEL.__LABEL7
6CB6: ._ReadKeyboard__leave
6CB7: ._UpdatePlayer
6CC4: .LABEL.__LABEL12
6CFD: .LABEL.__LABEL14
6D0C: .LABEL.__LABEL17
6D10: ._UpdatePlayer__leave
6D11: ._DrawLevel
6D2C: .LABEL.__LABEL22
6D5C: .LABEL.__LABEL23
6D69: .LABEL.__LABEL19
6DA2: ._DrawLevel__leave
6DAB: ._CheckCollision
6DEF: .LABEL.__LABEL27
6DFD: .LABEL.__LABEL28
6E10: .LABEL.__LABEL87
6E26: .LABEL.__LABEL89
6E58: .LABEL.__LABEL32
6E62: .LABEL.__LABEL34
6E6E: .LABEL.__LABEL36
6E78: .LABEL.__LABEL38
6E8C: .LABEL.__LABEL44
6ECC: .LABEL.__LABEL45
6ECF: .LABEL.__LABEL41
6ED8: .LABEL.__LABEL43
6EDB: .LABEL.__LABEL39
6EEB: .LABEL.__LABEL53
6F2B: .LABEL.__LABEL54
6F2E: .LABEL.__LABEL50
6F37: .LABEL.__LABEL40
6F46: .LABEL.__LABEL57
6F52: .LABEL.__LABEL58
6F65: .LABEL.__LABEL91
6F7B: .LABEL.__LABEL93
6FAD: .LABEL.__LABEL62
6FB7: .LABEL.__LABEL64
6FC1: .LABEL.__LABEL66
6FCB: .LABEL.__LABEL68
6FFC: .LABEL.__LABEL74
7032: .LABEL.__LABEL75
7035: .LABEL.__LABEL71
703E: .LABEL.__LABEL73
7041: .LABEL.__LABEL69
706E: .LABEL.__LABEL83
7096: .LABEL.__LABEL84
7099: .LABEL.__LABEL80
70A2: .LABEL.__LABEL70
70B2: ._CheckCollision__leave
70B7: .LABEL.__LABEL0
70BE: .LABEL.__LABEL26
70C6: .core.SCREEN_ADDR
70C8: .core.SCREEN_ATTR_ADDR
70CA: .core.__ERROR
70CE: .core.__ERROR_CODE
70D0: .core.__STOP
70D4: .core.__IN_SCREEN
70DE: .core.__OUT_OF_SCREEN_ERR
70E3: .core.__ATTR_ADDR
70F4: .core.SET_ATTR
70FB: .core.__SET_ATTR
70FB: .core.__SET_ATTR2
7108: .core.__LOAD_S_POSN
7114: .core.__SAVE_S_POSN
711D: .core.__SET_SCR_PTR
713A: .core.__zxnbackup_sysvar_bank
7150: .core.__zxnbackup_sysvar_bank_restore
7155: .core.CLS
7189: .core.__EQ16
718F: .core.__MEM_INIT
7195: .core.__MEM_INIT2
71B3: .core.MEM_FREE
71B3: .core.__MEM_FREE
7205: .core.INK
7227: .core.INK_TMP
7230: .core.MEM_ALLOC
7230: .core.__MEM_ALLOC
727F: .core.__ILOADSTR
7286: .core.__LOADSTR
729F: .core.__MUL16
72B6: .core.PAPER
72DB: .core.PAPER_TMP
72E4: .core.__FPSTACK_PUSH2
72F5: .core.__FPSTACK_I16
7300: .core.__STR
7300: .core.__STR_FAST
733B: .core.__STR_BANKS
733E: .core.__STRLEN
7346: .core.__ADDSTR
7346: .core.__STRCAT2
736F: .core.__STR_CONT1
7378: .core.__STRCAT
739B: .core.__ABS32
739E: .core.__NEG32
73B0: .core.__I8TOFREG
73B6: .core.__I32TOFREG
73C4: .core.__U8TOFREG
73C9: .core.__U32TOFREG
73DD: .core.__U32TOFREG_LOOP