6000: .core.__START_PROGRAM
6015: .core.__CALL_BACK__
6017: .core.ZXBASIC_MEM_HEAP
6017: .core.ZXBASIC_USER_DATA
6817: ._px
6819: ._py
681A: ._pdir
681B: ._timer
681C: ._pframe
681D: ._ftimer
681E: .core.ZXBASIC_USER_DATA_END
681E: .core.__MAIN_PROGRAM__
6821: .nbtempstackstart
682B: .LABEL._filename
682B: .filename
696B: .endfilename
696B: .shadowlayerbit
696C: .nextbuild_file_end
699F: .LABEL.__LABEL0
69AE: .LABEL._worldmap
69C1: .core.__END_PROGRAM
69CF: ._checkints
69E4: .itbuff
69E5: ._checkints__leave
69E6: ._InitSprites2
6A14: ._InitSprites2__leave
6A15: ._UpdateSprite
6A49: ._UpdateSprite__leave
6A4D: .__EXIT_FUNCTION
6A57: ._DoTileBank8
6ACB: ._DoTileBank8__leave
6AD7: ._L2Text
6B2A: .PlotTextTile
6B60: .textfontdone
6B65: .endofl2text
6B6C: ._L2Text__leave
6B86: ._CLS256
6B8E: .Cls256
6BA5: .LoadAll
6BAB: .ClearLoop
6BCE: ._CLS256__leave
6BD7: ._WaitRetrace
6BEB: ._WaitRetrace__leave
6BEC: ._GetKeyScanCode
6BFF: ._GetKeyScanCode__leave
6C00: ._ReadKeyboard
6C1F: .LABEL.__LABEL2
6C3F: .LABEL.__LABEL4
6C5C: .LABEL.__LABEL6
6C76: ._ReadKeyboard__leave
6C77: ._UpdatePlayer
6CAF: .LABEL.__LABEL11
6CBE: .LABEL.__LABEL14
6CC2: ._UpdatePlayer__leave
6CC3: ._DrawLevel
6CE1: .LABEL.__LABEL19
6D0F: .LABEL.__LABEL20
6D1C: .LABEL.__LABEL16
6D55: ._DrawLevel__leave
6D5E: .LABEL.__LABEL23
6D66: .core.__EQ16
6D6C: .core.__MEM_INIT
6D72: .core.__MEM_INIT2
6D90: .core.MEM_FREE
6D90: .core.__MEM_FREE
6DE2: .core.__ERROR
6DE6: .core.__ERROR_CODE
6DE8: .core.__STOP
6DEC: .core.MEM_ALLOC
6DEC: .core.__MEM_ALLOC
6E3B: .core.__FPSTACK_PUSH2
6E4C: .core.__FPSTACK_I16
6E57: .core.SCREEN_ADDR
6E59: .core.SCREEN_ATTR_ADDR
6E5B: .core.__zxnbackup_sysvar_bank
6E71: .core.__zxnbackup_sysvar_bank_restore
6E76: .core.__STR
6E76: .core.__STR_FAST
6EB1: .core.__STR_BANKS
6EB4: .core.__STRLEN
6EBC: .core.__ADDSTR
6EBC: .core.__STRCAT2
6EE5: .core.__STR_CONT1
6EEE: .core.__STRCAT
6F11: .core.__ABS32
6F14: .core.__NEG32
6F26: .core.__I8TOFREG
6F2C: .core.__I32TOFREG
6F3A: .core.__U8TOFREG
6F3F: .core.__U32TOFREG
6F53: .core.__U32TOFREG_LOOP