6000: .core.__START_PROGRAM
6015: .core.__CALL_BACK__
6017: .core.ZXBASIC_MEM_HEAP
6017: .core.ZXBASIC_USER_DATA
6217: ._plx
6218: ._ply
6219: ._pldx
621A: ._pldy
621B: ._worldpoint
621C: ._playerframe
621D: ._oldpx
621E: ._oldpy
621F: ._attr3
6220: ._firepressed
6221: ._firetimer
6222: ._playerframetimer
6223: ._playerframbase
6224: ._mapbuffer
6226: ._worldoffset
6228: .core.ZXBASIC_USER_DATA_END
6228: .core.__MAIN_PROGRAM__
622B: .nbtempstackstart
6235: .LABEL._filename
6235: .filename
6375: .endfilename
6375: .shadowlayerbit
6376: .nextbuild_file_end
63DD: .LABEL.__LABEL0
63EE: .LABEL._world
6436: .LABEL._map1
6436: .map1
64F6: .map2
65B6: .map3
6676: .map4
6736: .map5
67F6: .map6
68B9: .core.__END_PROGRAM
68C7: ._checkints
68DC: .itbuff
68DD: ._checkints__leave
68DE: ._InitSprites
68F6: .sploop
68FF: ._InitSprites__leave
690A: ._UpdateSprite
693E: ._UpdateSprite__leave
6942: .__EXIT_FUNCTION
694C: ._DoTileBank16
6979: .PlotTile16
69A0: .plotTilesLoop
69B5: ._DoTileBank16__leave
69C1: ._L2Text
6A14: .PlotTextTile
6A4A: .textfontdone
6A4F: .endofl2text
6A56: ._L2Text__leave
6A70: ._CLS256
6A78: .Cls256
6A8F: .LoadAll
6A95: .ClearLoop
6AB8: ._CLS256__leave
6AC1: ._ClipLayer2
6AE1: ._ClipLayer2__leave
6AED: ._ClipSprite
6B0D: ._ClipSprite__leave
6B19: ._WaitRetrace2
6B3A: ._WaitRetrace2__leave
6B3B: ._WaitKey
6B77: .exit_wait_key
6B78: ._WaitKey__leave
6B79: ._MultiKeys
6B7E: ._MultiKeys__leave
6B7F: ._GetKeyScanCode
6B92: ._GetKeyScanCode__leave
6B93: ._PlaySFX
6B96: ._PlaySFX__leave
6B97: ._InitMusic
6BD9: .aybank1
6BE1: .ayseta
6BED: .aysetde
6BFB: .aysetde2
6BFD: .aysetde1
6C0A: .exitplayerinit
6C16: .ayrepairestack
6C1A: .ayplayerstack
6C9A: .playmusicnl
6CE6: .exitplayernl
6CF2: .ayrepairestack2
6CF3: .re_init_music
6D01: .re_init_music2
6D03: .re_init_music1
6D1B: .mustplayernl
6D25: ._InitMusic__leave
6D26: ._SetUpIM
6E00: .IM_vector
6F02: ._exit_im_setup
6F09: ._SetUpIM__leave
6F0A: ._ISR
6F59: .no_sfx_to_play
6F62: .skipfxplayernl
6F72: .skipmusicplayer
6F88: .out_isr_sp
700D: .temp_isr_sp
700F: ._ISR__leave
7010: .PlaySFX
7010: ._PlaySFXSys
7040: .AFXPLAY
7046: .afxBnkAdr
7054: .afxPlay0
7065: .afxPlay1
707F: ._PlaySFXSys__leave
7080: ._InitSFX
70B0: .AFXINIT
70BD: .afxInit0
70CC: .afxInit1
70EB: ._InitSFX__leave
70EC: .AFXFRAME
70EC: ._CallbackSFX
7121: .afxFrame0
7159: .afxFrame1
7168: .afxFrame2
716C: .afxFrame3
7171: .afxFrame4
717F: .afxFrame5
7186: .afxFrame6
7192: .afxFrame7
71C2: ._CallbackSFX__leave
71C3: ._CheckCollision
71FE: .LABEL.__LABEL2
7209: .LABEL.__LABEL3
721C: .LABEL.__LABEL103
722A: .LABEL.__LABEL104
7238: .LABEL.__LABEL105
7246: .LABEL.__LABEL106
7259: .LABEL.__LABEL7
7263: .LABEL.__LABEL9
726D: .LABEL.__LABEL11
7277: .LABEL.__LABEL13
728B: .LABEL.__LABEL19
72BE: .LABEL.__LABEL20
72C1: .LABEL.__LABEL16
72CD: .LABEL.__LABEL14
72DD: .LABEL.__LABEL28
7310: .LABEL.__LABEL29
7313: .LABEL.__LABEL25
731C: .LABEL.__LABEL15
732B: .LABEL.__LABEL32
7337: .LABEL.__LABEL33
734A: .LABEL.__LABEL111
7358: .LABEL.__LABEL112
7366: .LABEL.__LABEL113
7374: .LABEL.__LABEL114
7387: .LABEL.__LABEL37
7391: .LABEL.__LABEL39
739B: .LABEL.__LABEL41
73C5: .LABEL.__LABEL47
73EF: .LABEL.__LABEL48
73F2: .LABEL.__LABEL44
73FE: .LABEL.__LABEL42
7424: .LABEL.__LABEL56
7449: .LABEL.__LABEL57
744C: .LABEL.__LABEL53
7455: .LABEL.__LABEL43
746C: .LABEL.__LABEL60
7482: .LABEL.__LABEL62
749E: .LABEL.__LABEL64
74B5: .LABEL.__LABEL61
74C1: ._CheckCollision__leave
74C6: ._ReadKeys
74F6: .LABEL.__LABEL68
750D: .LABEL.__LABEL69
7527: .LABEL.__LABEL72
753F: .LABEL.__LABEL73
7552: .LABEL.__LABEL119
756A: .LABEL.__LABEL77
757A: .LABEL.__LABEL79
758A: .LABEL.__LABEL80
759B: .LABEL.__LABEL81
75BA: .LABEL.__LABEL86
75BE: ._ReadKeys__leave
75C3: ._UpdatePlayer
75E7: ._UpdatePlayer__leave
75E8: ._drawmap
763D: .LABEL.__LABEL91
7644: .LABEL.__LABEL96
7675: .LABEL.__LABEL93
7680: .LABEL.__LABEL88
76BD: ._drawmap__leave
76C2: ._intro
773F: ._intro__leave
7740: .LABEL.__LABEL98
775E: .LABEL.__LABEL99
777C: .LABEL.__LABEL100
778E: .LABEL.__LABEL101
77AC: .LABEL.__LABEL102
77C1: .core.SCREEN_ADDR
77C3: .core.SCREEN_ATTR_ADDR
77C5: .core.__ERROR
77C9: .core.__ERROR_CODE
77CB: .core.__STOP
77CF: .core.__IN_SCREEN
77D9: .core.__OUT_OF_SCREEN_ERR
77DE: .core.__ATTR_ADDR
77EF: .core.SET_ATTR
77F6: .core.__SET_ATTR
77F6: .core.__SET_ATTR2
7803: .core.__LOAD_S_POSN
780F: .core.__SAVE_S_POSN
7818: .core.__SET_SCR_PTR
7835: .core.__zxnbackup_sysvar_bank
784B: .core.__zxnbackup_sysvar_bank_restore
7850: .core.CLS
7884: .core.__EQ16
788A: .core.__MEM_INIT
7890: .core.__MEM_INIT2
78AE: .core.MEM_FREE
78AE: .core.__MEM_FREE
7900: .core.INK
7922: .core.INK_TMP
792B: .core.MEM_ALLOC
792B: .core.__MEM_ALLOC
797A: .core.__ILOADSTR
7981: .core.__LOADSTR
799A: .core.__MUL16
79B1: .core.PAPER
79D6: .core.PAPER_TMP
79DF: .core.__FPSTACK_PUSH2
79F0: .core.__FPSTACK_I16
79FB: .core.__STR
79FB: .core.__STR_FAST
7A36: .core.__STR_BANKS
7A39: .core.__ABS32
7A3C: .core.__NEG32
7A4E: .core.__I8TOFREG
7A54: .core.__I32TOFREG
7A62: .core.__U8TOFREG
7A67: .core.__U32TOFREG
7A7B: .core.__U32TOFREG_LOOP