6000: .core.__START_PROGRAM
6015: .core.__CALL_BACK__
6017: .core.ZXBASIC_MEM_HEAP
6017: .core.ZXBASIC_USER_DATA
6217: ._plx
6218: ._ply
6219: ._pldx
621A: ._pldy
621B: ._worldpoint
621C: ._playerframe
621D: ._oldpx
621E: ._oldpy
621F: ._attr3
6220: ._firepressed
6221: ._firetimer
6222: ._playerframetimer
6223: ._playerframbase
6224: ._mapbuffer
6226: ._worldoffset
6228: .core.ZXBASIC_USER_DATA_END
6228: .core.__MAIN_PROGRAM__
6232: .LABEL._filename
6232: .filename
6372: .endfilename
6372: .nbtempstackstart
6375: .shadowlayerbit
6376: .nextbuild_file_end
63DF: .LABEL.__LABEL0
63F0: .LABEL._world
6438: .LABEL._map1
6438: .map1
64F8: .map2
65B8: .map3
6678: .map4
6738: .map5
67F8: .map6
68BB: .core.__END_PROGRAM
68C9: ._checkints
68DE: .itbuff
68DF: ._checkints__leave
68E0: ._ScrollLayer
68E9: ._ScrollLayer__leave
68EA: ._InitSprites
6902: .sploop
690B: ._InitSprites__leave
6916: ._UpdateSprite
694A: ._UpdateSprite__leave
694E: .__EXIT_FUNCTION
6958: ._DoTileBank16
6985: .PlotTile16
69AC: .plotTilesLoop
69C1: ._DoTileBank16__leave
69CD: ._L2Text
6A20: .PlotTextTile
6A56: .textfontdone
6A5B: .endofl2text
6A62: ._L2Text__leave
6A7C: ._CLS256
6A84: .Cls256
6A9B: .LoadAll
6AA1: .ClearLoop
6AC4: ._CLS256__leave
6ACD: ._ClipLayer2
6AED: ._ClipLayer2__leave
6AF9: ._ClipSprite
6B19: ._ClipSprite__leave
6B25: ._WaitRetrace
6B39: ._WaitRetrace__leave
6B3A: ._WaitRetrace2
6B5B: ._WaitRetrace2__leave
6B5C: ._WaitKey
6B98: .exit_wait_key
6B99: ._WaitKey__leave
6B9A: ._PlaySFX
6B9D: ._PlaySFX__leave
6B9E: ._InitMusic
6BE0: .aybank1
6BE8: .ayseta
6BF4: .aysetde
6C02: .aysetde2
6C04: .aysetde1
6C11: .exitplayerinit
6C1D: .ayrepairestack
6C21: .ayplayerstack
6CA1: .playmusicnl
6CED: .exitplayernl
6CF9: .ayrepairestack2
6CFA: .re_init_music
6D08: .re_init_music2
6D0A: .re_init_music1
6D22: .mustplayernl
6D2C: ._InitMusic__leave
6D2D: ._SetUpIM
6E00: .IM_vector
6F02: ._exit_im_setup
6F09: ._SetUpIM__leave
6F0A: ._ISR
6F59: .no_sfx_to_play
6F62: .skipfxplayernl
6F72: .skipmusicplayer
6F88: .out_isr_sp
700D: .temp_isr_sp
700F: ._ISR__leave
7010: .PlaySFX
7010: ._PlaySFXSys
7040: .AFXPLAY
7046: .afxBnkAdr
7054: .afxPlay0
7065: .afxPlay1
707F: ._PlaySFXSys__leave
7080: ._InitSFX
70B0: .AFXINIT
70BD: .afxInit0
70CC: .afxInit1
70EB: ._InitSFX__leave
70EC: .AFXFRAME
70EC: ._CallbackSFX
7121: .afxFrame0
7159: .afxFrame1
7168: .afxFrame2
716C: .afxFrame3
7171: .afxFrame4
717F: .afxFrame5
7186: .afxFrame6
7192: .afxFrame7
71C2: ._CallbackSFX__leave
71C3: ._MultiKeys
71C8: ._MultiKeys__leave
71C9: ._GetKeyScanCode
71DC: ._GetKeyScanCode__leave
71DD: ._CheckCollision
7218: .LABEL.__LABEL2
7223: .LABEL.__LABEL3
7236: .LABEL.__LABEL151
7244: .LABEL.__LABEL152
7252: .LABEL.__LABEL153
7260: .LABEL.__LABEL154
7273: .LABEL.__LABEL7
727D: .LABEL.__LABEL9
7287: .LABEL.__LABEL11
7291: .LABEL.__LABEL13
72A5: .LABEL.__LABEL19
72D8: .LABEL.__LABEL20
72DB: .LABEL.__LABEL16
72E7: .LABEL.__LABEL14
72F7: .LABEL.__LABEL28
732A: .LABEL.__LABEL29
732D: .LABEL.__LABEL25
7336: .LABEL.__LABEL15
7345: .LABEL.__LABEL32
7351: .LABEL.__LABEL33
7364: .LABEL.__LABEL159
7372: .LABEL.__LABEL160
7380: .LABEL.__LABEL161
738E: .LABEL.__LABEL162
73A1: .LABEL.__LABEL37
73AB: .LABEL.__LABEL39
73B5: .LABEL.__LABEL41
73DF: .LABEL.__LABEL47
7409: .LABEL.__LABEL48
740C: .LABEL.__LABEL44
7418: .LABEL.__LABEL42
743E: .LABEL.__LABEL56
7463: .LABEL.__LABEL57
7466: .LABEL.__LABEL53
746F: .LABEL.__LABEL43
7488: .LABEL.__LABEL60
74A1: .LABEL.__LABEL62
74BB: .LABEL.__LABEL64
74D0: .LABEL.__LABEL61
74DC: ._CheckCollision__leave
74E1: ._ReadKeys
7511: .LABEL.__LABEL68
7528: .LABEL.__LABEL69
7542: .LABEL.__LABEL72
755A: .LABEL.__LABEL73
756D: .LABEL.__LABEL167
7585: .LABEL.__LABEL77
7595: .LABEL.__LABEL79
75A5: .LABEL.__LABEL80
75B6: .LABEL.__LABEL81
75D5: .LABEL.__LABEL86
75D9: ._ReadKeys__leave
75DE: ._UpdatePlayer
7602: ._UpdatePlayer__leave
7603: ._DrawMapSlide
764F: .LABEL.__LABEL93
7678: .LABEL.__LABEL98
76AC: .LABEL.__LABEL95
76C2: .LABEL.__LABEL90
76CD: .LABEL.__LABEL88
76E3: .LABEL.__LABEL105
770E: .LABEL.__LABEL110
7744: .LABEL.__LABEL107
775A: .LABEL.__LABEL102
7765: .LABEL.__LABEL100
7778: .LABEL.__LABEL117
7792: .LABEL.__LABEL122
77C3: .LABEL.__LABEL119
77D9: .LABEL.__LABEL114
77E4: .LABEL.__LABEL112
77FF: .LABEL.__LABEL129
7819: .LABEL.__LABEL134
784C: .LABEL.__LABEL131
7872: .LABEL.__LABEL126
787A: .LABEL.__LABEL89
7895: ._DrawMapSlide__leave
789E: ._DrawMap
78F3: .LABEL.__LABEL139
78FA: .LABEL.__LABEL144
792B: .LABEL.__LABEL141
7936: .LABEL.__LABEL136
7973: ._DrawMap__leave
7978: ._intro
79F5: ._intro__leave
79F6: .LABEL.__LABEL146
7A14: .LABEL.__LABEL147
7A32: .LABEL.__LABEL148
7A44: .LABEL.__LABEL149
7A62: .LABEL.__LABEL150
7A77: .core.SCREEN_ADDR
7A79: .core.SCREEN_ATTR_ADDR
7A7B: .core.__ERROR
7A7F: .core.__ERROR_CODE
7A81: .core.__STOP
7A85: .core.__IN_SCREEN
7A8F: .core.__OUT_OF_SCREEN_ERR
7A94: .core.__ATTR_ADDR
7AA5: .core.SET_ATTR
7AAC: .core.__SET_ATTR
7AAC: .core.__SET_ATTR2
7AB9: .core.__LOAD_S_POSN
7AC5: .core.__SAVE_S_POSN
7ACE: .core.__SET_SCR_PTR
7AEB: .core.__zxnbackup_sysvar_bank
7B01: .core.__zxnbackup_sysvar_bank_restore
7B06: .core.CLS
7B3A: .core.__EQ16
7B40: .core.__MEM_INIT
7B46: .core.__MEM_INIT2
7B64: .core.MEM_FREE
7B64: .core.__MEM_FREE
7BB6: .core.INK
7BD8: .core.INK_TMP
7BE1: .core.MEM_ALLOC
7BE1: .core.__MEM_ALLOC
7C30: .core.__ILOADSTR
7C37: .core.__LOADSTR
7C50: .core.__MUL16
7C67: .core.PAPER
7C8C: .core.PAPER_TMP
7C95: .core.__FPSTACK_PUSH2
7CA6: .core.__FPSTACK_I16
7CB1: .core.__STR
7CB1: .core.__STR_FAST
7CEC: .core.__STR_BANKS
7CEF: .core.__ABS32
7CF2: .core.__NEG32
7D04: .core.__I8TOFREG
7D0A: .core.__I32TOFREG
7D18: .core.__U8TOFREG
7D1D: .core.__U32TOFREG
7D31: .core.__U32TOFREG_LOOP