6000: .core.__START_PROGRAM
6015: .core.__CALL_BACK__
6017: .core.ZXBASIC_MEM_HEAP
6017: .core.ZXBASIC_USER_DATA
6417: ._plx
6418: ._ply
6419: ._pldx
641A: ._pldy
641B: ._worldpoint
641C: ._playerframe
641D: ._oldpx
641E: ._oldpy
641F: ._attr3
6420: ._firepressed
6421: ._firetimer
6422: ._playerframetimer
6423: ._playerframbase
6424: ._mapbuffer
6426: ._worldoffset
6428: .core.ZXBASIC_USER_DATA_END
6428: .core.__MAIN_PROGRAM__
642B: .nbtempstackstart
6435: .LABEL._filename
6435: .filename
6575: .endfilename
6575: .shadowlayerbit
6576: .nextbuild_file_end
65B2: .startup
65C1: .irq
664F: .LABEL.__LABEL0
665E: .LABEL._world
66A6: .LABEL._map1
66A6: .map1
6766: .map2
6826: .map3
68E6: .map4
69A6: .map5
6A66: .map6
6B26: .test_waveforma
6B46: .test_waveformb
6B66: .test_waveformc
6B86: .noduty_waveform
6BA9: .core.__END_PROGRAM
6BB7: ._checkints
6BCC: .itbuff
6BCD: ._checkints__leave
6BCE: ._ScrollLayer
6BD7: ._ScrollLayer__leave
6BD8: ._InitSprites
6BF0: .sploop
6BF9: ._InitSprites__leave
6C04: ._UpdateSprite
6C38: ._UpdateSprite__leave
6C3C: .__EXIT_FUNCTION
6C46: ._DoTileBank16
6C73: .PlotTile16
6C9A: .plotTilesLoop
6CAF: ._DoTileBank16__leave
6CBB: ._L2Text
6D0E: .PlotTextTile
6D44: .textfontdone
6D49: .endofl2text
6D50: ._L2Text__leave
6D6A: ._ClipLayer2
6D8A: ._ClipLayer2__leave
6D96: ._ClipSprite
6DB6: ._ClipSprite__leave
6DC2: ._MultiKeys
6DC7: ._MultiKeys__leave
6DC8: ._GetKeyScanCode
6DDB: ._GetKeyScanCode__leave
6DDC: ._CheckCollision
6E17: .LABEL.__LABEL2
6E22: .LABEL.__LABEL3
6E35: .LABEL.__LABEL146
6E43: .LABEL.__LABEL147
6E51: .LABEL.__LABEL148
6E5F: .LABEL.__LABEL149
6E72: .LABEL.__LABEL7
6E7C: .LABEL.__LABEL9
6E86: .LABEL.__LABEL11
6E90: .LABEL.__LABEL13
6EA4: .LABEL.__LABEL19
6ED7: .LABEL.__LABEL20
6EDA: .LABEL.__LABEL16
6EE6: .LABEL.__LABEL14
6EF6: .LABEL.__LABEL28
6F29: .LABEL.__LABEL29
6F2C: .LABEL.__LABEL25
6F35: .LABEL.__LABEL15
6F44: .LABEL.__LABEL32
6F50: .LABEL.__LABEL33
6F63: .LABEL.__LABEL154
6F71: .LABEL.__LABEL155
6F7F: .LABEL.__LABEL156
6F8D: .LABEL.__LABEL157
6FA0: .LABEL.__LABEL37
6FAA: .LABEL.__LABEL39
6FB4: .LABEL.__LABEL41
6FDE: .LABEL.__LABEL47
7008: .LABEL.__LABEL48
700B: .LABEL.__LABEL44
7017: .LABEL.__LABEL42
703D: .LABEL.__LABEL56
7062: .LABEL.__LABEL57
7065: .LABEL.__LABEL53
706E: .LABEL.__LABEL43
7087: .LABEL.__LABEL60
70A0: .LABEL.__LABEL62
70BA: .LABEL.__LABEL64
70CF: .LABEL.__LABEL61
70DB: ._CheckCollision__leave
70E0: ._ReadKeys
7110: .LABEL.__LABEL68
7127: .LABEL.__LABEL69
7141: .LABEL.__LABEL72
7159: .LABEL.__LABEL73
716C: .LABEL.__LABEL162
717F: .LABEL.__LABEL77
718F: .LABEL.__LABEL79
719F: .LABEL.__LABEL80
71B0: .LABEL.__LABEL81
71CF: .LABEL.__LABEL86
71D3: ._ReadKeys__leave
71D8: ._UpdatePlayer
71FC: ._UpdatePlayer__leave
71FD: ._DrawMapSlide
7249: .LABEL.__LABEL93
726C: .LABEL.__LABEL98
72A0: .LABEL.__LABEL95
72B6: .LABEL.__LABEL90
72C1: .LABEL.__LABEL88
72D7: .LABEL.__LABEL105
72FA: .LABEL.__LABEL110
7330: .LABEL.__LABEL107
7346: .LABEL.__LABEL102
7351: .LABEL.__LABEL100
7364: .LABEL.__LABEL117
7378: .LABEL.__LABEL122
73A9: .LABEL.__LABEL119
73BF: .LABEL.__LABEL114
73CA: .LABEL.__LABEL112
73E5: .LABEL.__LABEL129
73F9: .LABEL.__LABEL134
742C: .LABEL.__LABEL131
7452: .LABEL.__LABEL126
745A: .LABEL.__LABEL89
7475: ._DrawMapSlide__leave
747E: ._DrawMap
74D3: .LABEL.__LABEL139
74DA: .LABEL.__LABEL144
750B: .LABEL.__LABEL141
7516: .LABEL.__LABEL136
7553: ._DrawMap__leave
7558: ._SetPSGClock
755C: ._SetPSGClock__leave
755D: .core.SCREEN_ADDR
755F: .core.SCREEN_ATTR_ADDR
7561: .core.__ERROR
7565: .core.__ERROR_CODE
7567: .core.__STOP
756B: .core.__IN_SCREEN
7575: .core.__OUT_OF_SCREEN_ERR
757A: .core.__ATTR_ADDR
758B: .core.SET_ATTR
7592: .core.__SET_ATTR
7592: .core.__SET_ATTR2
759F: .core.__LOAD_S_POSN
75AB: .core.__SAVE_S_POSN
75B4: .core.__SET_SCR_PTR
75D1: .core.__zxnbackup_sysvar_bank
75E7: .core.__zxnbackup_sysvar_bank_restore
75EC: .core.CLS
7620: .core.__EQ16
7626: .core.__MEM_INIT
762C: .core.__MEM_INIT2
764A: .core.MEM_FREE
764A: .core.__MEM_FREE
769C: .core.INK
76BE: .core.INK_TMP
76C7: .core.__MUL16
76DE: .core.PAPER
7703: .core.PAPER_TMP
770C: .core.MEM_ALLOC
770C: .core.__MEM_ALLOC
775B: .core.__FPSTACK_PUSH2
776C: .core.__FPSTACK_I16
7777: .core.__STR
7777: .core.__STR_FAST
77B2: .core.__STR_BANKS
77B5: .core.__ABS32
77B8: .core.__NEG32
77CA: .core.__I8TOFREG
77D0: .core.__I32TOFREG
77DE: .core.__U8TOFREG
77E3: .core.__U32TOFREG
77F7: .core.__U32TOFREG_LOOP